../stacks/tcpip/lwip/src/core/ipv6/nd6.c:147:1:nd6_duplicate_addr_detected	24	static
../stacks/tcpip/lwip/src/core/ipv6/nd6.c:186:1:nd6_process_autoconfig_prefix	64	static
../stacks/tcpip/lwip/src/core/ipv6/nd6.c:287:1:nd6_input	232	static
../stacks/tcpip/lwip/src/core/ipv6/nd6.c:959:1:nd6_tmr	24	static
../stacks/tcpip/lwip/src/core/ipv6/nd6.c:1168:1:nd6_send_neighbor_cache_probe	16	static
../stacks/tcpip/lwip/src/core/ipv6/nd6.c:1181:1:nd6_send_ns	64	static
../stacks/tcpip/lwip/src/core/ipv6/nd6.c:1266:1:nd6_send_na	64	static
../stacks/tcpip/lwip/src/core/ipv6/nd6.c:1341:1:nd6_send_rs	56	static
../stacks/tcpip/lwip/src/core/ipv6/nd6.c:1413:1:nd6_find_neighbor_cache_entry	16	static
../stacks/tcpip/lwip/src/core/ipv6/nd6.c:1434:1:nd6_new_neighbor_cache_entry	16	static
../stacks/tcpip/lwip/src/core/ipv6/nd6.c:1541:1:nd6_free_neighbor_cache_entry	16	static
../stacks/tcpip/lwip/src/core/ipv6/nd6.c:1572:1:nd6_find_destination_cache_entry	16	static
../stacks/tcpip/lwip/src/core/ipv6/nd6.c:1594:1:nd6_new_destination_cache_entry	8	static
../stacks/tcpip/lwip/src/core/ipv6/nd6.c:1625:1:nd6_clear_destination_cache	8	static
../stacks/tcpip/lwip/src/core/ipv6/nd6.c:1642:1:nd6_is_prefix_in_netif	16	static
../stacks/tcpip/lwip/src/core/ipv6/nd6.c:1682:1:nd6_select_router	16	static
../stacks/tcpip/lwip/src/core/ipv6/nd6.c:1754:1:nd6_find_route	24	static
../stacks/tcpip/lwip/src/core/ipv6/nd6.c:1790:1:nd6_get_router	16	static
../stacks/tcpip/lwip/src/core/ipv6/nd6.c:1817:1:nd6_new_router	24	static
../stacks/tcpip/lwip/src/core/ipv6/nd6.c:1880:1:nd6_get_onlink_prefix	16	static
../stacks/tcpip/lwip/src/core/ipv6/nd6.c:1904:1:nd6_new_onlink_prefix	16	static
../stacks/tcpip/lwip/src/core/ipv6/nd6.c:1936:1:nd6_get_next_hop_entry	24	static
../stacks/tcpip/lwip/src/core/ipv6/nd6.c:2063:1:nd6_queue_packet	40	static
../stacks/tcpip/lwip/src/core/ipv6/nd6.c:2167:1:nd6_free_q	24	static
../stacks/tcpip/lwip/src/core/ipv6/nd6.c:2188:1:nd6_send_q	48	static
../stacks/tcpip/lwip/src/core/ipv6/nd6.c:2259:1:nd6_get_next_hop_addr_or_queue	32	static
../stacks/tcpip/lwip/src/core/ipv6/nd6.c:2300:1:nd6_get_destination_mtu	24	static
../stacks/tcpip/lwip/src/core/ipv6/nd6.c:2330:1:nd6_reachability_hint	24	static
../stacks/tcpip/lwip/src/core/ipv6/nd6.c:2374:1:nd6_cleanup_netif	24	static
../stacks/tcpip/lwip/src/core/ipv6/nd6.c:2411:1:nd6_adjust_mld_membership	24	static
../stacks/tcpip/lwip/src/core/ipv6/nd6.c:2438:1:nd6_restart_netif	8	static
