Archive member included to satisfy reference by file (symbol)

c:/nxp/s32ds.3.5/s32ds/build_tools/gcc_v10.2/gcc-10.2-arm32-eabi/bin/../lib/gcc/arm-none-eabi/10.2.0/../../../../arm-none-eabi/lib/thumb/v7e-m+fp/hard\libc_nano.a(lib_a-sprintf.o)
                              ./LCD_Driver/src/ST7789_low_level.o (sprintf)
c:/nxp/s32ds.3.5/s32ds/build_tools/gcc_v10.2/gcc-10.2-arm32-eabi/bin/../lib/gcc/arm-none-eabi/10.2.0/../../../../arm-none-eabi/lib/thumb/v7e-m+fp/hard\libc_nano.a(lib_a-impure.o)
                              c:/nxp/s32ds.3.5/s32ds/build_tools/gcc_v10.2/gcc-10.2-arm32-eabi/bin/../lib/gcc/arm-none-eabi/10.2.0/../../../../arm-none-eabi/lib/thumb/v7e-m+fp/hard\libc_nano.a(lib_a-sprintf.o) (_impure_ptr)
c:/nxp/s32ds.3.5/s32ds/build_tools/gcc_v10.2/gcc-10.2-arm32-eabi/bin/../lib/gcc/arm-none-eabi/10.2.0/../../../../arm-none-eabi/lib/thumb/v7e-m+fp/hard\libc_nano.a(lib_a-nano-svfprintf.o)
                              c:/nxp/s32ds.3.5/s32ds/build_tools/gcc_v10.2/gcc-10.2-arm32-eabi/bin/../lib/gcc/arm-none-eabi/10.2.0/../../../../arm-none-eabi/lib/thumb/v7e-m+fp/hard\libc_nano.a(lib_a-sprintf.o) (_svfprintf_r)
c:/nxp/s32ds.3.5/s32ds/build_tools/gcc_v10.2/gcc-10.2-arm32-eabi/bin/../lib/gcc/arm-none-eabi/10.2.0/../../../../arm-none-eabi/lib/thumb/v7e-m+fp/hard\libc_nano.a(lib_a-nano-vfprintf_i.o)
                              c:/nxp/s32ds.3.5/s32ds/build_tools/gcc_v10.2/gcc-10.2-arm32-eabi/bin/../lib/gcc/arm-none-eabi/10.2.0/../../../../arm-none-eabi/lib/thumb/v7e-m+fp/hard\libc_nano.a(lib_a-nano-svfprintf.o) (_printf_i)
c:/nxp/s32ds.3.5/s32ds/build_tools/gcc_v10.2/gcc-10.2-arm32-eabi/bin/../lib/gcc/arm-none-eabi/10.2.0/../../../../arm-none-eabi/lib/thumb/v7e-m+fp/hard\libc_nano.a(lib_a-memchr.o)
                              c:/nxp/s32ds.3.5/s32ds/build_tools/gcc_v10.2/gcc-10.2-arm32-eabi/bin/../lib/gcc/arm-none-eabi/10.2.0/../../../../arm-none-eabi/lib/thumb/v7e-m+fp/hard\libc_nano.a(lib_a-nano-svfprintf.o) (memchr)
c:/nxp/s32ds.3.5/s32ds/build_tools/gcc_v10.2/gcc-10.2-arm32-eabi/bin/../lib/gcc/arm-none-eabi/10.2.0/../../../../arm-none-eabi/lib/thumb/v7e-m+fp/hard\libc_nano.a(lib_a-memcpy-stub.o)
                              c:/nxp/s32ds.3.5/s32ds/build_tools/gcc_v10.2/gcc-10.2-arm32-eabi/bin/../lib/gcc/arm-none-eabi/10.2.0/../../../../arm-none-eabi/lib/thumb/v7e-m+fp/hard\libc_nano.a(lib_a-nano-svfprintf.o) (memcpy)
c:/nxp/s32ds.3.5/s32ds/build_tools/gcc_v10.2/gcc-10.2-arm32-eabi/bin/../lib/gcc/arm-none-eabi/10.2.0/../../../../arm-none-eabi/lib/thumb/v7e-m+fp/hard\libc_nano.a(lib_a-memmove.o)
                              c:/nxp/s32ds.3.5/s32ds/build_tools/gcc_v10.2/gcc-10.2-arm32-eabi/bin/../lib/gcc/arm-none-eabi/10.2.0/../../../../arm-none-eabi/lib/thumb/v7e-m+fp/hard\libc_nano.a(lib_a-nano-svfprintf.o) (memmove)
c:/nxp/s32ds.3.5/s32ds/build_tools/gcc_v10.2/gcc-10.2-arm32-eabi/bin/../lib/gcc/arm-none-eabi/10.2.0/../../../../arm-none-eabi/lib/thumb/v7e-m+fp/hard\libc_nano.a(lib_a-nano-freer.o)
                              c:/nxp/s32ds.3.5/s32ds/build_tools/gcc_v10.2/gcc-10.2-arm32-eabi/bin/../lib/gcc/arm-none-eabi/10.2.0/../../../../arm-none-eabi/lib/thumb/v7e-m+fp/hard\libc_nano.a(lib_a-nano-svfprintf.o) (_free_r)
c:/nxp/s32ds.3.5/s32ds/build_tools/gcc_v10.2/gcc-10.2-arm32-eabi/bin/../lib/gcc/arm-none-eabi/10.2.0/../../../../arm-none-eabi/lib/thumb/v7e-m+fp/hard\libc_nano.a(lib_a-nano-mallocr.o)
                              c:/nxp/s32ds.3.5/s32ds/build_tools/gcc_v10.2/gcc-10.2-arm32-eabi/bin/../lib/gcc/arm-none-eabi/10.2.0/../../../../arm-none-eabi/lib/thumb/v7e-m+fp/hard\libc_nano.a(lib_a-nano-svfprintf.o) (_malloc_r)
c:/nxp/s32ds.3.5/s32ds/build_tools/gcc_v10.2/gcc-10.2-arm32-eabi/bin/../lib/gcc/arm-none-eabi/10.2.0/../../../../arm-none-eabi/lib/thumb/v7e-m+fp/hard\libc_nano.a(lib_a-nano-reallocr.o)
                              c:/nxp/s32ds.3.5/s32ds/build_tools/gcc_v10.2/gcc-10.2-arm32-eabi/bin/../lib/gcc/arm-none-eabi/10.2.0/../../../../arm-none-eabi/lib/thumb/v7e-m+fp/hard\libc_nano.a(lib_a-nano-svfprintf.o) (_realloc_r)
c:/nxp/s32ds.3.5/s32ds/build_tools/gcc_v10.2/gcc-10.2-arm32-eabi/bin/../lib/gcc/arm-none-eabi/10.2.0/../../../../arm-none-eabi/lib/thumb/v7e-m+fp/hard\libc_nano.a(lib_a-sbrkr.o)
                              c:/nxp/s32ds.3.5/s32ds/build_tools/gcc_v10.2/gcc-10.2-arm32-eabi/bin/../lib/gcc/arm-none-eabi/10.2.0/../../../../arm-none-eabi/lib/thumb/v7e-m+fp/hard\libc_nano.a(lib_a-nano-mallocr.o) (_sbrk_r)
c:/nxp/s32ds.3.5/s32ds/build_tools/gcc_v10.2/gcc-10.2-arm32-eabi/bin/../lib/gcc/arm-none-eabi/10.2.0/../../../../arm-none-eabi/lib/thumb/v7e-m+fp/hard\libc_nano.a(lib_a-mlock.o)
                              c:/nxp/s32ds.3.5/s32ds/build_tools/gcc_v10.2/gcc-10.2-arm32-eabi/bin/../lib/gcc/arm-none-eabi/10.2.0/../../../../arm-none-eabi/lib/thumb/v7e-m+fp/hard\libc_nano.a(lib_a-nano-freer.o) (__malloc_lock)
[...]
Memory Configuration

Name             Origin             Length             Attributes
int_pflash       0x00400000         0x003d4000
int_dflash       0x10000000         0x00020000
int_itcm         0x00000000         0x00010000
int_dtcm         0x20000000         0x0001f000
int_stack_dtcm   0x2001f000         0x00001000
int_sram         0x20400000         0x0002ff00
int_sram_fls_rsv 0x2042ff00         0x00000100
int_sram_no_cacheable 0x20430000         0x0000ff00
int_sram_results 0x2043ff00         0x00000100
int_sram_shareable 0x20440000         0x00004000
ram_rsvd2        0x20444000         0x00000000
*default*        0x00000000         0xffffffff

Linker script and memory map

LOAD ./LCD_Driver/src/ST7789_low_level.o
LOAD ./LCD_Driver/src/fonts.o
LOAD ./Project_Settings/Startup_Code/Vector_Table.o
LOAD ./Project_Settings/Startup_Code/exceptions.o
LOAD ./Project_Settings/Startup_Code/nvic.o
LOAD ./Project_Settings/Startup_Code/startup.o
LOAD ./Project_Settings/Startup_Code/startup_cm7.o
LOAD ./Project_Settings/Startup_Code/system.o
LOAD ./RTD/src/Clock_Ip.o
LOAD ./RTD/src/Clock_Ip_Data.o
LOAD ./RTD/src/Clock_Ip_Divider.o
LOAD ./RTD/src/Clock_Ip_DividerTrigger.o
LOAD ./RTD/src/Clock_Ip_ExtOsc.o
LOAD ./RTD/src/Clock_Ip_FracDiv.o
LOAD ./RTD/src/Clock_Ip_Frequency.o
LOAD ./RTD/src/Clock_Ip_Gate.o
LOAD ./RTD/src/Clock_Ip_IntOsc.o
LOAD ./RTD/src/Clock_Ip_Irq.o
LOAD ./RTD/src/Clock_Ip_Monitor.o
LOAD ./RTD/src/Clock_Ip_Pll.o
LOAD ./RTD/src/Clock_Ip_ProgFreqSwitch.o
LOAD ./RTD/src/Clock_Ip_Selector.o
LOAD ./RTD/src/Clock_Ip_Specific.o
LOAD ./RTD/src/Det.o
LOAD ./RTD/src/Det_stub.o
LOAD ./RTD/src/Igf_Port_Ip.o
LOAD ./RTD/src/Lpspi_Ip.o
LOAD ./RTD/src/Lpspi_Ip_Irq.o
LOAD ./RTD/src/OsIf_Interrupts.o
LOAD ./RTD/src/OsIf_Timer.o
LOAD ./RTD/src/OsIf_Timer_System.o
LOAD ./RTD/src/OsIf_Timer_System_Internal_Systick.o
LOAD ./RTD/src/SchM_Dio.o
LOAD ./RTD/src/SchM_Mcu.o
LOAD ./RTD/src/SchM_Port.o
LOAD ./RTD/src/SchM_Spi.o
LOAD ./RTD/src/Siul2_Dio_Ip.o
LOAD ./RTD/src/Siul2_Port_Ip.o
LOAD ./RTD/src/Tspc_Port_Ip.o
LOAD ./board/Siul2_Port_Ip_Cfg.o
LOAD ./board/Tspc_Port_Ip_Cfg.o
LOAD ./generate/src/Clock_Ip_Cfg.o
LOAD ./generate/src/Igf_Port_Ip_Cfg.o
LOAD ./generate/src/Lpspi_Ip_Sa_PBcfg.o
LOAD ./generate/src/OsIf_Cfg.o
LOAD ./src/main.o
LOAD c:/nxp/s32ds.3.5/s32ds/build_tools/gcc_v10.2/gcc-10.2-arm32-eabi/bin/../lib/gcc/arm-none-eabi/10.2.0/../../../../arm-none-eabi/lib/thumb/v7e-m+fp/hard\libc_nano.a
LOAD c:/nxp/s32ds.3.5/s32ds/build_tools/gcc_v10.2/gcc-10.2-arm32-eabi/bin/../lib/gcc/arm-none-eabi/10.2.0/../../../../arm-none-eabi/lib/thumb/v7e-m+fp/hard\libm.a
LOAD c:/nxp/s32ds.3.5/s32ds/build_tools/gcc_v10.2/gcc-10.2-arm32-eabi/bin/../lib/gcc/arm-none-eabi/10.2.0/thumb/v7e-m+fp/hard\libgcc.a
START GROUP
LOAD c:/nxp/s32ds.3.5/s32ds/build_tools/gcc_v10.2/gcc-10.2-arm32-eabi/bin/../lib/gcc/arm-none-eabi/10.2.0/thumb/v7e-m+fp/hard\libgcc.a
LOAD c:/nxp/s32ds.3.5/s32ds/build_tools/gcc_v10.2/gcc-10.2-arm32-eabi/bin/../lib/gcc/arm-none-eabi/10.2.0/../../../../arm-none-eabi/lib/thumb/v7e-m+fp/hard\libg_nano.a
LOAD c:/nxp/s32ds.3.5/s32ds/build_tools/gcc_v10.2/gcc-10.2-arm32-eabi/bin/../lib/gcc/arm-none-eabi/10.2.0/../../../../arm-none-eabi/lib/thumb/v7e-m+fp/hard\libc_nano.a
END GROUP
START GROUP
LOAD c:/nxp/s32ds.3.5/s32ds/build_tools/gcc_v10.2/gcc-10.2-arm32-eabi/bin/../lib/gcc/arm-none-eabi/10.2.0/thumb/v7e-m+fp/hard\libgcc.a
LOAD c:/nxp/s32ds.3.5/s32ds/build_tools/gcc_v10.2/gcc-10.2-arm32-eabi/bin/../lib/gcc/arm-none-eabi/10.2.0/../../../../arm-none-eabi/lib/thumb/v7e-m+fp/hard\libc_nano.a
LOAD c:/nxp/s32ds.3.5/s32ds/build_tools/gcc_v10.2/gcc-10.2-arm32-eabi/bin/../lib/gcc/arm-none-eabi/10.2.0/../../../../arm-none-eabi/lib/thumb/v7e-m+fp/hard\libnosys.a
END GROUP
START GROUP
LOAD c:/nxp/s32ds.3.5/s32ds/build_tools/gcc_v10.2/gcc-10.2-arm32-eabi/bin/../lib/gcc/arm-none-eabi/10.2.0/thumb/v7e-m+fp/hard\libgcc.a
LOAD c:/nxp/s32ds.3.5/s32ds/build_tools/gcc_v10.2/gcc-10.2-arm32-eabi/bin/../lib/gcc/arm-none-eabi/10.2.0/../../../../arm-none-eabi/lib/thumb/v7e-m+fp/hard\libc_nano.a
LOAD c:/nxp/s32ds.3.5/s32ds/build_tools/gcc_v10.2/gcc-10.2-arm32-eabi/bin/../lib/gcc/arm-none-eabi/10.2.0/../../../../arm-none-eabi/lib/thumb/v7e-m+fp/hard\libnosys.a
END GROUP
                0x00002000                HEAP_SIZE = DEFINED (__heap_size__)?__heap_size__:0x2000
                0x20407fff                __STANDBY_RAM_LIMIT_END = 0x20407fff

.pflash         0x00400000    0x11850
 *(.boot_header)
 .boot_header   0x00400000       0x30 ./Project_Settings/Startup_Code/startup_cm7.o
                0x00402000                . = ALIGN (0x2000)
 *fill*         0x00400030     0x1fd0 
                0x00402000                __text_start = .
                0x00402000                __interrupts_init_start = .
 *(.intc_vector)
 .intc_vector   0x00402000      0x408 ./Project_Settings/Startup_Code/Vector_Table.o
                0x00402000                VTABLE
                0x00402408                . = ALIGN (0x4)
                0x00402408                __interrupts_init_end = .
 *(.core_loop)
 .core_loop     0x00402408        0xc ./Project_Settings/Startup_Code/startup_cm7.o
                0x00402408                _core_loop
                0x00402414                . = ALIGN (0x4)
 *(.startup)
 *fill*         0x00402414        0xc 
 .startup       0x00402420      0x1d8 ./Project_Settings/Startup_Code/startup_cm7.o
                0x00402420                Reset_Handler
                0x00402420                _start
                0x00402580                MCAL_LTB_TRACE_OFF
                0x00402582                _end_of_eunit_test
                0x004025f8                . = ALIGN (0x4)
 *(.systeminit)
                0x004025f8                . = ALIGN (0x4)
 *(.text.startup)
                0x004025f8                . = ALIGN (0x4)
 *(.text)
 .text          0x004025f8      0xb68 ./LCD_Driver/src/ST7789_low_level.o
                0x00402624                GB_MA_SPI_send_byte_conti
                0x00402658                GB_MA_SPI_exchange_byte
                0x0040268c                GB_ST7789_SendCommand
                0x004026e8                GB_ST7789_SendData
                0x00402718                GB_ST7789_SendDataIm
                0x00402748                GB_ST7789_Init
                0x00402828                GB_ILI9341_Init
                0x00402a50                ST7789_SetAddressWindow
                0x00402b30                ST7789_Fill_Color
                0x00402ba0                ST7789_DrawImage
                0x00402cc0                ST7789DrawPixel
                0x00402d2c                ST7789_WriteChar
                0x00402e50                ST7789_WriteString
                0x00402efa                ST7789_WriteStringBox
                0x00402ffc                ST7789_WriteDec
                0x00403104                ST7789_Float
 .text          0x00403160        0x0 ./LCD_Driver/src/fonts.o
 .text          0x00403160        0x0 ./Project_Settings/Startup_Code/Vector_Table.o
 .text          0x00403160        0x0 ./Project_Settings/Startup_Code/exceptions.o
 .text          0x00403160        0x0 ./Project_Settings/Startup_Code/nvic.o
 .text          0x00403160        0x0 ./Project_Settings/Startup_Code/startup.o
 .text          0x00403160        0x0 ./Project_Settings/Startup_Code/startup_cm7.o
 .text          0x00403160       0x14 ./Project_Settings/Startup_Code/system.o
                0x00403160                Sys_GetCoreID
 .text          0x00403174        0x0 ./RTD/src/Clock_Ip.o
 .text          0x00403174        0x0 ./RTD/src/Clock_Ip_Data.o
 .text          0x00403174        0x0 ./RTD/src/Clock_Ip_Divider.o
 .text          0x00403174        0x0 ./RTD/src/Clock_Ip_DividerTrigger.o
 .text          0x00403174        0x0 ./RTD/src/Clock_Ip_ExtOsc.o
 .text          0x00403174        0x0 ./RTD/src/Clock_Ip_FracDiv.o
 .text          0x00403174        0x0 ./RTD/src/Clock_Ip_Frequency.o
 .text          0x00403174        0x0 ./RTD/src/Clock_Ip_Gate.o
 .text          0x00403174        0x0 ./RTD/src/Clock_Ip_IntOsc.o
 .text          0x00403174        0x0 ./RTD/src/Clock_Ip_Irq.o
 .text          0x00403174        0x0 ./RTD/src/Clock_Ip_Monitor.o
 .text          0x00403174        0x0 ./RTD/src/Clock_Ip_Pll.o
 .text          0x00403174        0x0 ./RTD/src/Clock_Ip_ProgFreqSwitch.o
 .text          0x00403174        0x0 ./RTD/src/Clock_Ip_Selector.o
 .text          0x00403174        0x0 ./RTD/src/Clock_Ip_Specific.o
 .text          0x00403174        0x0 ./RTD/src/Det.o
 .text          0x00403174        0x0 ./RTD/src/Det_stub.o
 .text          0x00403174        0x0 ./RTD/src/Igf_Port_Ip.o
 .text          0x00403174       0x1c ./RTD/src/Lpspi_Ip.o
 .text          0x00403190        0x0 ./RTD/src/Lpspi_Ip_Irq.o
 .text          0x00403190        0x0 ./RTD/src/OsIf_Interrupts.o
 .text          0x00403190       0x1c ./RTD/src/OsIf_Timer.o
 .text          0x004031ac        0x0 ./RTD/src/OsIf_Timer_System.o
 .text          0x004031ac        0x0 ./RTD/src/OsIf_Timer_System_Internal_Systick.o
 .text          0x004031ac       0x12 ./RTD/src/SchM_Dio.o
                0x004031ac                Dio_schm_read_msr
 .text          0x004031be       0x12 ./RTD/src/SchM_Mcu.o
                0x004031be                Mcu_schm_read_msr
 .text          0x004031d0       0x12 ./RTD/src/SchM_Port.o
                0x004031d0                Port_schm_read_msr
 .text          0x004031e2       0x12 ./RTD/src/SchM_Spi.o
                0x004031e2                Spi_schm_read_msr
 .text          0x004031f4       0x1c ./RTD/src/Siul2_Dio_Ip.o
 .text          0x00403210       0x1c ./RTD/src/Siul2_Port_Ip.o
 .text          0x0040322c       0x1c ./RTD/src/Tspc_Port_Ip.o
 .text          0x00403248        0x0 ./board/Siul2_Port_Ip_Cfg.o
 .text          0x00403248        0x0 ./board/Tspc_Port_Ip_Cfg.o
 .text          0x00403248        0x0 ./generate/src/Clock_Ip_Cfg.o
 .text          0x00403248        0x0 ./generate/src/Igf_Port_Ip_Cfg.o
 .text          0x00403248        0x0 ./generate/src/Lpspi_Ip_Sa_PBcfg.o
 .text          0x00403248        0x0 ./generate/src/OsIf_Cfg.o
 .text          0x00403248       0xe4 ./src/main.o
                0x00403248                TestDelay
                0x00403274                main
 .text          0x0040332c        0x0 c:/nxp/s32ds.3.5/s32ds/build_tools/gcc_v10.2/gcc-10.2-arm32-eabi/bin/../lib/gcc/arm-none-eabi/10.2.0/../../../../arm-none-eabi/lib/thumb/v7e-m+fp/hard\libc_nano.a(lib_a-sprintf.o)
 .text          0x0040332c        0x0 c:/nxp/s32ds.3.5/s32ds/build_tools/gcc_v10.2/gcc-10.2-arm32-eabi/bin/../lib/gcc/arm-none-eabi/10.2.0/../../../../arm-none-eabi/lib/thumb/v7e-m+fp/hard\libc_nano.a(lib_a-impure.o)
 .text          0x0040332c        0x0 c:/nxp/s32ds.3.5/s32ds/build_tools/gcc_v10.2/gcc-10.2-arm32-eabi/bin/../lib/gcc/arm-none-eabi/10.2.0/../../../../arm-none-eabi/lib/thumb/v7e-m+fp/hard\libc_nano.a(lib_a-nano-svfprintf.o)
 .text          0x0040332c        0x0 c:/nxp/s32ds.3.5/s32ds/build_tools/gcc_v10.2/gcc-10.2-arm32-eabi/bin/../lib/gcc/arm-none-eabi/10.2.0/../../../../arm-none-eabi/lib/thumb/v7e-m+fp/hard\libc_nano.a(lib_a-nano-vfprintf_i.o)
 *fill*         0x0040332c        0x4 
 .text          0x00403330       0xa0 c:/nxp/s32ds.3.5/s32ds/build_tools/gcc_v10.2/gcc-10.2-arm32-eabi/bin/../lib/gcc/arm-none-eabi/10.2.0/../../../../arm-none-eabi/lib/thumb/v7e-m+fp/hard\libc_nano.a(lib_a-memchr.o)
                0x00403330                memchr
 .text          0x004033d0        0x0 c:/nxp/s32ds.3.5/s32ds/build_tools/gcc_v10.2/gcc-10.2-arm32-eabi/bin/../lib/gcc/arm-none-eabi/10.2.0/../../../../arm-none-eabi/lib/thumb/v7e-m+fp/hard\libc_nano.a(lib_a-memcpy-stub.o)
 .text          0x004033d0        0x0 c:/nxp/s32ds.3.5/s32ds/build_tools/gcc_v10.2/gcc-10.2-arm32-eabi/bin/../lib/gcc/arm-none-eabi/10.2.0/../../../../arm-none-eabi/lib/thumb/v7e-m+fp/hard\libc_nano.a(lib_a-memmove.o)
 .text          0x004033d0        0x0 c:/nxp/s32ds.3.5/s32ds/build_tools/gcc_v10.2/gcc-10.2-arm32-eabi/bin/../lib/gcc/arm-none-eabi/10.2.0/../../../../arm-none-eabi/lib/thumb/v7e-m+fp/hard\libc_nano.a(lib_a-nano-freer.o)
 .text          0x004033d0        0x0 c:/nxp/s32ds.3.5/s32ds/build_tools/gcc_v10.2/gcc-10.2-arm32-eabi/bin/../lib/gcc/arm-none-eabi/10.2.0/../../../../arm-none-eabi/lib/thumb/v7e-m+fp/hard\libc_nano.a(lib_a-nano-mallocr.o)
 .text          0x004033d0        0x0 c:/nxp/s32ds.3.5/s32ds/build_tools/gcc_v10.2/gcc-10.2-arm32-eabi/bin/../lib/gcc/arm-none-eabi/10.2.0/../../../../arm-none-eabi/lib/thumb/v7e-m+fp/hard\libc_nano.a(lib_a-nano-reallocr.o)
 .text          0x004033d0        0x0 c:/nxp/s32ds.3.5/s32ds/build_tools/gcc_v10.2/gcc-10.2-arm32-eabi/bin/../lib/gcc/arm-none-eabi/10.2.0/../../../../arm-none-eabi/lib/thumb/v7e-m+fp/hard\libc_nano.a(lib_a-sbrkr.o)
 .text          0x004033d0        0x0 c:/nxp/s32ds.3.5/s32ds/build_tools/gcc_v10.2/gcc-10.2-arm32-eabi/bin/../lib/gcc/arm-none-eabi/10.2.0/../../../../arm-none-eabi/lib/thumb/v7e-m+fp/hard\libc_nano.a(lib_a-mlock.o)
 .text          0x004033d0        0x0 c:/nxp/s32ds.3.5/s32ds/build_tools/gcc_v10.2/gcc-10.2-arm32-eabi/bin/../lib/gcc/arm-none-eabi/10.2.0/../../../../arm-none-eabi/lib/thumb/v7e-m+fp/hard\libc_nano.a(lib_a-nano-msizer.o)
 .text          0x004033d0        0x0 c:/nxp/s32ds.3.5/s32ds/build_tools/gcc_v10.2/gcc-10.2-arm32-eabi/bin/../lib/gcc/arm-none-eabi/10.2.0/../../../../arm-none-eabi/lib/thumb/v7e-m+fp/hard\libc_nano.a(lib_a-reent.o)
 .text          0x004033d0      0x378 c:/nxp/s32ds.3.5/s32ds/build_tools/gcc_v10.2/gcc-10.2-arm32-eabi/bin/../lib/gcc/arm-none-eabi/10.2.0/thumb/v7e-m+fp/hard\libgcc.a(_arm_addsubdf3.o)
                0x004033d0                __aeabi_drsub
                0x004033d8                __aeabi_dsub
                0x004033d8                __subdf3
                0x004033dc                __aeabi_dadd
                0x004033dc                __adddf3
                0x00403654                __floatunsidf
                0x00403654                __aeabi_ui2d
                0x00403674                __floatsidf
                0x00403674                __aeabi_i2d
                0x00403698                __aeabi_f2d
                0x00403698                __extendsfdf2
                0x004036dc                __floatundidf
                0x004036dc                __aeabi_ul2d
                0x004036ec                __floatdidf
                0x004036ec                __aeabi_l2d
 .text          0x00403748        0x0 c:/nxp/s32ds.3.5/s32ds/build_tools/gcc_v10.2/gcc-10.2-arm32-eabi/bin/../lib/gcc/arm-none-eabi/10.2.0/../../../../arm-none-eabi/lib/thumb/v7e-m+fp/hard\libnosys.a(sbrk.o)
 *(.text*)
 .text._sprintf_r
                0x00403748       0x38 c:/nxp/s32ds.3.5/s32ds/build_tools/gcc_v10.2/gcc-10.2-arm32-eabi/bin/../lib/gcc/arm-none-eabi/10.2.0/../../../../arm-none-eabi/lib/thumb/v7e-m+fp/hard\libc_nano.a(lib_a-sprintf.o)
                0x00403748                _sprintf_r
                0x00403748                _siprintf_r
 .text.sprintf  0x00403780       0x40 c:/nxp/s32ds.3.5/s32ds/build_tools/gcc_v10.2/gcc-10.2-arm32-eabi/bin/../lib/gcc/arm-none-eabi/10.2.0/../../../../arm-none-eabi/lib/thumb/v7e-m+fp/hard\libc_nano.a(lib_a-sprintf.o)
                0x00403780                siprintf
                0x00403780                sprintf
 .text.__ssputs_r
                0x004037c0       0xb6 c:/nxp/s32ds.3.5/s32ds/build_tools/gcc_v10.2/gcc-10.2-arm32-eabi/bin/../lib/gcc/arm-none-eabi/10.2.0/../../../../arm-none-eabi/lib/thumb/v7e-m+fp/hard\libc_nano.a(lib_a-nano-svfprintf.o)
                0x004037c0                __ssputs_r
 .text.__ssprint_r
                0x00403876       0xf6 c:/nxp/s32ds.3.5/s32ds/build_tools/gcc_v10.2/gcc-10.2-arm32-eabi/bin/../lib/gcc/arm-none-eabi/10.2.0/../../../../arm-none-eabi/lib/thumb/v7e-m+fp/hard\libc_nano.a(lib_a-nano-svfprintf.o)
                0x00403876                __ssprint_r
 .text._svfprintf_r
                0x0040396c      0x200 c:/nxp/s32ds.3.5/s32ds/build_tools/gcc_v10.2/gcc-10.2-arm32-eabi/bin/../lib/gcc/arm-none-eabi/10.2.0/../../../../arm-none-eabi/lib/thumb/v7e-m+fp/hard\libc_nano.a(lib_a-nano-svfprintf.o)
                0x0040396c                _svfiprintf_r
                0x0040396c                _svfprintf_r
 .text._printf_common
                0x00403b6c       0xda c:/nxp/s32ds.3.5/s32ds/build_tools/gcc_v10.2/gcc-10.2-arm32-eabi/bin/../lib/gcc/arm-none-eabi/10.2.0/../../../../arm-none-eabi/lib/thumb/v7e-m+fp/hard\libc_nano.a(lib_a-nano-vfprintf_i.o)
                0x00403b6c                _printf_common
 *fill*         0x00403c46        0x2 
 .text._printf_i
                0x00403c48      0x24c c:/nxp/s32ds.3.5/s32ds/build_tools/gcc_v10.2/gcc-10.2-arm32-eabi/bin/../lib/gcc/arm-none-eabi/10.2.0/../../../../arm-none-eabi/lib/thumb/v7e-m+fp/hard\libc_nano.a(lib_a-nano-vfprintf_i.o)
                0x00403c48                _printf_i
 .text.memcpy   0x00403e94       0x1c c:/nxp/s32ds.3.5/s32ds/build_tools/gcc_v10.2/gcc-10.2-arm32-eabi/bin/../lib/gcc/arm-none-eabi/10.2.0/../../../../arm-none-eabi/lib/thumb/v7e-m+fp/hard\libc_nano.a(lib_a-memcpy-stub.o)
                0x00403e94                memcpy
 .text.memmove  0x00403eb0       0x34 c:/nxp/s32ds.3.5/s32ds/build_tools/gcc_v10.2/gcc-10.2-arm32-eabi/bin/../lib/gcc/arm-none-eabi/10.2.0/../../../../arm-none-eabi/lib/thumb/v7e-m+fp/hard\libc_nano.a(lib_a-memmove.o)
                0x00403eb0                memmove
 .text._free_r  0x00403ee4       0x98 c:/nxp/s32ds.3.5/s32ds/build_tools/gcc_v10.2/gcc-10.2-arm32-eabi/bin/../lib/gcc/arm-none-eabi/10.2.0/../../../../arm-none-eabi/lib/thumb/v7e-m+fp/hard\libc_nano.a(lib_a-nano-freer.o)
                0x00403ee4                _free_r
 .text._malloc_r
                0x00403f7c       0xb4 c:/nxp/s32ds.3.5/s32ds/build_tools/gcc_v10.2/gcc-10.2-arm32-eabi/bin/../lib/gcc/arm-none-eabi/10.2.0/../../../../arm-none-eabi/lib/thumb/v7e-m+fp/hard\libc_nano.a(lib_a-nano-mallocr.o)
                0x00403f7c                _malloc_r
 .text._realloc_r
                0x00404030       0x4c c:/nxp/s32ds.3.5/s32ds/build_tools/gcc_v10.2/gcc-10.2-arm32-eabi/bin/../lib/gcc/arm-none-eabi/10.2.0/../../../../arm-none-eabi/lib/thumb/v7e-m+fp/hard\libc_nano.a(lib_a-nano-reallocr.o)
                0x00404030                _realloc_r
 .text._sbrk_r  0x0040407c       0x20 c:/nxp/s32ds.3.5/s32ds/build_tools/gcc_v10.2/gcc-10.2-arm32-eabi/bin/../lib/gcc/arm-none-eabi/10.2.0/../../../../arm-none-eabi/lib/thumb/v7e-m+fp/hard\libc_nano.a(lib_a-sbrkr.o)
                0x0040407c                _sbrk_r
 .text.__malloc_lock
                0x0040409c        0x2 c:/nxp/s32ds.3.5/s32ds/build_tools/gcc_v10.2/gcc-10.2-arm32-eabi/bin/../lib/gcc/arm-none-eabi/10.2.0/../../../../arm-none-eabi/lib/thumb/v7e-m+fp/hard\libc_nano.a(lib_a-mlock.o)
                0x0040409c                __malloc_lock
 .text.__malloc_unlock
                0x0040409e        0x2 c:/nxp/s32ds.3.5/s32ds/build_tools/gcc_v10.2/gcc-10.2-arm32-eabi/bin/../lib/gcc/arm-none-eabi/10.2.0/../../../../arm-none-eabi/lib/thumb/v7e-m+fp/hard\libc_nano.a(lib_a-mlock.o)
                0x0040409e                __malloc_unlock
 .text._malloc_usable_size_r
                0x004040a0       0x10 c:/nxp/s32ds.3.5/s32ds/build_tools/gcc_v10.2/gcc-10.2-arm32-eabi/bin/../lib/gcc/arm-none-eabi/10.2.0/../../../../arm-none-eabi/lib/thumb/v7e-m+fp/hard\libc_nano.a(lib_a-nano-msizer.o)
                0x004040a0                _malloc_usable_size_r
 .text.cleanup_glue
                0x004040b0       0x1a c:/nxp/s32ds.3.5/s32ds/build_tools/gcc_v10.2/gcc-10.2-arm32-eabi/bin/../lib/gcc/arm-none-eabi/10.2.0/../../../../arm-none-eabi/lib/thumb/v7e-m+fp/hard\libc_nano.a(lib_a-reent.o)
                0x004040b0                cleanup_glue
 *fill*         0x004040ca        0x2 
 .text._reclaim_reent
                0x004040cc       0xb8 c:/nxp/s32ds.3.5/s32ds/build_tools/gcc_v10.2/gcc-10.2-arm32-eabi/bin/../lib/gcc/arm-none-eabi/10.2.0/../../../../arm-none-eabi/lib/thumb/v7e-m+fp/hard\libc_nano.a(lib_a-reent.o)
                0x004040cc                _reclaim_reent
 .text._sbrk    0x00404184       0x1c c:/nxp/s32ds.3.5/s32ds/build_tools/gcc_v10.2/gcc-10.2-arm32-eabi/bin/../lib/gcc/arm-none-eabi/10.2.0/../../../../arm-none-eabi/lib/thumb/v7e-m+fp/hard\libnosys.a(sbrk.o)
                0x00404184                _sbrk
                0x004041a0                . = ALIGN (0x4)
 *(.mcal_text)
 .mcal_text     0x004041a0       0x14 ./Project_Settings/Startup_Code/exceptions.o
                0x004041a0                NMI_Handler
                0x004041a2                HardFault_Handler
                0x004041a4                MemManage_Handler
                0x004041a6                BusFault_Handler
                0x004041a8                UsageFault_Handler
                0x004041aa                SVC_Handler
                0x004041ac                DebugMon_Handler
                0x004041ae                PendSV_Handler
                0x004041b0                SysTick_Handler
                0x004041b2                undefined_handler
 .mcal_text     0x004041b4       0xbc ./Project_Settings/Startup_Code/nvic.o
                0x004041b4                NVIC_SetPriorityGrouping
                0x004041d6                NVIC_EnableIRQ
                0x00404206                NVIC_DisableIRQ
                0x00404236                NVIC_SetPriority
 .mcal_text     0x00404270      0x2ac ./Project_Settings/Startup_Code/startup.o
                0x00404270                init_data_bss
                0x00404408                init_data_bss_core2
 .mcal_text     0x0040451c      0x4c8 ./Project_Settings/Startup_Code/system.o
                0x0040451c                startup_go_to_user_mode
                0x00404520                default_interrupt_routine
                0x00404522                SystemInit
                0x004049c4                Enable_FPU
 .mcal_text     0x004049e4      0xe7c ./RTD/src/Clock_Ip.o
                0x00404ce8                Clock_Ip_Init
                0x00404d28                Clock_Ip_InitClock
                0x004053bc                Clock_Ip_GetPllStatus
                0x004054c4                Clock_Ip_DistributePll
                0x00405640                Clock_Ip_DisableClockMonitor
                0x00405684                Clock_Ip_InstallNotificationsCallback
                0x00405698                Clock_Ip_DisableModuleClock
                0x004056dc                Clock_Ip_EnableModuleClock
                0x0040575c                Clock_Ip_DisableFircInStandby
                0x00405778                Clock_Ip_EnableFircInStandby
                0x00405794                Clock_Ip_DisableSircInStandby
                0x004057b0                Clock_Ip_EnableSircInStandby
                0x004057cc                Clock_Ip_ReportClockErrors
                0x004057ec                Clock_Ip_StartTimeout
                0x00405820                Clock_Ip_TimeoutExpired
 .mcal_text     0x00405860      0x278 ./RTD/src/Clock_Ip_Divider.o
 .mcal_text     0x00405ad8      0x168 ./RTD/src/Clock_Ip_DividerTrigger.o
 .mcal_text     0x00405c40      0x36c ./RTD/src/Clock_Ip_ExtOsc.o
 .mcal_text     0x00405fac       0x16 ./RTD/src/Clock_Ip_FracDiv.o
 .mcal_text     0x00405fc2        0xc ./RTD/src/Clock_Ip_Frequency.o
                0x00405fc2                Clock_Ip_SetExternalSignalFrequency
 *fill*         0x00405fce        0x2 
 .mcal_text     0x00405fd0      0x240 ./RTD/src/Clock_Ip_Gate.o
 .mcal_text     0x00406210      0x1e4 ./RTD/src/Clock_Ip_IntOsc.o
 .mcal_text     0x004063f4        0xa ./RTD/src/Clock_Ip_Irq.o
                0x004063f4                Mcu_Cmu_ClockFail_IRQHandler
 *fill*         0x004063fe        0x2 
 .mcal_text     0x00406400      0x438 ./RTD/src/Clock_Ip_Monitor.o
                0x00406780                Clock_Ip_CMU_GetInterruptStatus
                0x004067a8                Clock_Ip_CMU_ClockFailInt
 .mcal_text     0x00406838      0x2b8 ./RTD/src/Clock_Ip_Pll.o
 .mcal_text     0x00406af0      0x27c ./RTD/src/Clock_Ip_ProgFreqSwitch.o
 .mcal_text     0x00406d6c      0xaac ./RTD/src/Clock_Ip_Selector.o
                0x004077d6                Clock_Ip_SetRtcRtccClksel_TrustedCall
 .mcal_text     0x00407818      0x43c ./RTD/src/Clock_Ip_Specific.o
                0x004078bc                Clock_Ip_PowerClockIpModules
                0x00407b10                Clock_Ip_SetRamWaitStates
                0x00407b1a                Clock_Ip_SetFlashWaitStates
                0x00407b24                Clock_Ip_McMeEnterKey
                0x00407b4e                DisableFircInStandbyMode
                0x00407b64                EnableFircInStandbyMode
                0x00407b88                DisableSircInStandbyMode
                0x00407b9c                EnableSircInStandbyMode
                0x00407c18                Clock_Ip_Command
                0x00407c44                Clock_Ip_FLASH_SetFlashIWS
 .mcal_text     0x00407c54      0x164 ./RTD/src/Det.o
                0x00407c54                Det_Init
                0x00407c58                Det_ReportError
                0x00407ccc                Det_ReportRuntimeError
                0x00407d40                Det_ReportTransientFault
                0x00407db4                Det_Start
 .mcal_text     0x00407db8      0x480 ./RTD/src/Det_stub.o
                0x00407db8                Det_TestLastReportError
                0x00407e84                Det_TestLastReportRuntimeError
                0x00407f50                Det_TestLastReportTransientFault
                0x0040801c                Det_TestNoError
                0x004080d0                Det_TestNoRuntimeError
                0x00408184                Det_TestNoTransientFault
 .mcal_text     0x00408238     0x138c ./RTD/src/Lpspi_Ip.o
                0x0040877a                Lpspi_Ip_Init
                0x0040884c                Lpspi_Ip_DeInit
                0x004088d8                Lpspi_Ip_SyncTransmit
                0x00409088                Lpspi_Ip_AsyncTransmit
                0x0040919c                Lpspi_Ip_ManageBuffers
                0x00409228                Lpspi_Ip_UpdateFrameSize
                0x004092b8                Lpspi_Ip_UpdateLsb
                0x00409320                Lpspi_Ip_UpdateByteSwap
                0x00409388                Lpspi_Ip_UpdateDefaultTransmitData
                0x004093ec                Lpspi_Ip_UpdateTransferMode
                0x00409450                Lpspi_Ip_Cancel
                0x00409504                Lpspi_Ip_IrqHandler
                0x0040957c                Lpspi_Ip_GetStatus
 .mcal_text     0x004095c4        0xc ./RTD/src/Lpspi_Ip_Irq.o
                0x004095c4                Lpspi_Ip_LPSPI_4_IRQHandler
 .mcal_text     0x004095d0       0xd6 ./RTD/src/OsIf_Timer.o
                0x004095f8                OsIf_Init
                0x00409612                OsIf_GetCounter
                0x00409636                OsIf_GetElapsed
                0x0040965e                OsIf_SetTimerFrequency
                0x0040967e                OsIf_MicrosToTicks
 *fill*         0x004096a6        0x2 
 .mcal_text     0x004096a8       0x84 ./RTD/src/OsIf_Timer_System_Internal_Systick.o
                0x004096a8                OsIf_Timer_System_Internal_Init
                0x004096d0                OsIf_Timer_System_Internal_GetCounter
                0x004096e0                OsIf_Timer_System_Internal_GetElapsed
 .mcal_text     0x0040972c      0x148 ./RTD/src/SchM_Dio.o
                0x0040972c                SchM_Enter_Dio_DIO_EXCLUSIVE_AREA_00
                0x00409784                SchM_Exit_Dio_DIO_EXCLUSIVE_AREA_00
                0x004097d0                SchM_Enter_Dio_DIO_EXCLUSIVE_AREA_01
                0x00409828                SchM_Exit_Dio_DIO_EXCLUSIVE_AREA_01
 .mcal_text     0x00409874      0x1ec ./RTD/src/SchM_Mcu.o
                0x00409874                SchM_Enter_Mcu_MCU_EXCLUSIVE_AREA_00
                0x004098cc                SchM_Exit_Mcu_MCU_EXCLUSIVE_AREA_00
                0x00409918                SchM_Enter_Mcu_MCU_EXCLUSIVE_AREA_01
                0x00409970                SchM_Exit_Mcu_MCU_EXCLUSIVE_AREA_01
                0x004099bc                SchM_Enter_Mcu_MCU_EXCLUSIVE_AREA_02
                0x00409a14                SchM_Exit_Mcu_MCU_EXCLUSIVE_AREA_02
 .mcal_text     0x00409a60     0x11f0 ./RTD/src/SchM_Port.o
                0x00409a60                SchM_Enter_Port_PORT_EXCLUSIVE_AREA_00
                0x00409ab8                SchM_Exit_Port_PORT_EXCLUSIVE_AREA_00
                0x00409b04                SchM_Enter_Port_PORT_EXCLUSIVE_AREA_01
                0x00409b5c                SchM_Exit_Port_PORT_EXCLUSIVE_AREA_01
                0x00409ba8                SchM_Enter_Port_PORT_EXCLUSIVE_AREA_02
                0x00409c00                SchM_Exit_Port_PORT_EXCLUSIVE_AREA_02
                0x00409c4c                SchM_Enter_Port_PORT_EXCLUSIVE_AREA_03
                0x00409ca4                SchM_Exit_Port_PORT_EXCLUSIVE_AREA_03
                0x00409cf0                SchM_Enter_Port_PORT_EXCLUSIVE_AREA_04
                0x00409d48                SchM_Exit_Port_PORT_EXCLUSIVE_AREA_04
                0x00409d94                SchM_Enter_Port_PORT_EXCLUSIVE_AREA_05
                0x00409dec                SchM_Exit_Port_PORT_EXCLUSIVE_AREA_05
                0x00409e38                SchM_Enter_Port_PORT_EXCLUSIVE_AREA_06
                0x00409e90                SchM_Exit_Port_PORT_EXCLUSIVE_AREA_06
                0x00409edc                SchM_Enter_Port_PORT_EXCLUSIVE_AREA_07
                0x00409f34                SchM_Exit_Port_PORT_EXCLUSIVE_AREA_07
                0x00409f80                SchM_Enter_Port_PORT_EXCLUSIVE_AREA_08
                0x00409fd8                SchM_Exit_Port_PORT_EXCLUSIVE_AREA_08
                0x0040a024                SchM_Enter_Port_PORT_EXCLUSIVE_AREA_09
                0x0040a07c                SchM_Exit_Port_PORT_EXCLUSIVE_AREA_09
                0x0040a0c8                SchM_Enter_Port_PORT_EXCLUSIVE_AREA_10
                0x0040a120                SchM_Exit_Port_PORT_EXCLUSIVE_AREA_10
                0x0040a16c                SchM_Enter_Port_PORT_EXCLUSIVE_AREA_11
                0x0040a1c4                SchM_Exit_Port_PORT_EXCLUSIVE_AREA_11
                0x0040a210                SchM_Enter_Port_PORT_EXCLUSIVE_AREA_12
                0x0040a268                SchM_Exit_Port_PORT_EXCLUSIVE_AREA_12
                0x0040a2b4                SchM_Enter_Port_PORT_EXCLUSIVE_AREA_13
                0x0040a30c                SchM_Exit_Port_PORT_EXCLUSIVE_AREA_13
                0x0040a358                SchM_Enter_Port_PORT_EXCLUSIVE_AREA_14
                0x0040a3b0                SchM_Exit_Port_PORT_EXCLUSIVE_AREA_14
                0x0040a3fc                SchM_Enter_Port_PORT_EXCLUSIVE_AREA_15
                0x0040a454                SchM_Exit_Port_PORT_EXCLUSIVE_AREA_15
                0x0040a4a0                SchM_Enter_Port_PORT_EXCLUSIVE_AREA_16
                0x0040a4f8                SchM_Exit_Port_PORT_EXCLUSIVE_AREA_16
                0x0040a544                SchM_Enter_Port_PORT_EXCLUSIVE_AREA_17
                0x0040a59c                SchM_Exit_Port_PORT_EXCLUSIVE_AREA_17
                0x0040a5e8                SchM_Enter_Port_PORT_EXCLUSIVE_AREA_18
                0x0040a640                SchM_Exit_Port_PORT_EXCLUSIVE_AREA_18
                0x0040a68c                SchM_Enter_Port_PORT_EXCLUSIVE_AREA_19
                0x0040a6e4                SchM_Exit_Port_PORT_EXCLUSIVE_AREA_19
                0x0040a730                SchM_Enter_Port_PORT_EXCLUSIVE_AREA_20
                0x0040a788                SchM_Exit_Port_PORT_EXCLUSIVE_AREA_20
                0x0040a7d4                SchM_Enter_Port_PORT_EXCLUSIVE_AREA_21
                0x0040a82c                SchM_Exit_Port_PORT_EXCLUSIVE_AREA_21
                0x0040a878                SchM_Enter_Port_PORT_EXCLUSIVE_AREA_22
                0x0040a8d0                SchM_Exit_Port_PORT_EXCLUSIVE_AREA_22
                0x0040a91c                SchM_Enter_Port_PORT_EXCLUSIVE_AREA_23
                0x0040a974                SchM_Exit_Port_PORT_EXCLUSIVE_AREA_23
                0x0040a9c0                SchM_Enter_Port_PORT_EXCLUSIVE_AREA_24
                0x0040aa18                SchM_Exit_Port_PORT_EXCLUSIVE_AREA_24
                0x0040aa64                SchM_Enter_Port_PORT_EXCLUSIVE_AREA_25
                0x0040aabc                SchM_Exit_Port_PORT_EXCLUSIVE_AREA_25
                0x0040ab08                SchM_Enter_Port_PORT_EXCLUSIVE_AREA_26
                0x0040ab60                SchM_Exit_Port_PORT_EXCLUSIVE_AREA_26
                0x0040abac                SchM_Enter_Port_PORT_EXCLUSIVE_AREA_27
                0x0040ac04                SchM_Exit_Port_PORT_EXCLUSIVE_AREA_27
 .mcal_text     0x0040ac50     0x10a8 ./RTD/src/SchM_Spi.o
                0x0040ac50                SchM_Enter_Spi_SPI_EXCLUSIVE_AREA_00
                0x0040aca8                SchM_Exit_Spi_SPI_EXCLUSIVE_AREA_00
                0x0040acf4                SchM_Enter_Spi_SPI_EXCLUSIVE_AREA_01
                0x0040ad4c                SchM_Exit_Spi_SPI_EXCLUSIVE_AREA_01
                0x0040ad98                SchM_Enter_Spi_SPI_EXCLUSIVE_AREA_02
                0x0040adf0                SchM_Exit_Spi_SPI_EXCLUSIVE_AREA_02
                0x0040ae3c                SchM_Enter_Spi_SPI_EXCLUSIVE_AREA_03
                0x0040ae94                SchM_Exit_Spi_SPI_EXCLUSIVE_AREA_03
                0x0040aee0                SchM_Enter_Spi_SPI_EXCLUSIVE_AREA_04
                0x0040af38                SchM_Exit_Spi_SPI_EXCLUSIVE_AREA_04
                0x0040af84                SchM_Enter_Spi_SPI_EXCLUSIVE_AREA_05
                0x0040afdc                SchM_Exit_Spi_SPI_EXCLUSIVE_AREA_05
                0x0040b028                SchM_Enter_Spi_SPI_EXCLUSIVE_AREA_06
                0x0040b080                SchM_Exit_Spi_SPI_EXCLUSIVE_AREA_06
                0x0040b0cc                SchM_Enter_Spi_SPI_EXCLUSIVE_AREA_07
                0x0040b124                SchM_Exit_Spi_SPI_EXCLUSIVE_AREA_07
                0x0040b170                SchM_Enter_Spi_SPI_EXCLUSIVE_AREA_08
                0x0040b1c8                SchM_Exit_Spi_SPI_EXCLUSIVE_AREA_08
                0x0040b214                SchM_Enter_Spi_SPI_EXCLUSIVE_AREA_09
                0x0040b26c                SchM_Exit_Spi_SPI_EXCLUSIVE_AREA_09
                0x0040b2b8                SchM_Enter_Spi_SPI_EXCLUSIVE_AREA_10
                0x0040b310                SchM_Exit_Spi_SPI_EXCLUSIVE_AREA_10
                0x0040b35c                SchM_Enter_Spi_SPI_EXCLUSIVE_AREA_11
                0x0040b3b4                SchM_Exit_Spi_SPI_EXCLUSIVE_AREA_11
                0x0040b400                SchM_Enter_Spi_SPI_EXCLUSIVE_AREA_12
                0x0040b458                SchM_Exit_Spi_SPI_EXCLUSIVE_AREA_12
                0x0040b4a4                SchM_Enter_Spi_SPI_EXCLUSIVE_AREA_13
                0x0040b4fc                SchM_Exit_Spi_SPI_EXCLUSIVE_AREA_13
                0x0040b548                SchM_Enter_Spi_SPI_EXCLUSIVE_AREA_14
                0x0040b5a0                SchM_Exit_Spi_SPI_EXCLUSIVE_AREA_14
                0x0040b5ec                SchM_Enter_Spi_SPI_EXCLUSIVE_AREA_15
                0x0040b644                SchM_Exit_Spi_SPI_EXCLUSIVE_AREA_15
                0x0040b690                SchM_Enter_Spi_SPI_EXCLUSIVE_AREA_16
                0x0040b6e8                SchM_Exit_Spi_SPI_EXCLUSIVE_AREA_16
                0x0040b734                SchM_Enter_Spi_SPI_EXCLUSIVE_AREA_17
                0x0040b78c                SchM_Exit_Spi_SPI_EXCLUSIVE_AREA_17
                0x0040b7d8                SchM_Enter_Spi_SPI_EXCLUSIVE_AREA_18
                0x0040b830                SchM_Exit_Spi_SPI_EXCLUSIVE_AREA_18
                0x0040b87c                SchM_Enter_Spi_SPI_EXCLUSIVE_AREA_19
                0x0040b8d4                SchM_Exit_Spi_SPI_EXCLUSIVE_AREA_19
                0x0040b920                SchM_Enter_Spi_SPI_EXCLUSIVE_AREA_20
                0x0040b978                SchM_Exit_Spi_SPI_EXCLUSIVE_AREA_20
                0x0040b9c4                SchM_Enter_Spi_SPI_EXCLUSIVE_AREA_21
                0x0040ba1c                SchM_Exit_Spi_SPI_EXCLUSIVE_AREA_21
                0x0040ba68                SchM_Enter_Spi_SPI_EXCLUSIVE_AREA_22
                0x0040bac0                SchM_Exit_Spi_SPI_EXCLUSIVE_AREA_22
                0x0040bb0c                SchM_Enter_Spi_SPI_EXCLUSIVE_AREA_23
                0x0040bb64                SchM_Exit_Spi_SPI_EXCLUSIVE_AREA_23
                0x0040bbb0                SchM_Enter_Spi_SPI_EXCLUSIVE_AREA_24
                0x0040bc08                SchM_Exit_Spi_SPI_EXCLUSIVE_AREA_24
                0x0040bc54                SchM_Enter_Spi_SPI_EXCLUSIVE_AREA_25
                0x0040bcac                SchM_Exit_Spi_SPI_EXCLUSIVE_AREA_25
 .mcal_text     0x0040bcf8      0x574 ./RTD/src/Siul2_Dio_Ip.o
                0x0040be24                Siul2_Dio_Ip_WritePin
                0x0040be88                Siul2_Dio_Ip_SetGPDO
                0x0040beb2                Siul2_Dio_Ip_ClearGPDO
                0x0040bf02                Siul2_Dio_Ip_WritePins
                0x0040bf5e                Siul2_Dio_Ip_GetPinsOutput
                0x0040bfc4                Siul2_Dio_Ip_SetPins
                0x0040c028                Siul2_Dio_Ip_ClearPins
                0x0040c08a                Siul2_Dio_Ip_TogglePins
                0x0040c0e8                Siul2_Dio_Ip_ReadPins
                0x0040c168                Siul2_Dio_Ip_ReadPin
                0x0040c22c                Siul2_Dio_Ip_MaskedWritePins
 .mcal_text     0x0040c26c      0x91c ./RTD/src/Siul2_Port_Ip.o
                0x0040c5cc                Siul2_Port_Ip_Init
                0x0040c618                Siul2_Port_Ip_SetPullSel
                0x0040c6fc                Siul2_Port_Ip_SetOutputBuffer
                0x0040c7b8                Siul2_Port_Ip_SetInputBuffer
                0x0040c894                Siul2_Port_Ip_SetPinDirection
                0x0040c98e                Siul2_Port_Ip_RevertPinConfiguration
                0x0040ca48                Siul2_Port_Ip_GetPinConfiguration
 .mcal_text     0x0040cb88      0x2d0 ./RTD/src/Tspc_Port_Ip.o
                0x0040cb88                Tspc_Port_Ip_EnableObeGroup
                0x0040cbf0                Tspc_Port_Ip_DisableObeGroup
                0x0040cc58                Tspc_Port_Ip_MaskObeGroup
                0x0040cce4                Tspc_Port_Ip_ConfigureObeGroup
                0x0040ce58                . = ALIGN (0x4)
 *(.acmcu_code_rom)
                0x0040ce58                . = ALIGN (0x4)
                0x0040ce58                __acfls_code_rom_start = .
 *(.acfls_code_rom)
 .acfls_code_rom
                0x0040ce58       0x98 ./RTD/src/Clock_Ip_Specific.o
                0x0040ce58                Clock_Ip_PRAMCSetRamIWS
                0x0040cef0                . = ALIGN (0x4)
                0x0040cef0                __acfls_code_rom_end = .
                0x0040cef0                __acmem_43_infls_code_rom_start = .
 *(.acmem_43_infls_code_rom)
                0x0040cef0                . = ALIGN (0x4)
                0x0040cef0                __acmem_43_infls_code_rom_end = .
 *(.init)
                0x0040cef0                . = ALIGN (0x4)
 *(.fini)
                0x0040cef0                . = ALIGN (0x4)
 *(.rodata)
 .rodata        0x0040cef0       0x41 ./LCD_Driver/src/ST7789_low_level.o
 *fill*         0x0040cf31        0x3 
 .rodata        0x0040cf34     0x2814 ./LCD_Driver/src/fonts.o
 .rodata        0x0040f748        0x4 ./RTD/src/Siul2_Port_Ip.o
                0x0040f748                Port_au32Siul2BaseAddr
 *(.rodata*)
 .rodata._global_impure_ptr
                0x0040f74c        0x4 c:/nxp/s32ds.3.5/s32ds/build_tools/gcc_v10.2/gcc-10.2-arm32-eabi/bin/../lib/gcc/arm-none-eabi/10.2.0/../../../../arm-none-eabi/lib/thumb/v7e-m+fp/hard\libc_nano.a(lib_a-impure.o)
                0x0040f74c                _global_impure_ptr
 .rodata._svfprintf_r.str1.1
                0x0040f750       0x11 c:/nxp/s32ds.3.5/s32ds/build_tools/gcc_v10.2/gcc-10.2-arm32-eabi/bin/../lib/gcc/arm-none-eabi/10.2.0/../../../../arm-none-eabi/lib/thumb/v7e-m+fp/hard\libc_nano.a(lib_a-nano-svfprintf.o)
 .rodata._printf_i.str1.1
                0x0040f761       0x22 c:/nxp/s32ds.3.5/s32ds/build_tools/gcc_v10.2/gcc-10.2-arm32-eabi/bin/../lib/gcc/arm-none-eabi/10.2.0/../../../../arm-none-eabi/lib/thumb/v7e-m+fp/hard\libc_nano.a(lib_a-nano-vfprintf_i.o)
                0x0040f784                . = ALIGN (0x4)
 *fill*         0x0040f783        0x1 
 *(.mcal_const_cfg)
 .mcal_const_cfg
                0x0040f784      0x814 ./board/Siul2_Port_Ip_Cfg.o
                0x0040f784                g_pin_mux_InitConfigArr_PortContainer_0_BOARD_InitPeripherals
 .mcal_const_cfg
                0x0040ff98      0x5cc ./generate/src/Clock_Ip_Cfg.o
                0x00410520                Clock_Ip_aClockConfig
 .mcal_const_cfg
                0x00410564       0x28 ./generate/src/Lpspi_Ip_Sa_PBcfg.o
                0x00410564                Lpspi_Ip_DeviceAttributes_SpiExternalDevice_0_Instance_4
                0x00410578                Lpspi_Ip_PhyUnitConfig_SpiPhyUnit_0_Instance_4
                0x0041058c                . = ALIGN (0x4)
 *(.mcal_const)
 .mcal_const    0x0041058c     0x1104 ./RTD/src/Clock_Ip_Data.o
                0x0041058c                Clock_Ip_au8DividerCallbackIndex
                0x00410598                Clock_Ip_au8DividerTriggerCallbackIndex
                0x004105a4                Clock_Ip_au8XoscCallbackIndex
                0x004105b0                Clock_Ip_au8IrcoscCallbackIndex
                0x004105bc                Clock_Ip_au8GateCallbackIndex
                0x004105c8                Clock_Ip_au8FractionalDividerCallbackIndex
                0x004105d4                Clock_Ip_au8PllCallbackIndex
                0x004105e0                Clock_Ip_au8SelectorCallbackIndex
                0x004105ec                Clock_Ip_au8PcfsCallbackIndex
                0x004105f8                Clock_Ip_au8CmuCallbackIndex
                0x00410604                Clock_Ip_au8ClockFeatures
                0x00410af0                Clock_Ip_au8SoftwareMuxResetValue
                0x00410b7c                Clock_Ip_au16SelectorEntryHardwareValue
                0x00410ba8                Clock_Ip_au16SelectorEntryRtcHardwareValue
                0x00410bd4                Clock_Ip_apxCgm
                0x00410c24                Clock_Ip_apxCgmPcfs
                0x00410c28                Clock_Ip_apxXosc
                0x00410c30                Clock_Ip_apxPll
                0x00410c40                Clock_Ip_apxCmu
                0x00410c5c                Clock_Ip_aeCmuNames
                0x00410c78                Clock_Ip_axCmuInfo
                0x00410ce8                Clock_Ip_apxMcMeSetPartitions
                0x00410cf8                Clock_Ip_apxMcMeGetPartitions
                0x00410d08                Clock_Ip_apxMcMeTriggerPartitions
                0x00410d18                Clock_Ip_aeSourceTypeClockName
                0x00410d70                Clock_Ip_aeHwPllName
                0x00410d74                Clock_Ip_aeHwDfsName
                0x00410d78                Clock_Ip_axFeatureExtensions
                0x00410fb8                Clock_Ip_axGateInfo
 .mcal_const    0x00411690       0x10 ./RTD/src/Clock_Ip_Divider.o
                0x00411690                Clock_Ip_axDividerCallbacks
 .mcal_const    0x004116a0       0x10 ./RTD/src/Clock_Ip_DividerTrigger.o
                0x004116a0                Clock_Ip_axDividerTriggerCallbacks
 .mcal_const    0x004116b0       0x3c ./RTD/src/Clock_Ip_ExtOsc.o
                0x004116b0                Clock_Ip_axExtOscCallbacks
 .mcal_const    0x004116ec        0xc ./RTD/src/Clock_Ip_FracDiv.o
                0x004116ec                Clock_Ip_axFracDivCallbacks
 .mcal_const    0x004116f8       0x10 ./RTD/src/Clock_Ip_Gate.o
                0x004116f8                Clock_Ip_axGateCallbacks
 .mcal_const    0x00411708       0x30 ./RTD/src/Clock_Ip_IntOsc.o
                0x00411708                Clock_Ip_axIntOscCallbacks
 .mcal_const    0x00411738       0x20 ./RTD/src/Clock_Ip_Monitor.o
                0x00411738                Clock_Ip_axCmuCallbacks
 .mcal_const    0x00411758       0x28 ./RTD/src/Clock_Ip_Pll.o
                0x00411758                Clock_Ip_axPllCallbacks
 .mcal_const    0x00411780       0x28 ./RTD/src/Clock_Ip_ProgFreqSwitch.o
                0x004117a0                Clock_Ip_axPcfsCallbacks
 .mcal_const    0x004117a8       0x28 ./RTD/src/Clock_Ip_Selector.o
                0x004117a8                Clock_Ip_axSelectorCallbacks
 .mcal_const    0x004117d0       0x18 ./RTD/src/Lpspi_Ip.o
                0x004117e8                . = ALIGN (0x4)
                0x004117e8                __init_table = .
 *(.init_table)
 .init_table    0x004117e8       0x4c ./Project_Settings/Startup_Code/startup_cm7.o
                0x00411834                . = ALIGN (0x4)
                0x00411834                __zero_table = .
 *(.zero_table)
 .zero_table    0x00411834       0x1c ./Project_Settings/Startup_Code/startup_cm7.o

.glue_7         0x00411850        0x0
 .glue_7        0x00411850        0x0 linker stubs

.glue_7t        0x00411850        0x0
 .glue_7t       0x00411850        0x0 linker stubs

.vfp11_veneer   0x00411850        0x0
 .vfp11_veneer  0x00411850        0x0 linker stubs

.v4_bx          0x00411850        0x0
 .v4_bx         0x00411850        0x0 linker stubs

.iplt           0x00411850        0x0
 .iplt          0x00411850        0x0 ./LCD_Driver/src/ST7789_low_level.o

.rel.dyn        0x00411850        0x0
 .rel.iplt      0x00411850        0x0 ./LCD_Driver/src/ST7789_low_level.o
                0x00411850                . = ALIGN (0x4)
                0x00411850                __text_end = .
                0x00411850                __sram_data_rom = __text_end

.sram_bss       0x20400000      0x1c4
                0x20400000                . = ALIGN (0x8)
                0x20400000                __standby_ram_begin__ = .
 *(.standby_data)
                0x20400000                . = ALIGN (0x8)
                0x20400000                __standby_ram_end__ = .
                0x20400000                . = ALIGN (0x10)
                0x20400000                __sram_bss_start = .
 *(.bss)
 .bss           0x20400000       0x1d ./LCD_Driver/src/ST7789_low_level.o
                0x20400000                rx_val
                0x2040000a                rx_value
                0x2040000c                total
                0x20400010                length
                0x20400014                i
                0x20400016                j
 .bss           0x2040001d        0x0 ./LCD_Driver/src/fonts.o
 .bss           0x2040001d        0x0 ./Project_Settings/Startup_Code/Vector_Table.o
 .bss           0x2040001d        0x0 ./Project_Settings/Startup_Code/exceptions.o
 .bss           0x2040001d        0x0 ./Project_Settings/Startup_Code/nvic.o
 .bss           0x2040001d        0x0 ./Project_Settings/Startup_Code/startup.o
 .bss           0x2040001d        0x0 ./Project_Settings/Startup_Code/startup_cm7.o
 *fill*         0x2040001d        0x3 
 .bss           0x20400020       0x80 ./Project_Settings/Startup_Code/system.o
                0x20400020                rbar
                0x20400060                rasr
 .bss           0x204000a0        0x0 ./RTD/src/Clock_Ip.o
 .bss           0x204000a0        0x0 ./RTD/src/Clock_Ip_Data.o
 .bss           0x204000a0        0x0 ./RTD/src/Clock_Ip_Divider.o
 .bss           0x204000a0        0x0 ./RTD/src/Clock_Ip_DividerTrigger.o
 .bss           0x204000a0        0x0 ./RTD/src/Clock_Ip_ExtOsc.o
 .bss           0x204000a0        0x0 ./RTD/src/Clock_Ip_FracDiv.o
 .bss           0x204000a0        0x0 ./RTD/src/Clock_Ip_Frequency.o
 .bss           0x204000a0        0x0 ./RTD/src/Clock_Ip_Gate.o
 .bss           0x204000a0        0x0 ./RTD/src/Clock_Ip_IntOsc.o
 .bss           0x204000a0        0x0 ./RTD/src/Clock_Ip_Irq.o
 .bss           0x204000a0        0x0 ./RTD/src/Clock_Ip_Monitor.o
 .bss           0x204000a0        0x0 ./RTD/src/Clock_Ip_Pll.o
 .bss           0x204000a0        0x0 ./RTD/src/Clock_Ip_ProgFreqSwitch.o
 .bss           0x204000a0        0x0 ./RTD/src/Clock_Ip_Selector.o
 .bss           0x204000a0        0x0 ./RTD/src/Clock_Ip_Specific.o
 .bss           0x204000a0        0x0 ./RTD/src/Det.o
 .bss           0x204000a0        0x0 ./RTD/src/Det_stub.o
 .bss           0x204000a0        0x0 ./RTD/src/Igf_Port_Ip.o
 .bss           0x204000a0        0x0 ./RTD/src/Lpspi_Ip.o
 .bss           0x204000a0        0x0 ./RTD/src/Lpspi_Ip_Irq.o
 .bss           0x204000a0        0x0 ./RTD/src/OsIf_Interrupts.o
 .bss           0x204000a0        0x0 ./RTD/src/OsIf_Timer.o
 .bss           0x204000a0        0x0 ./RTD/src/OsIf_Timer_System.o
 .bss           0x204000a0        0x0 ./RTD/src/OsIf_Timer_System_Internal_Systick.o
 .bss           0x204000a0        0x0 ./RTD/src/SchM_Dio.o
 .bss           0x204000a0        0x0 ./RTD/src/SchM_Mcu.o
 .bss           0x204000a0        0x0 ./RTD/src/SchM_Port.o
 .bss           0x204000a0        0x0 ./RTD/src/SchM_Spi.o
 .bss           0x204000a0        0x0 ./RTD/src/Siul2_Dio_Ip.o
 .bss           0x204000a0        0x0 ./RTD/src/Siul2_Port_Ip.o
 .bss           0x204000a0        0x0 ./RTD/src/Tspc_Port_Ip.o
 .bss           0x204000a0        0x0 ./board/Siul2_Port_Ip_Cfg.o
 .bss           0x204000a0        0x0 ./board/Tspc_Port_Ip_Cfg.o
 .bss           0x204000a0        0x0 ./generate/src/Clock_Ip_Cfg.o
 .bss           0x204000a0        0x0 ./generate/src/Igf_Port_Ip_Cfg.o
 .bss           0x204000a0        0x0 ./generate/src/Lpspi_Ip_Sa_PBcfg.o
 .bss           0x204000a0        0x0 ./generate/src/OsIf_Cfg.o
 .bss           0x204000a0        0x8 ./src/main.o
                0x204000a0                exit_code
 .bss           0x204000a8        0x0 c:/nxp/s32ds.3.5/s32ds/build_tools/gcc_v10.2/gcc-10.2-arm32-eabi/bin/../lib/gcc/arm-none-eabi/10.2.0/../../../../arm-none-eabi/lib/thumb/v7e-m+fp/hard\libc_nano.a(lib_a-sprintf.o)
 .bss           0x204000a8        0x0 c:/nxp/s32ds.3.5/s32ds/build_tools/gcc_v10.2/gcc-10.2-arm32-eabi/bin/../lib/gcc/arm-none-eabi/10.2.0/../../../../arm-none-eabi/lib/thumb/v7e-m+fp/hard\libc_nano.a(lib_a-impure.o)
 .bss           0x204000a8        0x0 c:/nxp/s32ds.3.5/s32ds/build_tools/gcc_v10.2/gcc-10.2-arm32-eabi/bin/../lib/gcc/arm-none-eabi/10.2.0/../../../../arm-none-eabi/lib/thumb/v7e-m+fp/hard\libc_nano.a(lib_a-nano-svfprintf.o)
 .bss           0x204000a8        0x0 c:/nxp/s32ds.3.5/s32ds/build_tools/gcc_v10.2/gcc-10.2-arm32-eabi/bin/../lib/gcc/arm-none-eabi/10.2.0/../../../../arm-none-eabi/lib/thumb/v7e-m+fp/hard\libc_nano.a(lib_a-nano-vfprintf_i.o)
 .bss           0x204000a8        0x0 c:/nxp/s32ds.3.5/s32ds/build_tools/gcc_v10.2/gcc-10.2-arm32-eabi/bin/../lib/gcc/arm-none-eabi/10.2.0/../../../../arm-none-eabi/lib/thumb/v7e-m+fp/hard\libc_nano.a(lib_a-memchr.o)
 .bss           0x204000a8        0x0 c:/nxp/s32ds.3.5/s32ds/build_tools/gcc_v10.2/gcc-10.2-arm32-eabi/bin/../lib/gcc/arm-none-eabi/10.2.0/../../../../arm-none-eabi/lib/thumb/v7e-m+fp/hard\libc_nano.a(lib_a-memcpy-stub.o)
 .bss           0x204000a8        0x0 c:/nxp/s32ds.3.5/s32ds/build_tools/gcc_v10.2/gcc-10.2-arm32-eabi/bin/../lib/gcc/arm-none-eabi/10.2.0/../../../../arm-none-eabi/lib/thumb/v7e-m+fp/hard\libc_nano.a(lib_a-memmove.o)
 .bss           0x204000a8        0x0 c:/nxp/s32ds.3.5/s32ds/build_tools/gcc_v10.2/gcc-10.2-arm32-eabi/bin/../lib/gcc/arm-none-eabi/10.2.0/../../../../arm-none-eabi/lib/thumb/v7e-m+fp/hard\libc_nano.a(lib_a-nano-freer.o)
 .bss           0x204000a8        0x0 c:/nxp/s32ds.3.5/s32ds/build_tools/gcc_v10.2/gcc-10.2-arm32-eabi/bin/../lib/gcc/arm-none-eabi/10.2.0/../../../../arm-none-eabi/lib/thumb/v7e-m+fp/hard\libc_nano.a(lib_a-nano-mallocr.o)
 .bss           0x204000a8        0x0 c:/nxp/s32ds.3.5/s32ds/build_tools/gcc_v10.2/gcc-10.2-arm32-eabi/bin/../lib/gcc/arm-none-eabi/10.2.0/../../../../arm-none-eabi/lib/thumb/v7e-m+fp/hard\libc_nano.a(lib_a-nano-reallocr.o)
 .bss           0x204000a8        0x0 c:/nxp/s32ds.3.5/s32ds/build_tools/gcc_v10.2/gcc-10.2-arm32-eabi/bin/../lib/gcc/arm-none-eabi/10.2.0/../../../../arm-none-eabi/lib/thumb/v7e-m+fp/hard\libc_nano.a(lib_a-sbrkr.o)
 .bss           0x204000a8        0x0 c:/nxp/s32ds.3.5/s32ds/build_tools/gcc_v10.2/gcc-10.2-arm32-eabi/bin/../lib/gcc/arm-none-eabi/10.2.0/../../../../arm-none-eabi/lib/thumb/v7e-m+fp/hard\libc_nano.a(lib_a-mlock.o)
 .bss           0x204000a8        0x0 c:/nxp/s32ds.3.5/s32ds/build_tools/gcc_v10.2/gcc-10.2-arm32-eabi/bin/../lib/gcc/arm-none-eabi/10.2.0/../../../../arm-none-eabi/lib/thumb/v7e-m+fp/hard\libc_nano.a(lib_a-nano-msizer.o)
 .bss           0x204000a8        0x0 c:/nxp/s32ds.3.5/s32ds/build_tools/gcc_v10.2/gcc-10.2-arm32-eabi/bin/../lib/gcc/arm-none-eabi/10.2.0/../../../../arm-none-eabi/lib/thumb/v7e-m+fp/hard\libc_nano.a(lib_a-reent.o)
 .bss           0x204000a8        0x0 c:/nxp/s32ds.3.5/s32ds/build_tools/gcc_v10.2/gcc-10.2-arm32-eabi/bin/../lib/gcc/arm-none-eabi/10.2.0/thumb/v7e-m+fp/hard\libgcc.a(_arm_addsubdf3.o)
 .bss           0x204000a8        0x0 c:/nxp/s32ds.3.5/s32ds/build_tools/gcc_v10.2/gcc-10.2-arm32-eabi/bin/../lib/gcc/arm-none-eabi/10.2.0/../../../../arm-none-eabi/lib/thumb/v7e-m+fp/hard\libnosys.a(sbrk.o)
 *(.bss*)
 .bss.__malloc_free_list
                0x204000a8        0x4 c:/nxp/s32ds.3.5/s32ds/build_tools/gcc_v10.2/gcc-10.2-arm32-eabi/bin/../lib/gcc/arm-none-eabi/10.2.0/../../../../arm-none-eabi/lib/thumb/v7e-m+fp/hard\libc_nano.a(lib_a-nano-mallocr.o)
                0x204000a8                __malloc_free_list
 .bss.__malloc_sbrk_start
                0x204000ac        0x4 c:/nxp/s32ds.3.5/s32ds/build_tools/gcc_v10.2/gcc-10.2-arm32-eabi/bin/../lib/gcc/arm-none-eabi/10.2.0/../../../../arm-none-eabi/lib/thumb/v7e-m+fp/hard\libc_nano.a(lib_a-nano-mallocr.o)
                0x204000ac                __malloc_sbrk_start
 .bss.errno     0x204000b0        0x4 c:/nxp/s32ds.3.5/s32ds/build_tools/gcc_v10.2/gcc-10.2-arm32-eabi/bin/../lib/gcc/arm-none-eabi/10.2.0/../../../../arm-none-eabi/lib/thumb/v7e-m+fp/hard\libc_nano.a(lib_a-reent.o)
                0x204000b0                errno
 .bss.heap_end.0
                0x204000b4        0x4 c:/nxp/s32ds.3.5/s32ds/build_tools/gcc_v10.2/gcc-10.2-arm32-eabi/bin/../lib/gcc/arm-none-eabi/10.2.0/../../../../arm-none-eabi/lib/thumb/v7e-m+fp/hard\libnosys.a(sbrk.o)
                0x204000c0                . = ALIGN (0x10)
 *fill*         0x204000b8        0x8 
 *(.mcal_bss)
 .mcal_bss      0x204000c0        0x4 ./Project_Settings/Startup_Code/system.o
                0x204000c0                RESET_CATCH_CORE
 .mcal_bss      0x204000c4       0x98 ./RTD/src/Clock_Ip.o
                0x204000cc                Clock_Ip_pxConfig
                0x204000d0                Clock_Ip_FreqIds
 .mcal_bss      0x2040015c        0xc ./RTD/src/Clock_Ip_Monitor.o
 .mcal_bss      0x20400168        0x4 ./RTD/src/Clock_Ip_ProgFreqSwitch.o
 .mcal_bss      0x2040016c        0x9 ./RTD/src/Clock_Ip_Specific.o
 *fill*         0x20400175        0x3 
 .mcal_bss      0x20400178       0x44 ./RTD/src/Lpspi_Ip.o
                0x204001a4                Lpspi_Ip_apxStateStructureArray
 .mcal_bss      0x204001bc        0x8 ./RTD/src/Siul2_Port_Ip.o
                0x204001c4                . = ALIGN (0x4)
                0x204001c4                __sram_bss_end = .

.sram_data      0x204001c4      0x180 load address 0x00411850
                0x204001c4                . = ALIGN (0x4)
                0x204001c4                __sram_data_begin__ = .
                0x204001c4                . = ALIGN (0x4)
 *(.ramcode)
 .ramcode       0x204001c4       0xf0 ./RTD/src/Clock_Ip_Specific.o
                0x204002b4                . = ALIGN (0x4)
 *(.data)
 .data          0x204002b4        0x0 ./LCD_Driver/src/ST7789_low_level.o
 .data          0x204002b4       0x18 ./LCD_Driver/src/fonts.o
                0x204002b4                Font_7x10
                0x204002bc                Font_11x18
                0x204002c4                Font_16x26
 .data          0x204002cc        0x0 ./Project_Settings/Startup_Code/Vector_Table.o
 .data          0x204002cc        0x0 ./Project_Settings/Startup_Code/exceptions.o
 .data          0x204002cc        0x0 ./Project_Settings/Startup_Code/nvic.o
 .data          0x204002cc        0x0 ./Project_Settings/Startup_Code/startup.o
 .data          0x204002cc        0x0 ./Project_Settings/Startup_Code/startup_cm7.o
 .data          0x204002cc        0x0 ./Project_Settings/Startup_Code/system.o
 .data          0x204002cc        0x4 ./RTD/src/Clock_Ip.o
 .data          0x204002d0        0x0 ./RTD/src/Clock_Ip_Data.o
 .data          0x204002d0        0x0 ./RTD/src/Clock_Ip_Divider.o
 .data          0x204002d0        0x0 ./RTD/src/Clock_Ip_DividerTrigger.o
 .data          0x204002d0        0x0 ./RTD/src/Clock_Ip_ExtOsc.o
 .data          0x204002d0        0x0 ./RTD/src/Clock_Ip_FracDiv.o
 .data          0x204002d0        0x0 ./RTD/src/Clock_Ip_Frequency.o
 .data          0x204002d0        0x0 ./RTD/src/Clock_Ip_Gate.o
 .data          0x204002d0        0x0 ./RTD/src/Clock_Ip_IntOsc.o
 .data          0x204002d0        0x0 ./RTD/src/Clock_Ip_Irq.o
 .data          0x204002d0        0x0 ./RTD/src/Clock_Ip_Monitor.o
 .data          0x204002d0        0x0 ./RTD/src/Clock_Ip_Pll.o
 .data          0x204002d0        0x0 ./RTD/src/Clock_Ip_ProgFreqSwitch.o
 .data          0x204002d0        0x0 ./RTD/src/Clock_Ip_Selector.o
 .data          0x204002d0        0x0 ./RTD/src/Clock_Ip_Specific.o
 .data          0x204002d0        0x0 ./RTD/src/Det.o
 .data          0x204002d0        0x0 ./RTD/src/Det_stub.o
 .data          0x204002d0        0x0 ./RTD/src/Igf_Port_Ip.o
 .data          0x204002d0        0x0 ./RTD/src/Lpspi_Ip.o
 .data          0x204002d0        0x0 ./RTD/src/Lpspi_Ip_Irq.o
 .data          0x204002d0        0x0 ./RTD/src/OsIf_Interrupts.o
 .data          0x204002d0        0x0 ./RTD/src/OsIf_Timer.o
 .data          0x204002d0        0x0 ./RTD/src/OsIf_Timer_System.o
 .data          0x204002d0        0x0 ./RTD/src/OsIf_Timer_System_Internal_Systick.o
 .data          0x204002d0        0x0 ./RTD/src/SchM_Dio.o
 .data          0x204002d0        0x0 ./RTD/src/SchM_Mcu.o
 .data          0x204002d0        0x0 ./RTD/src/SchM_Port.o
 .data          0x204002d0        0x0 ./RTD/src/SchM_Spi.o
 .data          0x204002d0        0x0 ./RTD/src/Siul2_Dio_Ip.o
 .data          0x204002d0        0x0 ./RTD/src/Siul2_Port_Ip.o
 .data          0x204002d0        0x0 ./RTD/src/Tspc_Port_Ip.o
 .data          0x204002d0        0x0 ./board/Siul2_Port_Ip_Cfg.o
 .data          0x204002d0        0x0 ./board/Tspc_Port_Ip_Cfg.o
 .data          0x204002d0        0x0 ./generate/src/Clock_Ip_Cfg.o
 .data          0x204002d0        0x0 ./generate/src/Igf_Port_Ip_Cfg.o
 .data          0x204002d0        0x0 ./generate/src/Lpspi_Ip_Sa_PBcfg.o
 .data          0x204002d0        0x0 ./generate/src/OsIf_Cfg.o
 .data          0x204002d0        0x0 ./src/main.o
 .data          0x204002d0        0x0 c:/nxp/s32ds.3.5/s32ds/build_tools/gcc_v10.2/gcc-10.2-arm32-eabi/bin/../lib/gcc/arm-none-eabi/10.2.0/../../../../arm-none-eabi/lib/thumb/v7e-m+fp/hard\libc_nano.a(lib_a-sprintf.o)
 .data          0x204002d0        0x0 c:/nxp/s32ds.3.5/s32ds/build_tools/gcc_v10.2/gcc-10.2-arm32-eabi/bin/../lib/gcc/arm-none-eabi/10.2.0/../../../../arm-none-eabi/lib/thumb/v7e-m+fp/hard\libc_nano.a(lib_a-impure.o)
 .data          0x204002d0        0x0 c:/nxp/s32ds.3.5/s32ds/build_tools/gcc_v10.2/gcc-10.2-arm32-eabi/bin/../lib/gcc/arm-none-eabi/10.2.0/../../../../arm-none-eabi/lib/thumb/v7e-m+fp/hard\libc_nano.a(lib_a-nano-svfprintf.o)
 .data          0x204002d0        0x0 c:/nxp/s32ds.3.5/s32ds/build_tools/gcc_v10.2/gcc-10.2-arm32-eabi/bin/../lib/gcc/arm-none-eabi/10.2.0/../../../../arm-none-eabi/lib/thumb/v7e-m+fp/hard\libc_nano.a(lib_a-nano-vfprintf_i.o)
 .data          0x204002d0        0x0 c:/nxp/s32ds.3.5/s32ds/build_tools/gcc_v10.2/gcc-10.2-arm32-eabi/bin/../lib/gcc/arm-none-eabi/10.2.0/../../../../arm-none-eabi/lib/thumb/v7e-m+fp/hard\libc_nano.a(lib_a-memchr.o)
 .data          0x204002d0        0x0 c:/nxp/s32ds.3.5/s32ds/build_tools/gcc_v10.2/gcc-10.2-arm32-eabi/bin/../lib/gcc/arm-none-eabi/10.2.0/../../../../arm-none-eabi/lib/thumb/v7e-m+fp/hard\libc_nano.a(lib_a-memcpy-stub.o)
 .data          0x204002d0        0x0 c:/nxp/s32ds.3.5/s32ds/build_tools/gcc_v10.2/gcc-10.2-arm32-eabi/bin/../lib/gcc/arm-none-eabi/10.2.0/../../../../arm-none-eabi/lib/thumb/v7e-m+fp/hard\libc_nano.a(lib_a-memmove.o)
 .data          0x204002d0        0x0 c:/nxp/s32ds.3.5/s32ds/build_tools/gcc_v10.2/gcc-10.2-arm32-eabi/bin/../lib/gcc/arm-none-eabi/10.2.0/../../../../arm-none-eabi/lib/thumb/v7e-m+fp/hard\libc_nano.a(lib_a-nano-freer.o)
 .data          0x204002d0        0x0 c:/nxp/s32ds.3.5/s32ds/build_tools/gcc_v10.2/gcc-10.2-arm32-eabi/bin/../lib/gcc/arm-none-eabi/10.2.0/../../../../arm-none-eabi/lib/thumb/v7e-m+fp/hard\libc_nano.a(lib_a-nano-mallocr.o)
 .data          0x204002d0        0x0 c:/nxp/s32ds.3.5/s32ds/build_tools/gcc_v10.2/gcc-10.2-arm32-eabi/bin/../lib/gcc/arm-none-eabi/10.2.0/../../../../arm-none-eabi/lib/thumb/v7e-m+fp/hard\libc_nano.a(lib_a-nano-reallocr.o)
 .data          0x204002d0        0x0 c:/nxp/s32ds.3.5/s32ds/build_tools/gcc_v10.2/gcc-10.2-arm32-eabi/bin/../lib/gcc/arm-none-eabi/10.2.0/../../../../arm-none-eabi/lib/thumb/v7e-m+fp/hard\libc_nano.a(lib_a-sbrkr.o)
 .data          0x204002d0        0x0 c:/nxp/s32ds.3.5/s32ds/build_tools/gcc_v10.2/gcc-10.2-arm32-eabi/bin/../lib/gcc/arm-none-eabi/10.2.0/../../../../arm-none-eabi/lib/thumb/v7e-m+fp/hard\libc_nano.a(lib_a-mlock.o)
 .data          0x204002d0        0x0 c:/nxp/s32ds.3.5/s32ds/build_tools/gcc_v10.2/gcc-10.2-arm32-eabi/bin/../lib/gcc/arm-none-eabi/10.2.0/../../../../arm-none-eabi/lib/thumb/v7e-m+fp/hard\libc_nano.a(lib_a-nano-msizer.o)
 .data          0x204002d0        0x0 c:/nxp/s32ds.3.5/s32ds/build_tools/gcc_v10.2/gcc-10.2-arm32-eabi/bin/../lib/gcc/arm-none-eabi/10.2.0/../../../../arm-none-eabi/lib/thumb/v7e-m+fp/hard\libc_nano.a(lib_a-reent.o)
 .data          0x204002d0        0x0 c:/nxp/s32ds.3.5/s32ds/build_tools/gcc_v10.2/gcc-10.2-arm32-eabi/bin/../lib/gcc/arm-none-eabi/10.2.0/thumb/v7e-m+fp/hard\libgcc.a(_arm_addsubdf3.o)
 .data          0x204002d0        0x0 c:/nxp/s32ds.3.5/s32ds/build_tools/gcc_v10.2/gcc-10.2-arm32-eabi/bin/../lib/gcc/arm-none-eabi/10.2.0/../../../../arm-none-eabi/lib/thumb/v7e-m+fp/hard\libnosys.a(sbrk.o)
 *(.data*)
 .data._impure_ptr
                0x204002d0        0x4 c:/nxp/s32ds.3.5/s32ds/build_tools/gcc_v10.2/gcc-10.2-arm32-eabi/bin/../lib/gcc/arm-none-eabi/10.2.0/../../../../arm-none-eabi/lib/thumb/v7e-m+fp/hard\libc_nano.a(lib_a-impure.o)
                0x204002d0                _impure_ptr
 .data.impure_data
                0x204002d4       0x60 c:/nxp/s32ds.3.5/s32ds/build_tools/gcc_v10.2/gcc-10.2-arm32-eabi/bin/../lib/gcc/arm-none-eabi/10.2.0/../../../../arm-none-eabi/lib/thumb/v7e-m+fp/hard\libc_nano.a(lib_a-impure.o)
                0x20400334                . = ALIGN (0x4)
 *(.mcal_data)
 .mcal_data     0x20400334        0x4 ./RTD/src/Clock_Ip_Specific.o
 .mcal_data     0x20400338        0x4 ./RTD/src/Siul2_Dio_Ip.o
                0x20400338                Siul2_Dio_Ip_au32BaseAdresses
 .mcal_data     0x2040033c        0x8 ./generate/src/Lpspi_Ip_Sa_PBcfg.o
                0x20400344                . = ALIGN (0x4)
                0x20400344                __sram_data_end__ = .
                0x004119d0                __sram_data_rom_end = (__sram_data_rom + (__sram_data_end__ - __sram_data_begin__))

.heap           0x20400344     0x2000 load address 0x004119d0
                0x00000000                . = (. + ALIGN (0x4))
                0x20400344                _end = .
                0x20400344                end = .
                0x20400344                _heap_start = .
                0x00002000                . = (. + HEAP_SIZE)
 *fill*         0x20400344     0x2000 
                0x20402344                _heap_end = .

.acfls_code_ram
                0x2042ff00        0x0
                0x2042ff00                __acfls_code_ram_start = .
 *(.acfls_code_ram)
                0x2042ff00                __acfls_code_ram_end = .
                0x2042ff00                __acmem_43_infls_code_ram_start = .
 *(.acmem_43_infls_code_ram)
                0x2042ff00                __acmem_43_infls_code_ram_end = .
                0x004119d0                __non_cacheable_data_rom = __sram_data_rom_end

.non_cacheable_data
                0x20430000        0x4 load address 0x004119d0
                0x20430000                . = ALIGN (0x4)
                0x20430000                __non_cacheable_data_start__ = .
 *(.mcal_data_no_cacheable)
                0x20430000                . = ALIGN (0x4)
 *(.mcal_const_no_cacheable)
                0x20430000                . = ALIGN (0x4)
                0x20430000                HSE_LOOP_ADDR = .
                0x20430000        0x4 LONG 0x0
                0x20430004                __non_cacheable_data_end__ = .
                0x004119d4                __non_cacheable_data_rom_end = (__non_cacheable_data_rom + (__non_cacheable_data_end__ - __non_cacheable_data_start__))

.igot.plt       0x20430004        0x0 load address 0x004119d4
 .igot.plt      0x20430004        0x0 ./LCD_Driver/src/ST7789_low_level.o

.non_cacheable_bss
                0x20430004      0x7a8 load address 0x004119d4
                0x20430010                . = ALIGN (0x10)
 *fill*         0x20430004        0xc 
                0x20430010                __non_cacheable_bss_start = .
 *(.mcal_bss_no_cacheable)
 .mcal_bss_no_cacheable
                0x20430010       0x3c ./RTD/src/Det.o
                0x20430010                Det_InstanceId
                0x20430014                Det_ApiId
                0x20430018                Det_ErrorId
                0x2043001c                Det_RuntimeInstanceId
                0x20430020                Det_RuntimeApiId
                0x20430024                Det_RuntimeErrorId
                0x20430028                Det_TransientInstanceId
                0x2043002c                Det_TransientApiId
                0x20430030                Det_TransientFaultId
                0x20430034                Det_TransientModuleId
                0x2043003c                Det_ModuleId
                0x20430044                Det_RuntimeModuleId
 .mcal_bss_no_cacheable
                0x2043004c       0x40 ./RTD/src/SchM_Dio.o
 .mcal_bss_no_cacheable
                0x2043008c       0x60 ./RTD/src/SchM_Mcu.o
 .mcal_bss_no_cacheable
                0x204300ec      0x380 ./RTD/src/SchM_Port.o
 .mcal_bss_no_cacheable
                0x2043046c      0x340 ./RTD/src/SchM_Spi.o
                0x204307ac                . = ALIGN (0x4)
                0x204307ac                __non_cacheable_bss_end = .

.int_results    0x2043ff00      0x100
                0x2043ff00                . = ALIGN (0x4)
 *(.int_results)
                0x20440000                . = (. + 0x100)
 *fill*         0x2043ff00      0x100 
                0x004119d4                __shareable_data_rom = __non_cacheable_data_rom_end

.shareable_data
                0x20440000        0x0 load address 0x004119d4
                0x20440000                . = ALIGN (0x4)
                0x20440000                __shareable_data_start__ = .
 *(.mcal_shared_data)
                0x20440000                . = ALIGN (0x4)
                0x20440000                __shareable_data_end__ = .
                0x004119d4                __shareable_data_rom_end = (__shareable_data_rom + (__shareable_data_end__ - __shareable_data_start__))

.int_vector     0x20000000      0x408
                0x20000000                . = ALIGN (0x800)
                0x20000000                __interrupts_ram_start = .
                0x20000408                . = (. + (__interrupts_init_end - __interrupts_init_start))
 *fill*         0x20000000      0x408 
                0x20000408                . = ALIGN (0x4)
                0x20000408                __interrupts_ram_end = .
                0x004119d4                __tcm_data_rom = __shareable_data_rom_end

.data_tcm_data  0x20000408        0x0 load address 0x004119d4
                0x20000408                . = ALIGN (0x4)
                0x20000408                __dtcm_data_start__ = .
 *(.dtcm_data*)
                0x20000408                . = ALIGN (0x4)
                0x20000408                __dtcm_data_end__ = .
                0x004119d4                __tcm_data_rom_end = (__tcm_data_rom + (__dtcm_data_end__ - __dtcm_data_start__))

.bss_tcm_data   0x20000408        0x0
                0x20000408                . = ALIGN (0x4)
                0x20000408                __dtcm_bss_start__ = .
 *(.dtcm_bss*)
                0x20000408                . = ALIGN (0x4)
                0x20000408                __dtcm_bss_end__ = .
                0x004119d4                __tcm_code_rom_start = __tcm_data_rom_end

.itcm_text      0x00000000        0x0 load address 0x004119d4
                0x00000000                . = ALIGN (0x4)
                0x00000000                __itcm_start__ = .
 *(.itcm_text*)
                0x00000000                . = ALIGN (0x4)
                0x00000000                __itcm_end__ = .
                0x004119d4                __tcm_code_rom_end = (__tcm_code_rom_start + (__itcm_end__ - __itcm_start__))

.shareable_bss  0x20440000        0x0
                0x20440000                . = ALIGN (0x10)
                0x20440000                __shareable_bss_start = .
 *(.mcal_shared_bss)
                0x20440000                . = ALIGN (0x4)
                0x20440000                __shareable_bss_end = .
                0x2001f000                __Stack_dtcm_end = ORIGIN (int_stack_dtcm)
                0x20020000                __Stack_dtcm_start = (ORIGIN (int_stack_dtcm) + LENGTH (int_stack_dtcm))
                0x20400000                __INT_SRAM_START = ORIGIN (int_sram)
                0x20444000                __INT_SRAM_END = ORIGIN (ram_rsvd2)
                0x00000000                __INT_ITCM_START = ORIGIN (int_itcm)
                0x00010000                __INT_ITCM_END = (ORIGIN (int_itcm) + LENGTH (int_itcm))
                0x20000000                __INT_DTCM_START = ORIGIN (int_dtcm)
                0x20020000                __INT_DTCM_END = ((ORIGIN (int_dtcm) + LENGTH (int_dtcm)) + LENGTH (int_stack_dtcm))
                0x20440000                __RAM_SHAREABLE_START = __shareable_data_start__
                0x0000000e                __RAM_SHAREABLE_SIZE = 0xe
                0x004119d4                __ROM_SHAREABLE_START = __shareable_data_rom
                0x004119d4                __ROM_SHAREABLE_END = __shareable_data_rom_end
                0x20430000                __RAM_NO_CACHEABLE_START = __non_cacheable_data_start__
                0x00000010                __RAM_NO_CACHEABLE_SIZE = 0x10
                0x004119d0                __ROM_NO_CACHEABLE_START = __non_cacheable_data_rom
                0x004119d4                __ROM_NO_CACHEABLE_END = __non_cacheable_data_rom_end
                0x204001c4                __RAM_CACHEABLE_START = __sram_data_begin__
                0x00000012                __RAM_CACHEABLE_SIZE = 0x12
                0x00411850                __ROM_CACHEABLE_START = __sram_data_rom
                0x004119d0                __ROM_CACHEABLE_END = __sram_data_rom_end
                0x00400000                __ROM_CODE_START = ORIGIN (int_pflash)
                0x10000000                __ROM_DATA_START = ORIGIN (int_dflash)
                0x20400000                __BSS_SRAM_START = __sram_bss_start
                0x204001c4                __BSS_SRAM_END = __sram_bss_end
                0x000001c4                __BSS_SRAM_SIZE = (__sram_bss_end - __sram_bss_start)
                0x20430010                __BSS_SRAM_NC_START = __non_cacheable_bss_start
                0x0000079c                __BSS_SRAM_NC_SIZE = (__non_cacheable_bss_end - __non_cacheable_bss_start)
                0x204307ac                __BSS_SRAM_NC_END = __non_cacheable_bss_end
                0x20440000                __BSS_SRAM_SH_START = __shareable_bss_start
                0x00000000                __BSS_SRAM_SH_SIZE = (__shareable_bss_end - __shareable_bss_start)
                0x20440000                __BSS_SRAM_SH_END = __shareable_bss_end
                0x20000000                __RAM_INTERRUPT_START = __interrupts_ram_start
                0x00402000                __INIT_INTERRUPT_START = __interrupts_init_start
                0x00402408                __INIT_INTERRUPT_END = __interrupts_init_end
                0x00000000                __RAM_ITCM_START = __itcm_start__
                0x004119d4                __ROM_ITCM_START = __tcm_code_rom_start
                0x004119d4                __ROM_ITCM_END = __tcm_code_rom_end
                0x20000408                __RAM_DTCM_DATA_START = __dtcm_data_start__
                0x004119d4                __ROM_DTCM_DATA_START = __tcm_data_rom
                0x004119d4                __ROM_DTCM_END = __tcm_data_rom_end
                0x004117e8                __INIT_TABLE = __init_table
                0x00411834                __ZERO_TABLE = __zero_table
                0x00000001                __RAM_INIT = 0x1
                0x00000001                __ITCM_INIT = 0x1
                0x00000001                __DTCM_INIT = 0x1
                0x0040ce58                Fls_ACEraseRomStart = __acfls_code_rom_start
                0x0040cef0                Fls_ACEraseRomEnd = __acfls_code_rom_end
                0x00000026                Fls_ACEraseSize = ((__acfls_code_rom_end - __acfls_code_rom_start) / 0x4)
                0x0040ce58                Fls_ACWriteRomStart = __acfls_code_rom_start
                0x0040cef0                Fls_ACWriteRomEnd = __acfls_code_rom_end
                0x00000026                Fls_ACWriteSize = ((__acfls_code_rom_end - __acfls_code_rom_start) / 0x4)
                0x2042ff00                _ERASE_FUNC_ADDRESS_ = __acfls_code_ram_start
                0x2042ff00                _WRITE_FUNC_ADDRESS_ = __acfls_code_ram_start
                0x0040cef0                Mem_43_INFLS_ACEraseRomStart = __acmem_43_infls_code_rom_start
                0x0040cef0                Mem_43_INFLS_ACEraseRomEnd = __acmem_43_infls_code_rom_end
                0x00000000                Mem_43_INFLS_ACEraseSize = (((__acmem_43_infls_code_rom_end - __acmem_43_infls_code_rom_start) + 0x3) / 0x4)
                0x0040cef0                Mem_43_INFLS_ACWriteRomStart = __acmem_43_infls_code_rom_start
                0x0040cef0                Mem_43_INFLS_ACWriteRomEnd = __acmem_43_infls_code_rom_end
                0x00000000                Mem_43_INFLS_ACWriteSize = (((__acmem_43_infls_code_rom_end - __acmem_43_infls_code_rom_start) + 0x3) / 0x4)
                0x2042ff00                _MEM_43_INFLS_ERASE_FUNC_ADDRESS_ = __acmem_43_infls_code_ram_start
                0x2042ff00                _MEM_43_INFLS_WRITE_FUNC_ADDRESS_ = __acmem_43_infls_code_ram_start
                0x00402000                __ENTRY_VTABLE = __INIT_INTERRUPT_START
                0x00402000                __CORE0_VTOR = __INIT_INTERRUPT_START
                0x00402000                __CORE1_VTOR = __INIT_INTERRUPT_START
                0x00402000                __CORE2_VTOR = __INIT_INTERRUPT_START
                0x00000003                __INDEX_COPY_CORE2 = 0x3
                0x00000001                ASSERT ((__standby_ram_end__ <= __STANDBY_RAM_LIMIT_END), Memory for standby ram overflow)
OUTPUT(G2B_S32K344_HSE_Security_Demo.elf elf32-littlearm)
LOAD linker stubs

.debug_info     0x00000000    0x1da50
 .debug_info    0x00000000     0x29ba ./LCD_Driver/src/ST7789_low_level.o
 .debug_info    0x000029ba      0x1ae ./LCD_Driver/src/fonts.o
 .debug_info    0x00002b68      0x139 ./Project_Settings/Startup_Code/exceptions.o
 .debug_info    0x00002ca1      0x753 ./Project_Settings/Startup_Code/nvic.o
 .debug_info    0x000033f4      0x32f ./Project_Settings/Startup_Code/startup.o
 .debug_info    0x00003723       0x22 ./Project_Settings/Startup_Code/startup_cm7.o
 .debug_info    0x00003745      0xb4d ./Project_Settings/Startup_Code/system.o
 .debug_info    0x00004292     0x1ab8 ./RTD/src/Clock_Ip.o
 .debug_info    0x00005d4a     0x166a ./RTD/src/Clock_Ip_Data.o
 .debug_info    0x000073b4      0x9a5 ./RTD/src/Clock_Ip_Divider.o
 .debug_info    0x00007d59      0x798 ./RTD/src/Clock_Ip_DividerTrigger.o
 .debug_info    0x000084f1      0x9e4 ./RTD/src/Clock_Ip_ExtOsc.o
 .debug_info    0x00008ed5      0x5d3 ./RTD/src/Clock_Ip_FracDiv.o
 .debug_info    0x000094a8      0x447 ./RTD/src/Clock_Ip_Frequency.o
 .debug_info    0x000098ef      0x8e8 ./RTD/src/Clock_Ip_Gate.o
 .debug_info    0x0000a1d7      0xc3e ./RTD/src/Clock_Ip_IntOsc.o
 .debug_info    0x0000ae15       0x97 ./RTD/src/Clock_Ip_Irq.o
 .debug_info    0x0000aeac     0x125d ./RTD/src/Clock_Ip_Monitor.o
 .debug_info    0x0000c109      0xa44 ./RTD/src/Clock_Ip_Pll.o
 .debug_info    0x0000cb4d      0xf82 ./RTD/src/Clock_Ip_ProgFreqSwitch.o
 .debug_info    0x0000dacf      0xc1d ./RTD/src/Clock_Ip_Selector.o
 .debug_info    0x0000e6ec     0x15d1 ./RTD/src/Clock_Ip_Specific.o
 .debug_info    0x0000fcbd      0x3b2 ./RTD/src/Det.o
 .debug_info    0x0001006f      0x3b3 ./RTD/src/Det_stub.o
 .debug_info    0x00010422       0x7d ./RTD/src/Igf_Port_Ip.o
 .debug_info    0x0001049f     0x10ba ./RTD/src/Lpspi_Ip.o
 .debug_info    0x00011559       0x97 ./RTD/src/Lpspi_Ip_Irq.o
 .debug_info    0x000115f0       0x7d ./RTD/src/OsIf_Interrupts.o
 .debug_info    0x0001166d      0x2e1 ./RTD/src/OsIf_Timer.o
 .debug_info    0x0001194e       0x7d ./RTD/src/OsIf_Timer_System.o
 .debug_info    0x000119cb      0x188 ./RTD/src/OsIf_Timer_System_Internal_Systick.o
 .debug_info    0x00011b53      0x216 ./RTD/src/SchM_Dio.o
 .debug_info    0x00011d69      0x29a ./RTD/src/SchM_Mcu.o
 .debug_info    0x00012003      0xf7e ./RTD/src/SchM_Port.o
 .debug_info    0x00012f81      0xe76 ./RTD/src/SchM_Spi.o
 .debug_info    0x00013df7      0x79e ./RTD/src/Siul2_Dio_Ip.o
 .debug_info    0x00014595     0x2c38 ./RTD/src/Siul2_Port_Ip.o
 .debug_info    0x000171cd      0x332 ./RTD/src/Tspc_Port_Ip.o
 .debug_info    0x000174ff     0x22f4 ./board/Siul2_Port_Ip_Cfg.o
 .debug_info    0x000197f3       0x7d ./board/Tspc_Port_Ip_Cfg.o
 .debug_info    0x00019870      0xe08 ./generate/src/Clock_Ip_Cfg.o
 .debug_info    0x0001a678       0x7d ./generate/src/Igf_Port_Ip_Cfg.o
 .debug_info    0x0001a6f5      0x280 ./generate/src/Lpspi_Ip_Sa_PBcfg.o
 .debug_info    0x0001a975       0x7d ./generate/src/OsIf_Cfg.o
 .debug_info    0x0001a9f2     0x3038 ./src/main.o
 .debug_info    0x0001da2a       0x26 c:/nxp/s32ds.3.5/s32ds/build_tools/gcc_v10.2/gcc-10.2-arm32-eabi/bin/../lib/gcc/arm-none-eabi/10.2.0/thumb/v7e-m+fp/hard\libgcc.a(_arm_addsubdf3.o)

.debug_abbrev   0x00000000     0x33d8
 .debug_abbrev  0x00000000      0x233 ./LCD_Driver/src/ST7789_low_level.o
 .debug_abbrev  0x00000233       0xad ./LCD_Driver/src/fonts.o
 .debug_abbrev  0x000002e0       0x47 ./Project_Settings/Startup_Code/exceptions.o
 .debug_abbrev  0x00000327       0xff ./Project_Settings/Startup_Code/nvic.o
 .debug_abbrev  0x00000426       0xcb ./Project_Settings/Startup_Code/startup.o
 .debug_abbrev  0x000004f1       0x12 ./Project_Settings/Startup_Code/startup_cm7.o
 .debug_abbrev  0x00000503      0x1b5 ./Project_Settings/Startup_Code/system.o
 .debug_abbrev  0x000006b8      0x22d ./RTD/src/Clock_Ip.o
 .debug_abbrev  0x000008e5      0x14c ./RTD/src/Clock_Ip_Data.o
 .debug_abbrev  0x00000a31      0x1d0 ./RTD/src/Clock_Ip_Divider.o
 .debug_abbrev  0x00000c01      0x174 ./RTD/src/Clock_Ip_DividerTrigger.o
 .debug_abbrev  0x00000d75      0x1ca ./RTD/src/Clock_Ip_ExtOsc.o
 .debug_abbrev  0x00000f3f      0x14f ./RTD/src/Clock_Ip_FracDiv.o
 .debug_abbrev  0x0000108e       0x92 ./RTD/src/Clock_Ip_Frequency.o
 .debug_abbrev  0x00001120      0x174 ./RTD/src/Clock_Ip_Gate.o
 .debug_abbrev  0x00001294      0x1ce ./RTD/src/Clock_Ip_IntOsc.o
 .debug_abbrev  0x00001462       0x47 ./RTD/src/Clock_Ip_Irq.o
 .debug_abbrev  0x000014a9      0x209 ./RTD/src/Clock_Ip_Monitor.o
 .debug_abbrev  0x000016b2      0x1f9 ./RTD/src/Clock_Ip_Pll.o
 .debug_abbrev  0x000018ab      0x170 ./RTD/src/Clock_Ip_ProgFreqSwitch.o
 .debug_abbrev  0x00001a1b      0x206 ./RTD/src/Clock_Ip_Selector.o
 .debug_abbrev  0x00001c21      0x260 ./RTD/src/Clock_Ip_Specific.o
 .debug_abbrev  0x00001e81      0x124 ./RTD/src/Det.o
 .debug_abbrev  0x00001fa5       0xbd ./RTD/src/Det_stub.o
 .debug_abbrev  0x00002062       0x29 ./RTD/src/Igf_Port_Ip.o
 .debug_abbrev  0x0000208b      0x280 ./RTD/src/Lpspi_Ip.o
 .debug_abbrev  0x0000230b       0x47 ./RTD/src/Lpspi_Ip_Irq.o
 .debug_abbrev  0x00002352       0x29 ./RTD/src/OsIf_Interrupts.o
 .debug_abbrev  0x0000237b      0x15a ./RTD/src/OsIf_Timer.o
 .debug_abbrev  0x000024d5       0x29 ./RTD/src/OsIf_Timer_System.o
 .debug_abbrev  0x000024fe      0x10b ./RTD/src/OsIf_Timer_System_Internal_Systick.o
 .debug_abbrev  0x00002609       0xc0 ./RTD/src/SchM_Dio.o
 .debug_abbrev  0x000026c9       0xc0 ./RTD/src/SchM_Mcu.o
 .debug_abbrev  0x00002789       0xc0 ./RTD/src/SchM_Port.o
 .debug_abbrev  0x00002849       0xc0 ./RTD/src/SchM_Spi.o
 .debug_abbrev  0x00002909      0x1f6 ./RTD/src/Siul2_Dio_Ip.o
 .debug_abbrev  0x00002aff      0x23d ./RTD/src/Siul2_Port_Ip.o
 .debug_abbrev  0x00002d3c       0xfd ./RTD/src/Tspc_Port_Ip.o
 .debug_abbrev  0x00002e39      0x146 ./board/Siul2_Port_Ip_Cfg.o
 .debug_abbrev  0x00002f7f       0x29 ./board/Tspc_Port_Ip_Cfg.o
 .debug_abbrev  0x00002fa8      0x103 ./generate/src/Clock_Ip_Cfg.o
 .debug_abbrev  0x000030ab       0x29 ./generate/src/Igf_Port_Ip_Cfg.o
 .debug_abbrev  0x000030d4      0x11a ./generate/src/Lpspi_Ip_Sa_PBcfg.o
 .debug_abbrev  0x000031ee       0x29 ./generate/src/OsIf_Cfg.o
 .debug_abbrev  0x00003217      0x1ad ./src/main.o
 .debug_abbrev  0x000033c4       0x14 c:/nxp/s32ds.3.5/s32ds/build_tools/gcc_v10.2/gcc-10.2-arm32-eabi/bin/../lib/gcc/arm-none-eabi/10.2.0/thumb/v7e-m+fp/hard\libgcc.a(_arm_addsubdf3.o)

.debug_aranges  0x00000000      0xe90
 .debug_aranges
                0x00000000       0x20 ./LCD_Driver/src/ST7789_low_level.o
 .debug_aranges
                0x00000020       0x18 ./LCD_Driver/src/fonts.o
 .debug_aranges
                0x00000038       0x68 ./Project_Settings/Startup_Code/exceptions.o
 .debug_aranges
                0x000000a0       0x38 ./Project_Settings/Startup_Code/nvic.o
 .debug_aranges
                0x000000d8       0x28 ./Project_Settings/Startup_Code/startup.o
 .debug_aranges
                0x00000100       0x28 ./Project_Settings/Startup_Code/startup_cm7.o
 .debug_aranges
                0x00000128       0x40 ./Project_Settings/Startup_Code/system.o
 .debug_aranges
                0x00000168       0xb8 ./RTD/src/Clock_Ip.o
 .debug_aranges
                0x00000220       0x18 ./RTD/src/Clock_Ip_Data.o
 .debug_aranges
                0x00000238       0x38 ./RTD/src/Clock_Ip_Divider.o
 .debug_aranges
                0x00000270       0x30 ./RTD/src/Clock_Ip_DividerTrigger.o
 .debug_aranges
                0x000002a0       0x78 ./RTD/src/Clock_Ip_ExtOsc.o
 .debug_aranges
                0x00000318       0x28 ./RTD/src/Clock_Ip_FracDiv.o
 .debug_aranges
                0x00000340       0x20 ./RTD/src/Clock_Ip_Frequency.o
 .debug_aranges
                0x00000360       0x38 ./RTD/src/Clock_Ip_Gate.o
 .debug_aranges
                0x00000398       0x60 ./RTD/src/Clock_Ip_IntOsc.o
 .debug_aranges
                0x000003f8       0x20 ./RTD/src/Clock_Ip_Irq.o
 .debug_aranges
                0x00000418       0x60 ./RTD/src/Clock_Ip_Monitor.o
 .debug_aranges
                0x00000478       0x50 ./RTD/src/Clock_Ip_Pll.o
 .debug_aranges
                0x000004c8       0x28 ./RTD/src/Clock_Ip_ProgFreqSwitch.o
 .debug_aranges
                0x000004f0       0x60 ./RTD/src/Clock_Ip_Selector.o
 .debug_aranges
                0x00000550       0x90 ./RTD/src/Clock_Ip_Specific.o
 .debug_aranges
                0x000005e0       0x40 ./RTD/src/Det.o
 .debug_aranges
                0x00000620       0x48 ./RTD/src/Det_stub.o
 .debug_aranges
                0x00000668       0x18 ./RTD/src/Igf_Port_Ip.o
 .debug_aranges
                0x00000680       0xc0 ./RTD/src/Lpspi_Ip.o
 .debug_aranges
                0x00000740       0x20 ./RTD/src/Lpspi_Ip_Irq.o
 .debug_aranges
                0x00000760       0x18 ./RTD/src/OsIf_Interrupts.o
 .debug_aranges
                0x00000778       0x68 ./RTD/src/OsIf_Timer.o
 .debug_aranges
                0x000007e0       0x18 ./RTD/src/OsIf_Timer_System.o
 .debug_aranges
                0x000007f8       0x30 ./RTD/src/OsIf_Timer_System_Internal_Systick.o
 .debug_aranges
                0x00000828       0x40 ./RTD/src/SchM_Dio.o
 .debug_aranges
                0x00000868       0x50 ./RTD/src/SchM_Mcu.o
 .debug_aranges
                0x000008b8      0x1e0 ./RTD/src/SchM_Port.o
 .debug_aranges
                0x00000a98      0x1c0 ./RTD/src/SchM_Spi.o
 .debug_aranges
                0x00000c58       0xd0 ./RTD/src/Siul2_Dio_Ip.o
 .debug_aranges
                0x00000d28       0x78 ./RTD/src/Siul2_Port_Ip.o
 .debug_aranges
                0x00000da0       0x40 ./RTD/src/Tspc_Port_Ip.o
 .debug_aranges
                0x00000de0       0x18 ./board/Siul2_Port_Ip_Cfg.o
 .debug_aranges
                0x00000df8       0x18 ./board/Tspc_Port_Ip_Cfg.o
 .debug_aranges
                0x00000e10       0x18 ./generate/src/Clock_Ip_Cfg.o
 .debug_aranges
                0x00000e28       0x18 ./generate/src/Igf_Port_Ip_Cfg.o
 .debug_aranges
                0x00000e40       0x18 ./generate/src/Lpspi_Ip_Sa_PBcfg.o
 .debug_aranges
                0x00000e58       0x18 ./generate/src/OsIf_Cfg.o
 .debug_aranges
                0x00000e70       0x20 ./src/main.o

.debug_macro    0x00000000    0x5536d
 .debug_macro   0x00000000      0x3d5 ./LCD_Driver/src/ST7789_low_level.o
 .debug_macro   0x000003d5      0xa96 ./LCD_Driver/src/ST7789_low_level.o
 .debug_macro   0x00000e6b       0x22 ./LCD_Driver/src/ST7789_low_level.o
 .debug_macro   0x00000e8d       0x56 ./LCD_Driver/src/ST7789_low_level.o
 .debug_macro   0x00000ee3       0x51 ./LCD_Driver/src/ST7789_low_level.o
 .debug_macro   0x00000f34      0x103 ./LCD_Driver/src/ST7789_low_level.o
 .debug_macro   0x00001037       0x6a ./LCD_Driver/src/ST7789_low_level.o
 .debug_macro   0x000010a1      0x1df ./LCD_Driver/src/ST7789_low_level.o
 .debug_macro   0x00001280       0x22 ./LCD_Driver/src/ST7789_low_level.o
 .debug_macro   0x000012a2      0x16d ./LCD_Driver/src/ST7789_low_level.o
 .debug_macro   0x0000140f       0x82 ./LCD_Driver/src/ST7789_low_level.o
 .debug_macro   0x00001491      0x97b ./LCD_Driver/src/ST7789_low_level.o
 .debug_macro   0x00001e0c       0x3a ./LCD_Driver/src/ST7789_low_level.o
 .debug_macro   0x00001e46       0xcc ./LCD_Driver/src/ST7789_low_level.o
 .debug_macro   0x00001f12       0x67 ./LCD_Driver/src/ST7789_low_level.o
 .debug_macro   0x00001f79       0x16 ./LCD_Driver/src/ST7789_low_level.o
 .debug_macro   0x00001f8f       0x7c ./LCD_Driver/src/ST7789_low_level.o
 .debug_macro   0x0000200b     0x7bf3 ./LCD_Driver/src/ST7789_low_level.o
 .debug_macro   0x00009bfe       0x8e ./LCD_Driver/src/ST7789_low_level.o
 .debug_macro   0x00009c8c       0x82 ./LCD_Driver/src/ST7789_low_level.o
 .debug_macro   0x00009d0e       0x50 ./LCD_Driver/src/ST7789_low_level.o
 .debug_macro   0x00009d5e       0x50 ./LCD_Driver/src/ST7789_low_level.o
 .debug_macro   0x00009dae       0x50 ./LCD_Driver/src/ST7789_low_level.o
 .debug_macro   0x00009dfe       0x50 ./LCD_Driver/src/ST7789_low_level.o
 .debug_macro   0x00009e4e     0x2311 ./LCD_Driver/src/ST7789_low_level.o
 .debug_macro   0x0000c15f       0xf0 ./LCD_Driver/src/ST7789_low_level.o
 .debug_macro   0x0000c24f       0x3a ./LCD_Driver/src/ST7789_low_level.o
 .debug_macro   0x0000c289       0x6a ./LCD_Driver/src/ST7789_low_level.o
 .debug_macro   0x0000c2f3       0x50 ./LCD_Driver/src/ST7789_low_level.o
 .debug_macro   0x0000c343       0x50 ./LCD_Driver/src/ST7789_low_level.o
 .debug_macro   0x0000c393       0x8f ./LCD_Driver/src/ST7789_low_level.o
 .debug_macro   0x0000c422       0x94 ./LCD_Driver/src/ST7789_low_level.o
 .debug_macro   0x0000c4b6       0xcf ./LCD_Driver/src/ST7789_low_level.o
 .debug_macro   0x0000c585      0x11e ./LCD_Driver/src/ST7789_low_level.o
 .debug_macro   0x0000c6a3       0x52 ./LCD_Driver/src/ST7789_low_level.o
 .debug_macro   0x0000c6f5      0x136 ./LCD_Driver/src/ST7789_low_level.o
 .debug_macro   0x0000c82b       0x6a ./LCD_Driver/src/ST7789_low_level.o
 .debug_macro   0x0000c895       0x58 ./LCD_Driver/src/ST7789_low_level.o
 .debug_macro   0x0000c8ed       0x57 ./LCD_Driver/src/ST7789_low_level.o
 .debug_macro   0x0000c944       0x35 ./LCD_Driver/src/ST7789_low_level.o
 .debug_macro   0x0000c979       0x50 ./LCD_Driver/src/ST7789_low_level.o
 .debug_macro   0x0000c9c9       0x50 ./LCD_Driver/src/ST7789_low_level.o
 .debug_macro   0x0000ca19       0x3a ./LCD_Driver/src/ST7789_low_level.o
 .debug_macro   0x0000ca53      0x93f ./LCD_Driver/src/ST7789_low_level.o
 .debug_macro   0x0000d392       0x9e ./LCD_Driver/src/ST7789_low_level.o
 .debug_macro   0x0000d430       0x2e ./LCD_Driver/src/ST7789_low_level.o
 .debug_macro   0x0000d45e       0x34 ./LCD_Driver/src/ST7789_low_level.o
 .debug_macro   0x0000d492       0x50 ./LCD_Driver/src/ST7789_low_level.o
 .debug_macro   0x0000d4e2       0x50 ./LCD_Driver/src/ST7789_low_level.o
 .debug_macro   0x0000d532       0x50 ./LCD_Driver/src/ST7789_low_level.o
 .debug_macro   0x0000d582       0x50 ./LCD_Driver/src/ST7789_low_level.o
 .debug_macro   0x0000d5d2       0x58 ./LCD_Driver/src/ST7789_low_level.o
 .debug_macro   0x0000d62a       0x18 ./LCD_Driver/src/ST7789_low_level.o
 .debug_macro   0x0000d642       0x35 ./LCD_Driver/src/ST7789_low_level.o
 .debug_macro   0x0000d677       0x34 ./LCD_Driver/src/ST7789_low_level.o
 .debug_macro   0x0000d6ab       0x16 ./LCD_Driver/src/ST7789_low_level.o
 .debug_macro   0x0000d6c1       0x35 ./LCD_Driver/src/ST7789_low_level.o
 .debug_macro   0x0000d6f6      0x356 ./LCD_Driver/src/ST7789_low_level.o
 .debug_macro   0x0000da4c       0x10 ./LCD_Driver/src/ST7789_low_level.o
 .debug_macro   0x0000da5c       0x16 ./LCD_Driver/src/ST7789_low_level.o
 .debug_macro   0x0000da72       0x43 ./LCD_Driver/src/ST7789_low_level.o
 .debug_macro   0x0000dab5       0x34 ./LCD_Driver/src/ST7789_low_level.o
 .debug_macro   0x0000dae9       0x10 ./LCD_Driver/src/ST7789_low_level.o
 .debug_macro   0x0000daf9       0x52 ./LCD_Driver/src/ST7789_low_level.o
 .debug_macro   0x0000db4b      0x182 ./LCD_Driver/src/ST7789_low_level.o
 .debug_macro   0x0000dccd       0xbe ./LCD_Driver/src/ST7789_low_level.o
 .debug_macro   0x0000dd8b       0x16 ./LCD_Driver/src/ST7789_low_level.o
 .debug_macro   0x0000dda1      0x129 ./LCD_Driver/src/ST7789_low_level.o
 .debug_macro   0x0000deca      0x166 ./LCD_Driver/src/ST7789_low_level.o
 .debug_macro   0x0000e030       0x85 ./LCD_Driver/src/fonts.o
 .debug_macro   0x0000e0b5      0x160 ./LCD_Driver/src/fonts.o
 .debug_macro   0x0000e215      0x164 ./Project_Settings/Startup_Code/exceptions.o
 .debug_macro   0x0000e379      0x130 ./Project_Settings/Startup_Code/exceptions.o
 .debug_macro   0x0000e4a9       0x50 ./Project_Settings/Startup_Code/exceptions.o
 .debug_macro   0x0000e4f9       0x50 ./Project_Settings/Startup_Code/exceptions.o
 .debug_macro   0x0000e549      0x3c8 ./Project_Settings/Startup_Code/nvic.o
 .debug_macro   0x0000e911     0x5205 ./Project_Settings/Startup_Code/nvic.o
 .debug_macro   0x00013b16      0xa20 ./Project_Settings/Startup_Code/nvic.o
 .debug_macro   0x00014536     0x10a6 ./Project_Settings/Startup_Code/nvic.o
 .debug_macro   0x000155dc      0x180 ./Project_Settings/Startup_Code/nvic.o
 .debug_macro   0x0001575c       0xf8 ./Project_Settings/Startup_Code/nvic.o
 .debug_macro   0x00015854      0x370 ./Project_Settings/Startup_Code/nvic.o
 .debug_macro   0x00015bc4      0x158 ./Project_Settings/Startup_Code/nvic.o
 .debug_macro   0x00015d1c      0xd4e ./Project_Settings/Startup_Code/nvic.o
 .debug_macro   0x00016a6a      0x2ea ./Project_Settings/Startup_Code/nvic.o
 .debug_macro   0x00016d54       0x8e ./Project_Settings/Startup_Code/nvic.o
 .debug_macro   0x00016de2     0xd22d ./Project_Settings/Startup_Code/nvic.o
 .debug_macro   0x0002400f      0xe49 ./Project_Settings/Startup_Code/nvic.o
 .debug_macro   0x00024e58     0x7375 ./Project_Settings/Startup_Code/nvic.o
 .debug_macro   0x0002c1cd      0xbaa ./Project_Settings/Startup_Code/nvic.o
 .debug_macro   0x0002cd77      0xd69 ./Project_Settings/Startup_Code/nvic.o
 .debug_macro   0x0002dae0      0xb4d ./Project_Settings/Startup_Code/nvic.o
 .debug_macro   0x0002e62d       0x5c ./Project_Settings/Startup_Code/nvic.o
 .debug_macro   0x0002e689      0xad5 ./Project_Settings/Startup_Code/nvic.o
 .debug_macro   0x0002f15e     0x1531 ./Project_Settings/Startup_Code/nvic.o
 .debug_macro   0x0003068f      0x867 ./Project_Settings/Startup_Code/nvic.o
 .debug_macro   0x00030ef6       0xcc ./Project_Settings/Startup_Code/nvic.o
 .debug_macro   0x00030fc2       0xd6 ./Project_Settings/Startup_Code/nvic.o
 .debug_macro   0x00031098      0x105 ./Project_Settings/Startup_Code/nvic.o
 .debug_macro   0x0003119d      0x507 ./Project_Settings/Startup_Code/nvic.o
 .debug_macro   0x000316a4      0x779 ./Project_Settings/Startup_Code/nvic.o
 .debug_macro   0x00031e1d      0xe1f ./Project_Settings/Startup_Code/nvic.o
 .debug_macro   0x00032c3c      0xd53 ./Project_Settings/Startup_Code/nvic.o
 .debug_macro   0x0003398f      0x2ce ./Project_Settings/Startup_Code/nvic.o
 .debug_macro   0x00033c5d     0x1095 ./Project_Settings/Startup_Code/nvic.o
 .debug_macro   0x00034cf2     0x1fad ./Project_Settings/Startup_Code/nvic.o
 .debug_macro   0x00036c9f      0x4f8 ./Project_Settings/Startup_Code/nvic.o
 .debug_macro   0x00037197      0x274 ./Project_Settings/Startup_Code/nvic.o
 .debug_macro   0x0003740b      0x9d3 ./Project_Settings/Startup_Code/nvic.o