../RTD/src/Clock_Ip.c:243:13:Clock_Ip_NotificatonsEmptyCallback	8	static
../RTD/src/Clock_Ip.c:258:13:Clock_Ip_UpdateDriverContext	24	static
../RTD/src/Clock_Ip.c:567:13:Clock_Ip_CallEmptyCallbacks	8	static
../RTD/src/Clock_Ip.c:600:13:Clock_Ip_ResetClockConfiguration	24	static
../RTD/src/Clock_Ip.c:665:21:Clock_Ip_Init	24	static
../RTD/src/Clock_Ip.c:730:6:Clock_Ip_InitClock	24	static
../RTD/src/Clock_Ip.c:925:24:Clock_Ip_GetPllStatus	32	static
../RTD/src/Clock_Ip.c:977:6:Clock_Ip_DistributePll	16	static
../RTD/src/Clock_Ip.c:1031:6:Clock_Ip_DisableClockMonitor	24	static
../RTD/src/Clock_Ip.c:1047:6:Clock_Ip_InstallNotificationsCallback	8	static
../RTD/src/Clock_Ip.c:1061:6:Clock_Ip_DisableModuleClock	24	static
../RTD/src/Clock_Ip.c:1077:6:Clock_Ip_EnableModuleClock	24	static
../RTD/src/Clock_Ip.c:1112:8:Clock_Ip_GetClockFrequency	16	static
../RTD/src/Clock_Ip.c:1132:13:Clock_Ip_SetWaitStates	8	static
../RTD/src/Clock_Ip.c:1180:6:Clock_Ip_DisableFircInStandby	8	static
../RTD/src/Clock_Ip.c:1198:6:Clock_Ip_EnableFircInStandby	8	static
../RTD/src/Clock_Ip.c:1216:6:Clock_Ip_DisableSircInStandby	8	static
../RTD/src/Clock_Ip.c:1234:6:Clock_Ip_EnableSircInStandby	8	static
../RTD/src/Clock_Ip.c:1250:6:Clock_Ip_ReportClockErrors	16	static
../RTD/src/Clock_Ip.c:1261:6:Clock_Ip_StartTimeout	24	static
../RTD/src/Clock_Ip.c:1277:9:Clock_Ip_TimeoutExpired	32	static
