../RTD/src/Clock_Ip_Selector.c:156:13:Clock_Ip_CallbackSelectorEmpty	8	static
../RTD/src/Clock_Ip_Selector.c:164:13:Clock_Ip_ResetCgmXCscCssClkswSwip	32	static
../RTD/src/Clock_Ip_Selector.c:189:13:Clock_Ip_SetCgmXCscCssClkswSwip	56	static
../RTD/src/Clock_Ip_Selector.c:295:13:Clock_Ip_ResetCgmXCscCssClkswRampupRampdownSwip	32	static
../RTD/src/Clock_Ip_Selector.c:321:13:Clock_Ip_SetCgmXCscCssClkswRampupRampdownSwip	56	static
../RTD/src/Clock_Ip_Selector.c:429:13:Clock_Ip_ResetCgmXCscCssCsGrip	56	static
../RTD/src/Clock_Ip_Selector.c:493:13:Clock_Ip_SetCgmXCscCssCsGrip	56	static
../RTD/src/Clock_Ip_Selector.c:574:13:Clock_Ip_SetRtcRtccClksel	16	static
../RTD/src/Clock_Ip_Selector.c:594:6:Clock_Ip_SetRtcRtccClksel_TrustedCall	16	static
