../RTD/src/Clock_Ip_IntOsc.c:147:13:Clock_Ip_InternalOscillatorEmpty	8	static
../RTD/src/Clock_Ip_IntOsc.c:152:13:Clock_Ip_InternalOscillatorEmpty_Disable	8	static
../RTD/src/Clock_Ip_IntOsc.c:160:13:Clock_Ip_SetFircStdby	8	static
../RTD/src/Clock_Ip_IntOsc.c:175:13:Clock_Ip_EnableFircStdby	8	static
../RTD/src/Clock_Ip_IntOsc.c:181:13:Clock_Ip_DisableFircStdby	8	static
../RTD/src/Clock_Ip_IntOsc.c:190:13:Clock_Ip_SetSircStdby	8	static
../RTD/src/Clock_Ip_IntOsc.c:205:13:Clock_Ip_EnableSircStdby	8	static
../RTD/src/Clock_Ip_IntOsc.c:211:13:Clock_Ip_DisableSircStdby	8	static
../RTD/src/Clock_Ip_IntOsc.c:223:13:Clock_Ip_SetFircDivSelHSEb	48	static
