../RTD/src/Clock_Ip_Monitor.c:205:13:Clock_Ip_ClockMonitorEmpty	8	static
../RTD/src/Clock_Ip_Monitor.c:211:13:Clock_Ip_ClockMonitorEmpty_Set	8	static
../RTD/src/Clock_Ip_Monitor.c:220:13:Clock_Ip_ClockMonitorEmpty_Disable	8	static
../RTD/src/Clock_Ip_Monitor.c:243:13:Clock_Ip_DisableCmuFcFceRefCntLfrefHfref	48	static
../RTD/src/Clock_Ip_Monitor.c:291:13:Clock_Ip_ResetCmuFcFceRefCntLfrefHfref	16	static
../RTD/src/Clock_Ip_Monitor.c:300:13:Clock_Ip_SetCmuFcFceRefCntLfrefHfref	64	static
../RTD/src/Clock_Ip_Monitor.c:417:13:Clock_Ip_EnableCmuFcFceRefCntLfrefHfref	16	static
../RTD/src/Clock_Ip_Monitor.c:453:8:Clock_Ip_CMU_GetInterruptStatus	16	static
../RTD/src/Clock_Ip_Monitor.c:472:6:Clock_Ip_CMU_ClockFailInt	24	static
