../RTD/src/Clock_Ip_Specific.c:216:13:Clock_Ip_PllPowerClockIp	24	static
../RTD/src/Clock_Ip_Specific.c:274:6:Clock_Ip_PowerClockIpModules	24	static
../RTD/src/Clock_Ip_Specific.c:391:13:Clock_Ip_CodeInRamSetFlashWaitStates	16	static
../RTD/src/Clock_Ip_Specific.c:492:6:Clock_Ip_SetRamWaitStates	8	static
../RTD/src/Clock_Ip_Specific.c:510:6:Clock_Ip_SetFlashWaitStates	8	static
../RTD/src/Clock_Ip_Specific.c:516:6:Clock_Ip_McMeEnterKey	0	static
../RTD/src/Clock_Ip_Specific.c:525:13:Clock_Ip_SpecificPlatformInitClock	16	static
../RTD/src/Clock_Ip_Specific.c:538:6:DisableFircInStandbyMode	8	static
../RTD/src/Clock_Ip_Specific.c:544:6:EnableFircInStandbyMode	24	static
../RTD/src/Clock_Ip_Specific.c:552:6:DisableSircInStandbyMode	8	static
../RTD/src/Clock_Ip_Specific.c:558:6:EnableSircInStandbyMode	24	static
../RTD/src/Clock_Ip_Specific.c:566:13:Clock_Ip_ClockInitializeObjects	0	static
../RTD/src/Clock_Ip_Specific.c:669:6:Clock_Ip_Command	16	static
../RTD/src/Clock_Ip_Specific.c:703:6:Clock_Ip_FLASH_SetFlashIWS	8	static
../RTD/src/Clock_Ip_Specific.c:722:6:Clock_Ip_PRAMCSetRamIWS	16	static
