../RTD/src/Clock_Ip_ExtOsc.c:157:13:Clock_Ip_ExternalOscillatorEmpty	8	static
../RTD/src/Clock_Ip_ExtOsc.c:162:13:Clock_Ip_DisableClockIpExternalOscillatorEmpty	8	static
../RTD/src/Clock_Ip_ExtOsc.c:172:13:Clock_Ip_ResetFxoscOsconBypEocvGmSel	16	static
../RTD/src/Clock_Ip_ExtOsc.c:190:13:Clock_Ip_SetFxoscOsconBypEocvGmSel	24	static
../RTD/src/Clock_Ip_ExtOsc.c:229:13:Clock_Ip_CompleteFxoscOsconBypEocvGmSel	40	static
../RTD/src/Clock_Ip_ExtOsc.c:286:13:Clock_Ip_DisableFxoscOsconBypEocvGmSel	16	static
../RTD/src/Clock_Ip_ExtOsc.c:293:13:Clock_Ip_EnableFxoscOsconBypEocvGmSel	16	static
../RTD/src/Clock_Ip_ExtOsc.c:315:13:Clock_Ip_ResetSxoscOsconEocv	16	static
../RTD/src/Clock_Ip_ExtOsc.c:333:13:Clock_Ip_SetSxoscOsconEocv	24	static
../RTD/src/Clock_Ip_ExtOsc.c:363:13:Clock_Ip_CompleteSxoscOsconEocv	40	static
../RTD/src/Clock_Ip_ExtOsc.c:415:13:Clock_Ip_DisableSxoscOsconEocv	8	static
../RTD/src/Clock_Ip_ExtOsc.c:421:13:Clock_Ip_EnableSxoscOsconEocv	8	static
