../RTD/src/Clock_Ip_Frequency.c:1830:15:Clock_Ip_Get_Zero_Frequency	0	static
../RTD/src/Clock_Ip_Frequency.c:1835:15:Clock_Ip_Get_FIRC_CLK_Frequency	8	static
../RTD/src/Clock_Ip_Frequency.c:1844:15:Clock_Ip_Get_FIRC_STANDBY_CLK_Frequency	16	static
../RTD/src/Clock_Ip_Frequency.c:1850:15:Clock_Ip_Get_SIRC_CLK_Frequency	0	static
../RTD/src/Clock_Ip_Frequency.c:1854:15:Clock_Ip_Get_SIRC_STANDBY_CLK_Frequency	16	static
../RTD/src/Clock_Ip_Frequency.c:1860:15:Clock_Ip_Get_FXOSC_CLK_Frequency	8	static
../RTD/src/Clock_Ip_Frequency.c:1872:15:Clock_Ip_Get_SXOSC_CLK_Frequency	8	static
../RTD/src/Clock_Ip_Frequency.c:1884:15:Clock_Ip_Get_PLL_CLK_Frequency	24	static
../RTD/src/Clock_Ip_Frequency.c:1914:15:Clock_Ip_Get_PLL_POSTDIV_CLK_Frequency	16	static
../RTD/src/Clock_Ip_Frequency.c:1944:15:Clock_Ip_Get_PLL_PHI0_Frequency	16	static
../RTD/src/Clock_Ip_Frequency.c:1951:15:Clock_Ip_Get_PLL_PHI1_Frequency	16	static
../RTD/src/Clock_Ip_Frequency.c:1986:15:Clock_Ip_Get_emac_mii_rx_Frequency	0	static
../RTD/src/Clock_Ip_Frequency.c:1992:15:Clock_Ip_Get_emac_mii_rmii_tx_Frequency	0	static
../RTD/src/Clock_Ip_Frequency.c:2045:15:Clock_Ip_Get_SCS_CLK_Frequency	16	static
../RTD/src/Clock_Ip_Frequency.c:2060:15:Clock_Ip_Get_CORE_CLK_Frequency	16	static
../RTD/src/Clock_Ip_Frequency.c:2067:15:Clock_Ip_Get_AIPS_PLAT_CLK_Frequency	16	static
../RTD/src/Clock_Ip_Frequency.c:2074:15:Clock_Ip_Get_AIPS_SLOW_CLK_Frequency	16	static
../RTD/src/Clock_Ip_Frequency.c:2081:15:Clock_Ip_Get_HSE_CLK_Frequency	16	static
../RTD/src/Clock_Ip_Frequency.c:2088:15:Clock_Ip_Get_DCM_CLK_Frequency	16	static
../RTD/src/Clock_Ip_Frequency.c:2096:15:Clock_Ip_Get_LBIST_CLK_Frequency	16	static
../RTD/src/Clock_Ip_Frequency.c:2105:15:Clock_Ip_Get_QSPI_MEM_CLK_Frequency	16	static
../RTD/src/Clock_Ip_Frequency.c:2122:15:Clock_Ip_Get_CLKOUT_RUN_CLK_Frequency	16	static
../RTD/src/Clock_Ip_Frequency.c:2129:15:Clock_Ip_Get_ADC0_CLK_Frequency	16	static
../RTD/src/Clock_Ip_Frequency.c:2139:15:Clock_Ip_Get_ADC1_CLK_Frequency	16	static
../RTD/src/Clock_Ip_Frequency.c:2150:15:Clock_Ip_Get_ADC2_CLK_Frequency	16	static
../RTD/src/Clock_Ip_Frequency.c:2246:15:Clock_Ip_Get_BCTU0_CLK_Frequency	16	static
../RTD/src/Clock_Ip_Frequency.c:2260:15:Clock_Ip_Get_CLKOUT_STANDBY_CLK_Frequency	16	static
../RTD/src/Clock_Ip_Frequency.c:2267:15:Clock_Ip_Get_CMP0_CLK_Frequency	16	static
../RTD/src/Clock_Ip_Frequency.c:2274:15:Clock_Ip_Get_CMP1_CLK_Frequency	16	static
../RTD/src/Clock_Ip_Frequency.c:2282:15:Clock_Ip_Get_CMP2_CLK_Frequency	16	static
../RTD/src/Clock_Ip_Frequency.c:2335:15:Clock_Ip_Get_CRC0_CLK_Frequency	16	static
../RTD/src/Clock_Ip_Frequency.c:2341:15:Clock_Ip_Get_DMAMUX0_CLK_Frequency	16	static
../RTD/src/Clock_Ip_Frequency.c:2347:15:Clock_Ip_Get_DMAMUX1_CLK_Frequency	16	static
../RTD/src/Clock_Ip_Frequency.c:2381:15:Clock_Ip_Get_EDMA0_CLK_Frequency	16	static
../RTD/src/Clock_Ip_Frequency.c:2387:15:Clock_Ip_Get_EDMA0_TCD0_CLK_Frequency	16	static
../RTD/src/Clock_Ip_Frequency.c:2393:15:Clock_Ip_Get_EDMA0_TCD1_CLK_Frequency	16	static
../RTD/src/Clock_Ip_Frequency.c:2399:15:Clock_Ip_Get_EDMA0_TCD2_CLK_Frequency	16	static
../RTD/src/Clock_Ip_Frequency.c:2405:15:Clock_Ip_Get_EDMA0_TCD3_CLK_Frequency	16	static
../RTD/src/Clock_Ip_Frequency.c:2411:15:Clock_Ip_Get_EDMA0_TCD4_CLK_Frequency	16	static
../RTD/src/Clock_Ip_Frequency.c:2417:15:Clock_Ip_Get_EDMA0_TCD5_CLK_Frequency	16	static
../RTD/src/Clock_Ip_Frequency.c:2423:15:Clock_Ip_Get_EDMA0_TCD6_CLK_Frequency	16	static
../RTD/src/Clock_Ip_Frequency.c:2429:15:Clock_Ip_Get_EDMA0_TCD7_CLK_Frequency	16	static
../RTD/src/Clock_Ip_Frequency.c:2435:15:Clock_Ip_Get_EDMA0_TCD8_CLK_Frequency	16	static
../RTD/src/Clock_Ip_Frequency.c:2441:15:Clock_Ip_Get_EDMA0_TCD9_CLK_Frequency	16	static
../RTD/src/Clock_Ip_Frequency.c:2447:15:Clock_Ip_Get_EDMA0_TCD10_CLK_Frequency	16	static
../RTD/src/Clock_Ip_Frequency.c:2453:15:Clock_Ip_Get_EDMA0_TCD11_CLK_Frequency	16	static
../RTD/src/Clock_Ip_Frequency.c:2460:15:Clock_Ip_Get_EDMA0_TCD12_CLK_Frequency	16	static
../RTD/src/Clock_Ip_Frequency.c:2468:15:Clock_Ip_Get_EDMA0_TCD13_CLK_Frequency	16	static
../RTD/src/Clock_Ip_Frequency.c:2476:15:Clock_Ip_Get_EDMA0_TCD14_CLK_Frequency	16	static
../RTD/src/Clock_Ip_Frequency.c:2484:15:Clock_Ip_Get_EDMA0_TCD15_CLK_Frequency	16	static
../RTD/src/Clock_Ip_Frequency.c:2492:15:Clock_Ip_Get_EDMA0_TCD16_CLK_Frequency	16	static
../RTD/src/Clock_Ip_Frequency.c:2500:15:Clock_Ip_Get_EDMA0_TCD17_CLK_Frequency	16	static
../RTD/src/Clock_Ip_Frequency.c:2508:15:Clock_Ip_Get_EDMA0_TCD18_CLK_Frequency	16	static
../RTD/src/Clock_Ip_Frequency.c:2516:15:Clock_Ip_Get_EDMA0_TCD19_CLK_Frequency	16	static
../RTD/src/Clock_Ip_Frequency.c:2524:15:Clock_Ip_Get_EDMA0_TCD20_CLK_Frequency	16	static
../RTD/src/Clock_Ip_Frequency.c:2532:15:Clock_Ip_Get_EDMA0_TCD21_CLK_Frequency	16	static
../RTD/src/Clock_Ip_Frequency.c:2540:15:Clock_Ip_Get_EDMA0_TCD22_CLK_Frequency	16	static
../RTD/src/Clock_Ip_Frequency.c:2548:15:Clock_Ip_Get_EDMA0_TCD23_CLK_Frequency	16	static
../RTD/src/Clock_Ip_Frequency.c:2556:15:Clock_Ip_Get_EDMA0_TCD24_CLK_Frequency	16	static
../RTD/src/Clock_Ip_Frequency.c:2564:15:Clock_Ip_Get_EDMA0_TCD25_CLK_Frequency	16	static
../RTD/src/Clock_Ip_Frequency.c:2572:15:Clock_Ip_Get_EDMA0_TCD26_CLK_Frequency	16	static
../RTD/src/Clock_Ip_Frequency.c:2580:15:Clock_Ip_Get_EDMA0_TCD27_CLK_Frequency	16	static
../RTD/src/Clock_Ip_Frequency.c:2588:15:Clock_Ip_Get_EDMA0_TCD28_CLK_Frequency	16	static
../RTD/src/Clock_Ip_Frequency.c:2596:15:Clock_Ip_Get_EDMA0_TCD29_CLK_Frequency	16	static
../RTD/src/Clock_Ip_Frequency.c:2604:15:Clock_Ip_Get_EDMA0_TCD30_CLK_Frequency	16	static
../RTD/src/Clock_Ip_Frequency.c:2612:15:Clock_Ip_Get_EDMA0_TCD31_CLK_Frequency	16	static
../RTD/src/Clock_Ip_Frequency.c:2900:15:Clock_Ip_Get_EIM_CLK_Frequency	16	static
../RTD/src/Clock_Ip_Frequency.c:2956:15:Clock_Ip_Get_EMAC_RX_CLK_Frequency	16	static
../RTD/src/Clock_Ip_Frequency.c:2965:15:Clock_Ip_Get_EMAC0_RX_CLK_Frequency	16	static
../RTD/src/Clock_Ip_Frequency.c:2973:15:Clock_Ip_Get_EMAC_TS_CLK_Frequency	16	static
../RTD/src/Clock_Ip_Frequency.c:2982:15:Clock_Ip_Get_EMAC0_TS_CLK_Frequency	16	static
../RTD/src/Clock_Ip_Frequency.c:2990:15:Clock_Ip_Get_EMAC_TX_CLK_Frequency	16	static
../RTD/src/Clock_Ip_Frequency.c:2999:15:Clock_Ip_Get_EMAC0_TX_CLK_Frequency	16	static
../RTD/src/Clock_Ip_Frequency.c:3015:15:Clock_Ip_Get_EMIOS0_CLK_Frequency	16	static
../RTD/src/Clock_Ip_Frequency.c:3022:15:Clock_Ip_Get_EMIOS1_CLK_Frequency	16	static
../RTD/src/Clock_Ip_Frequency.c:3030:15:Clock_Ip_Get_EMIOS2_CLK_Frequency	16	static
../RTD/src/Clock_Ip_Frequency.c:3037:15:Clock_Ip_Get_ERM0_CLK_Frequency	16	static
../RTD/src/Clock_Ip_Frequency.c:3131:15:Clock_Ip_Get_FLEXCANA_CLK_Frequency	16	static
../RTD/src/Clock_Ip_Frequency.c:3138:15:Clock_Ip_Get_FLEXCAN0_CLK_Frequency	16	static
../RTD/src/Clock_Ip_Frequency.c:3144:15:Clock_Ip_Get_FLEXCAN1_CLK_Frequency	16	static
../RTD/src/Clock_Ip_Frequency.c:3150:15:Clock_Ip_Get_FLEXCAN2_CLK_Frequency	16	static
../RTD/src/Clock_Ip_Frequency.c:3157:15:Clock_Ip_Get_FLEXCANB_CLK_Frequency	16	static
../RTD/src/Clock_Ip_Frequency.c:3166:15:Clock_Ip_Get_FLEXCAN3_CLK_Frequency	16	static
../RTD/src/Clock_Ip_Frequency.c:3174:15:Clock_Ip_Get_FLEXCAN4_CLK_Frequency	16	static
../RTD/src/Clock_Ip_Frequency.c:3182:15:Clock_Ip_Get_FLEXCAN5_CLK_Frequency	16	static
../RTD/src/Clock_Ip_Frequency.c:3205:15:Clock_Ip_Get_FLEXIO0_CLK_Frequency	16	static
../RTD/src/Clock_Ip_Frequency.c:3243:15:Clock_Ip_Get_INTM_CLK_Frequency	16	static
../RTD/src/Clock_Ip_Frequency.c:3249:15:Clock_Ip_Get_LCU0_CLK_Frequency	16	static
../RTD/src/Clock_Ip_Frequency.c:3255:15:Clock_Ip_Get_LCU1_CLK_Frequency	16	static
../RTD/src/Clock_Ip_Frequency.c:3271:15:Clock_Ip_Get_LPI2C0_CLK_Frequency	16	static
../RTD/src/Clock_Ip_Frequency.c:3278:15:Clock_Ip_Get_LPI2C1_CLK_Frequency	16	static
../RTD/src/Clock_Ip_Frequency.c:3284:15:Clock_Ip_Get_LPSPI0_CLK_Frequency	16	static
../RTD/src/Clock_Ip_Frequency.c:3290:15:Clock_Ip_Get_LPSPI1_CLK_Frequency	16	static
../RTD/src/Clock_Ip_Frequency.c:3296:15:Clock_Ip_Get_LPSPI2_CLK_Frequency	16	static
../RTD/src/Clock_Ip_Frequency.c:3302:15:Clock_Ip_Get_LPSPI3_CLK_Frequency	16	static
../RTD/src/Clock_Ip_Frequency.c:3309:15:Clock_Ip_Get_LPSPI4_CLK_Frequency	16	static
../RTD/src/Clock_Ip_Frequency.c:3317:15:Clock_Ip_Get_LPSPI5_CLK_Frequency	16	static
../RTD/src/Clock_Ip_Frequency.c:3324:15:Clock_Ip_Get_LPUART0_CLK_Frequency	16	static
../RTD/src/Clock_Ip_Frequency.c:3330:15:Clock_Ip_Get_LPUART1_CLK_Frequency	16	static
../RTD/src/Clock_Ip_Frequency.c:3341:15:Clock_Ip_Get_LPUART2_CLK_Frequency	16	static
../RTD/src/Clock_Ip_Frequency.c:3351:15:Clock_Ip_Get_LPUART3_CLK_Frequency	16	static
../RTD/src/Clock_Ip_Frequency.c:3362:15:Clock_Ip_Get_LPUART4_CLK_Frequency	16	static
../RTD/src/Clock_Ip_Frequency.c:3374:15:Clock_Ip_Get_LPUART5_CLK_Frequency	16	static
../RTD/src/Clock_Ip_Frequency.c:3386:15:Clock_Ip_Get_LPUART6_CLK_Frequency	16	static
../RTD/src/Clock_Ip_Frequency.c:3398:15:Clock_Ip_Get_LPUART7_CLK_Frequency	16	static
../RTD/src/Clock_Ip_Frequency.c:3410:15:Clock_Ip_Get_LPUART8_CLK_Frequency	16	static
../RTD/src/Clock_Ip_Frequency.c:3418:15:Clock_Ip_Get_LPUART9_CLK_Frequency	16	static
../RTD/src/Clock_Ip_Frequency.c:3430:15:Clock_Ip_Get_LPUART10_CLK_Frequency	16	static
../RTD/src/Clock_Ip_Frequency.c:3442:15:Clock_Ip_Get_LPUART11_CLK_Frequency	16	static
../RTD/src/Clock_Ip_Frequency.c:3454:15:Clock_Ip_Get_LPUART12_CLK_Frequency	16	static
../RTD/src/Clock_Ip_Frequency.c:3466:15:Clock_Ip_Get_LPUART13_CLK_Frequency	16	static
../RTD/src/Clock_Ip_Frequency.c:3478:15:Clock_Ip_Get_LPUART14_CLK_Frequency	16	static
../RTD/src/Clock_Ip_Frequency.c:3490:15:Clock_Ip_Get_LPUART15_CLK_Frequency	16	static
../RTD/src/Clock_Ip_Frequency.c:3509:15:Clock_Ip_Get_MSCM_CLK_Frequency	16	static
../RTD/src/Clock_Ip_Frequency.c:3563:15:Clock_Ip_Get_PIT0_CLK_Frequency	16	static
../RTD/src/Clock_Ip_Frequency.c:3569:15:Clock_Ip_Get_PIT1_CLK_Frequency	16	static
../RTD/src/Clock_Ip_Frequency.c:3576:15:Clock_Ip_Get_PIT2_CLK_Frequency	16	static
../RTD/src/Clock_Ip_Frequency.c:3617:15:Clock_Ip_Get_QSPI0_CLK_Frequency	16	static
../RTD/src/Clock_Ip_Frequency.c:3625:15:Clock_Ip_Get_QSPI0_RAM_CLK_Frequency	16	static
../RTD/src/Clock_Ip_Frequency.c:3633:15:Clock_Ip_Get_QSPI0_TX_MEM_CLK_Frequency	16	static
../RTD/src/Clock_Ip_Frequency.c:3647:15:Clock_Ip_Get_QSPI_SFCK_CLK_Frequency	16	static
../RTD/src/Clock_Ip_Frequency.c:3655:15:Clock_Ip_Get_RTC_CLK_Frequency	16	static
../RTD/src/Clock_Ip_Frequency.c:3668:8:Clock_Ip_Get_RTC_CLK_Frequency_TrustedCall	16	static
../RTD/src/Clock_Ip_Frequency.c:3675:15:Clock_Ip_Get_RTC0_CLK_Frequency	16	static
../RTD/src/Clock_Ip_Frequency.c:3682:15:Clock_Ip_Get_SAI0_CLK_Frequency	16	static
../RTD/src/Clock_Ip_Frequency.c:3690:15:Clock_Ip_Get_SAI1_CLK_Frequency	16	static
../RTD/src/Clock_Ip_Frequency.c:3738:15:Clock_Ip_Get_SEMA42_CLK_Frequency	16	static
../RTD/src/Clock_Ip_Frequency.c:3753:15:Clock_Ip_Get_SIUL2_CLK_Frequency	16	static
../RTD/src/Clock_Ip_Frequency.c:3807:15:Clock_Ip_Get_STCU0_CLK_Frequency	16	static
../RTD/src/Clock_Ip_Frequency.c:3813:15:Clock_Ip_Get_STMA_CLK_Frequency	16	static
../RTD/src/Clock_Ip_Frequency.c:3820:15:Clock_Ip_Get_STM0_CLK_Frequency	16	static
../RTD/src/Clock_Ip_Frequency.c:3827:15:Clock_Ip_Get_STMB_CLK_Frequency	16	static
../RTD/src/Clock_Ip_Frequency.c:3836:15:Clock_Ip_Get_STM1_CLK_Frequency	16	static
../RTD/src/Clock_Ip_Frequency.c:4012:15:Clock_Ip_Get_SWT0_CLK_Frequency	16	static
../RTD/src/Clock_Ip_Frequency.c:4058:15:Clock_Ip_Get_TEMPSENSE_CLK_Frequency	16	static
../RTD/src/Clock_Ip_Frequency.c:4064:15:Clock_Ip_Get_TRACE_CLK_Frequency	16	static
../RTD/src/Clock_Ip_Frequency.c:4071:15:Clock_Ip_Get_TRGMUX0_CLK_Frequency	16	static
../RTD/src/Clock_Ip_Frequency.c:4086:15:Clock_Ip_Get_TSENSE0_CLK_Frequency	16	static
../RTD/src/Clock_Ip_Frequency.c:4093:15:Clock_Ip_Get_WKPU0_CLK_Frequency	16	static
../RTD/src/Clock_Ip_Frequency.c:4181:15:Clock_Ip_PLL_VCO	64	static
../RTD/src/Clock_Ip_Frequency.c:4281:6:Clock_Ip_SetExternalOscillatorFrequency	8	static
../RTD/src/Clock_Ip_Frequency.c:4300:8:Clock_Ip_GetFreq	16	static
../RTD/src/Clock_Ip_Frequency.c:4316:6:Clock_Ip_SetExternalSignalFrequency	16	static
