../RTD/src/Clock_Ip_Pll.c:154:13:Clock_Ip_CallbackPllEmpty	8	static
../RTD/src/Clock_Ip_Pll.c:159:37:Clock_Ip_CallbackPllEmptyComplete	8	static
../RTD/src/Clock_Ip_Pll.c:165:13:Clock_Ip_CallbackPllEmptyDisable	8	static
../RTD/src/Clock_Ip_Pll.c:178:13:Clock_Ip_ResetPllRdivMfiMfnOdiv2SdmenSsscgbypSpreadctlStepnoStepsize	16	static
../RTD/src/Clock_Ip_Pll.c:201:13:Clock_Ip_SetPllRdivMfiMfnOdiv2SdmenSsscgbypSpreadctlStepnoStepsize	16	static
../RTD/src/Clock_Ip_Pll.c:267:37:Clock_Ip_CompletePllRdivMfiMfnOdiv2SdmenSsscgbypSpreadctlStepnoStepsize	48	static
../RTD/src/Clock_Ip_Pll.c:303:13:Clock_Ip_EnablePllRdivMfiMfnOdiv2SdmenSsscgbypSpreadctlStepnoStepsize	16	static
