../RTD/include/Gmac_Ip_Hw_Access.h:233:22:GMAC_ReadManagementFrameData	8	static
C:/NXP/S32DS.3.5_2/S32DS/software/PlatformSDK_S32K3/RTD/BaseNXP_TS_T40D34M40I0R0/include/Devassert.h:85:20:DevAssert	8	static
../RTD/src/Gmac_Ip.c:360:15:Gmac_Ip_ComputeCRC32	24	static
../RTD/src/Gmac_Ip.c:390:13:Gmac_Ip_ReadTimeStampInfo	40	static
../RTD/src/Gmac_Ip.c:455:27:Gmac_Ip_InitDMA	40	static
../RTD/src/Gmac_Ip.c:527:13:Gmac_Ip_InitSafetyEvents	8	static
../RTD/src/Gmac_Ip.c:585:14:Gmac_Ip_WriteGateControlList	40	static
../RTD/src/Gmac_Ip.c:644:27:Gmac_Ip_ConfigTimeGateScheduling	248	static
../RTD/src/Gmac_Ip.c:735:13:Gmac_Ip_InitMTL	32	static
../RTD/src/Gmac_Ip.c:797:13:Gmac_Ip_InitMAC	8	static
../RTD/src/Gmac_Ip.c:827:13:Gmac_Ip_InitStateStructure	16	static
../RTD/src/Gmac_Ip.c:872:13:Gmac_Ip_InitTxBD	32	static
../RTD/src/Gmac_Ip.c:932:13:Gmac_Ip_InitRxBD	32	static
../RTD/src/Gmac_Ip.c:1003:13:Gmac_Ip_GetTimestamp	32	static
../RTD/src/Gmac_Ip.c:1042:16:Gmac_Ip_RestoreRxCtxtDescr	24	static
../RTD/src/Gmac_Ip.c:1069:13:Gmac_Ip_RestoreTxDescr	24	static
../RTD/src/Gmac_Ip.c:1098:13:Gmac_Ip_RestoreRxDescr	24	static
../RTD/src/Gmac_Ip.c:1124:27:Gmac_Ip_CheckMTLEmpty	32	static
../RTD/src/Gmac_Ip.c:1167:28:Gmac_Ip_GetPayloadType	16	static
../RTD/src/Gmac_Ip.c:1196:13:Gmac_Ip_TxTimeAwareShaperInit	24	static
../RTD/src/Gmac_Ip.c:1258:20:Gmac_Ip_Init	32	static
../RTD/src/Gmac_Ip.c:1334:20:Gmac_Ip_EnableTimeGateScheduling	40	static
../RTD/src/Gmac_Ip.c:1383:6:Gmac_Ip_Deinit	24	static
../RTD/src/Gmac_Ip.c:1411:24:Gmac_Ip_GetPowerState	24	static
../RTD/src/Gmac_Ip.c:1426:6:Gmac_Ip_SetPowerState	24	static
../RTD/src/Gmac_Ip.c:1441:6:Gmac_Ip_EnableController	16	static
../RTD/src/Gmac_Ip.c:1466:20:Gmac_Ip_DisableController	24	static
../RTD/src/Gmac_Ip.c:1520:6:Gmac_Ip_SetSpeed	24	static
../RTD/src/Gmac_Ip.c:1535:20:Gmac_Ip_GetTxBuff	40	static
../RTD/src/Gmac_Ip.c:1651:20:Gmac_Ip_GetTxMultiBuff	40	static
../RTD/src/Gmac_Ip.c:1711:20:Gmac_Ip_SendFrame	40	static
../RTD/src/Gmac_Ip.c:1793:20:Gmac_Ip_SendMultiBufferFrame	64	static
../RTD/src/Gmac_Ip.c:1920:20:Gmac_Ip_ReadFrame	40	static
../RTD/src/Gmac_Ip.c:2195:6:Gmac_Ip_SetRxExternalBuffer	32	static
../RTD/src/Gmac_Ip.c:2240:6:Gmac_Ip_ProvideRxBuff	40	static
../RTD/src/Gmac_Ip.c:2333:9:Gmac_Ip_IsFrameAvailable	24	static
../RTD/src/Gmac_Ip.c:2361:20:Gmac_Ip_GetTransmitStatus	56	static
../RTD/src/Gmac_Ip.c:2477:8:Gmac_Ip_GetCounter	32	static
../RTD/src/Gmac_Ip.c:2499:6:Gmac_Ip_EnableMDIO	24	static
../RTD/src/Gmac_Ip.c:2540:20:Gmac_Ip_MDIORead	40	static
../RTD/src/Gmac_Ip.c:2578:20:Gmac_Ip_MDIOWrite	40	static
../RTD/src/Gmac_Ip.c:2610:20:Gmac_Ip_MDIOReadMMD	40	static
../RTD/src/Gmac_Ip.c:2649:20:Gmac_Ip_MDIOWriteMMD	40	static
../RTD/src/Gmac_Ip.c:2682:6:Gmac_Ip_SetMacAddr	24	static
../RTD/src/Gmac_Ip.c:2712:6:Gmac_Ip_GetMacAddr	24	static
../RTD/src/Gmac_Ip.c:2741:8:Gmac_Ip_GetInterruptFlags	24	static
../RTD/src/Gmac_Ip.c:2758:8:Gmac_Ip_GetChInterruptFlags	24	static
../RTD/src/Gmac_Ip.c:2776:6:Gmac_Ip_SetBroadcastForwardAll	24	static
../RTD/src/Gmac_Ip.c:2806:6:Gmac_Ip_SetMulticastForwardAll	24	static
../RTD/src/Gmac_Ip.c:2838:6:Gmac_Ip_SetUnicastHashFilter	24	static
../RTD/src/Gmac_Ip.c:2867:6:Gmac_Ip_SetMulticastHashFilter	24	static
../RTD/src/Gmac_Ip.c:2896:6:Gmac_Ip_SetHashOrPerfectFilter	24	static
../RTD/src/Gmac_Ip.c:2925:6:Gmac_Ip_AddDstAddrToHashFilter	24	static
../RTD/src/Gmac_Ip.c:2946:6:Gmac_Ip_RemoveDstAddrFromHashFilter	24	static
../RTD/src/Gmac_Ip.c:2967:6:Gmac_Ip_SetAddrPerfectFilter	32	static
../RTD/src/Gmac_Ip.c:3072:6:Gmac_Ip_EnableVlan	24	static
../RTD/src/Gmac_Ip.c:3112:20:Gmac_Ip_SetTxOuterVlanTagForInsertion	40	static
../RTD/src/Gmac_Ip.c:3194:20:Gmac_Ip_SetTxOuterVlanTagForReplacement	24	static
../RTD/src/Gmac_Ip.c:3233:6:Gmac_Ip_SetTxInnerVlanTag	24	static
../RTD/src/Gmac_Ip.c:3260:6:Gmac_Ip_SetVlanTagRxFilter	32	static
../RTD/src/Gmac_Ip.c:3302:20:Gmac_Ip_AddVlanTagToRxFilter	40	static
../RTD/src/Gmac_Ip.c:3363:20:Gmac_Ip_ReadVlanTagRxFilter	24	static
../RTD/src/Gmac_Ip.c:3383:20:Gmac_Ip_ClearVlanTagRxFilter	40	static
../RTD/src/Gmac_Ip.c:3438:6:Gmac_Ip_AddVlanTagToHashTable	32	static
../RTD/src/Gmac_Ip.c:3463:6:Gmac_Ip_RemoveVlanTagFromHashTable	32	static
../RTD/src/Gmac_Ip.c:3488:20:Gmac_Ip_InitSysTime	40	static
../RTD/src/Gmac_Ip.c:3550:20:Gmac_Ip_SetSysTimeCorr	56	static
../RTD/src/Gmac_Ip.c:3603:20:Gmac_Ip_SetRateRatioCorr	48	static
../RTD/src/Gmac_Ip.c:3645:6:Gmac_Ip_GetSysTime	24	static
../RTD/src/Gmac_Ip.c:3665:6:Gmac_Ip_SetTxSchedAlgo	24	static
../RTD/src/Gmac_Ip.c:3687:6:Gmac_Ip_SetTxRingWeight	16	static
../RTD/src/Gmac_Ip.c:3705:6:Gmac_Ip_EnableTxStoreAndForward	16	static
../RTD/src/Gmac_Ip.c:3723:6:Gmac_Ip_SetTxThreshold	16	static
