../RTD/src/Gmac_Ip_Hw_Access.c:132:22:REV_BITS_32	16	static
../RTD/src/Gmac_Ip_Hw_Access.c:195:13:GMAC_IrqFSMHandler	24	static
../RTD/src/Gmac_Ip_Hw_Access.c:223:13:GMAC_IrqFSMDPPHandler	32	static
../RTD/src/Gmac_Ip_Hw_Access.c:249:13:GMAC_IrqECCHandler	24	static
../RTD/src/Gmac_Ip_Hw_Access.c:271:13:GMAC_MACIRQHandler	24	static
../RTD/src/Gmac_Ip_Hw_Access.c:314:6:GMAC_StartTimeOut	24	static
../RTD/src/Gmac_Ip_Hw_Access.c:330:9:GMAC_TimeoutExpired	32	static
../RTD/src/Gmac_Ip_Hw_Access.c:351:20:GMAC_WriteManagementFrame	40	static
../RTD/src/Gmac_Ip_Hw_Access.c:401:6:GMAC_CommonIRQHandler	40	static
../RTD/src/Gmac_Ip_Hw_Access.c:464:6:GMAC_SafetyIRQHandler	32	static
../RTD/src/Gmac_Ip_Hw_Access.c:505:6:GMAC_RxIRQHandler	32	static
../RTD/src/Gmac_Ip_Hw_Access.c:545:6:GMAC_TxIRQHandler	32	static
../RTD/src/Gmac_Ip_Hw_Access.c:584:6:GMAC_AddToHashTable	32	static
../RTD/src/Gmac_Ip_Hw_Access.c:606:6:GMAC_RemoveFromHashTable	32	static
../RTD/src/Gmac_Ip_Hw_Access.c:626:6:GMAC_AddVlanToHashTable	24	static
../RTD/src/Gmac_Ip_Hw_Access.c:647:6:GMAC_RemoveVlanFromHashTable	24	static
../RTD/src/Gmac_Ip_Hw_Access.c:668:24:GMAC_GetPowerState	16	static
../RTD/src/Gmac_Ip_Hw_Access.c:705:6:GMAC_SetPowerState	8	static
../RTD/src/Gmac_Ip_Hw_Access.c:757:6:GMAC_SetSpeed	8	static
../RTD/src/Gmac_Ip_Hw_Access.c:793:6:GMAC_SetSchedAlg	8	static
../RTD/src/Gmac_Ip_Hw_Access.c:815:6:GMAC_SetTxQueueQuantumWeight	8	static
../RTD/src/Gmac_Ip_Hw_Access.c:827:6:GMAC_SetTxQueueCreditBasedShaper	16	static
../RTD/src/Gmac_Ip_Hw_Access.c:843:6:GMAC_SetTxQueueOperationMode	24	static
../RTD/src/Gmac_Ip_Hw_Access.c:864:6:GMAC_SetTxStoreAndForward	8	static
../RTD/src/Gmac_Ip_Hw_Access.c:875:6:GMAC_SetTxThreshold	8	static
../RTD/src/Gmac_Ip_Hw_Access.c:889:6:GMAC_EnableRxQueue	8	static
../RTD/src/Gmac_Ip_Hw_Access.c:917:6:GMAC_SetRxQueueOperationMode	16	static
../RTD/src/Gmac_Ip_Hw_Access.c:935:6:GMAC_SetRxQueuesDmaChMap	8	static
../RTD/src/Gmac_Ip_Hw_Access.c:980:20:GMAC_ReadVlanTagRxFilter	40	static
../RTD/src/Gmac_Ip_Hw_Access.c:1029:6:GMAC_SetVlanTagInvMatch	8	static
../RTD/src/Gmac_Ip_Hw_Access.c:1048:6:GMAC_SetVlanTagDataRxMatch	8	static
