C:/NXP/S32DS.3.5_2/S32DS/software/PlatformSDK_S32K3/RTD/BaseNXP_TS_T40D34M40I0R0/include/Devassert.h:85:20:DevAssert	8	static
../RTD/src/IntCtrl_Ip.c:173:6:IntCtrl_Ip_InstallHandlerPrivileged	32	static
../RTD/src/IntCtrl_Ip.c:232:6:IntCtrl_Ip_EnableIrqPrivileged	16	static
../RTD/src/IntCtrl_Ip.c:264:6:IntCtrl_Ip_DisableIrqPrivileged	16	static
../RTD/src/IntCtrl_Ip.c:297:6:IntCtrl_Ip_SetPriorityPrivileged	24	static
../RTD/src/IntCtrl_Ip.c:360:7:IntCtrl_Ip_GetPriorityPrivileged	24	static
../RTD/src/IntCtrl_Ip.c:412:6:IntCtrl_Ip_ClearPendingPrivileged	16	static
../RTD/src/IntCtrl_Ip.c:451:6:IntCtrl_Ip_SetPendingPrivileged	16	static
../RTD/src/IntCtrl_Ip.c:486:8:IntCtrl_Ip_GetPendingPrivileged	16	static
../RTD/src/IntCtrl_Ip.c:527:8:IntCtrl_Ip_GetActivePrivileged	16	static
../RTD/src/IntCtrl_Ip.c:542:6:IntCtrl_Ip_ClearDirectedCpuInterruptPrivileged	24	static
../RTD/src/IntCtrl_Ip.c:560:8:IntCtrl_Ip_GetDirectedCpuInterruptPrivileged	24	static
../RTD/src/IntCtrl_Ip.c:579:6:IntCtrl_Ip_GenerateDirectedCpuInterruptPrivileged	32	static
../RTD/src/IntCtrl_Ip.c:633:23:IntCtrl_Ip_Init	24	static
../RTD/src/IntCtrl_Ip.c:674:6:IntCtrl_Ip_InstallHandler	24	static
../RTD/src/IntCtrl_Ip.c:686:6:IntCtrl_Ip_EnableIrq	16	static
../RTD/src/IntCtrl_Ip.c:696:6:IntCtrl_Ip_DisableIrq	16	static
../RTD/src/IntCtrl_Ip.c:706:6:IntCtrl_Ip_SetPriority	16	static
../RTD/src/IntCtrl_Ip.c:716:7:IntCtrl_Ip_GetPriority	16	static
../RTD/src/IntCtrl_Ip.c:726:6:IntCtrl_Ip_ClearPending	16	static
../RTD/src/IntCtrl_Ip.c:738:6:IntCtrl_Ip_SetPending	16	static
../RTD/src/IntCtrl_Ip.c:748:9:IntCtrl_Ip_GetPending	16	static
../RTD/src/IntCtrl_Ip.c:761:9:IntCtrl_Ip_GetActive	16	static
../RTD/src/IntCtrl_Ip.c:777:6:IntCtrl_Ip_ClearDirectedCpuInterrupt	16	static
../RTD/src/IntCtrl_Ip.c:786:9:IntCtrl_Ip_GetDirectedCpuInterrupt	16	static
../RTD/src/IntCtrl_Ip.c:795:6:IntCtrl_Ip_GenerateDirectedCpuInterrupt	16	static
