C:/NXP/S32DS.3.5_2/S32DS/software/PlatformSDK_S32K3/RTD/BaseNXP_TS_T40D34M40I0R0/include/Devassert.h:85:20:DevAssert	8	static
../RTD/src/OsIf_Timer.c:213:22:OsIf_Timer_Dummy_GetCounter	0	static
../RTD/src/OsIf_Timer.c:224:22:OsIf_Timer_Dummy_GetElapsed	8	static
../RTD/src/OsIf_Timer.c:236:20:OsIf_Timer_Dummy_SetTimerFrequency	8	static
../RTD/src/OsIf_Timer.c:247:22:OsIf_Timer_Dummy_MicrosToTicks	8	static
../RTD/src/OsIf_Timer.c:267:6:OsIf_Init	16	static
../RTD/src/OsIf_Timer.c:297:8:OsIf_GetCounter	24	static
../RTD/src/OsIf_Timer.c:331:8:OsIf_GetElapsed	24	static
../RTD/src/OsIf_Timer.c:365:6:OsIf_SetTimerFrequency	16	static
../RTD/src/OsIf_Timer.c:394:8:OsIf_MicrosToTicks	24	static
