../RTD/include/Pit_Ip.h:212:23:Pit_Ip_GetInterruptStatusFlag	16	static
../RTD/src/Pit_Ip.c:838:8:Pit_Ip_GetLoadValue	16	static
../RTD/src/Pit_Ip.c:871:20:Pit_Ip_EnableModule	8	static
../RTD/src/Pit_Ip.c:899:20:Pit_Ip_EnableTimer	16	static
../RTD/src/Pit_Ip.c:948:20:Pit_Ip_SetDebugMode	8	static
../RTD/src/Pit_Ip.c:971:20:Pit_Ip_SetChainMode	16	static
../RTD/src/Pit_Ip.c:998:20:Pit_Ip_Reset	24	static
../RTD/src/Pit_Ip.c:1059:23:Pit_Ip_IsChannelRunning	16	static
../RTD/src/Pit_Ip.c:1090:20:Pit_Ip_SetCounterValue	8	static
../RTD/src/Pit_Ip.c:1118:22:Pit_Ip_GetCounterValue	16	static
../RTD/src/Pit_Ip.c:1148:20:Pit_Ip_SetEnableInterruptFlag	16	static
../RTD/src/Pit_Ip.c:1198:20:Pit_Ip_ClearInterruptStatusFlag	8	static
../RTD/src/Pit_Ip.c:1224:22:Pit_Ip_GetUpperLifetimerValue	16	static
../RTD/src/Pit_Ip.c:1240:22:Pit_Ip_GetLowerLifetimerValue	16	static
../RTD/src/Pit_Ip.c:1396:23:Pit_Ip_GetInterruptEnableFlag	16	static
../RTD/src/Pit_Ip.c:1423:13:Pit_Ip_ProcessCommonInterrupt	32	static
../RTD/src/Pit_Ip.c:1490:6:Pit_Ip_Init	16	static
../RTD/src/Pit_Ip.c:1555:6:Pit_Ip_InitChannel	16	static
../RTD/src/Pit_Ip.c:1662:6:Pit_Ip_Deinit	24	static
../RTD/src/Pit_Ip.c:1878:19:Pit_Ip_StartChannel	24	static
../RTD/src/Pit_Ip.c:1942:6:Pit_Ip_StopChannel	16	static
../RTD/src/Pit_Ip.c:1967:8:Pit_Ip_GetCurrentTimer	32	static
../RTD/src/Pit_Ip.c:1992:6:Pit_Ip_EnableChannelInterrupt	16	static
../RTD/src/Pit_Ip.c:2016:6:Pit_Ip_DisableChannelInterrupt	16	static
../RTD/src/Pit_Ip.c:2112:6:Pit_Ip_SetLifetimeTimer	16	static
../RTD/src/Pit_Ip.c:2147:8:Pit_Ip_GetLifetimeTimer	56	static
../RTD/src/Pit_Ip.c:2194:1:PIT_0_ISR	16	static
