../RTD/src/SchM_Gpt.c:405:8:Gpt_schm_read_msr	4	static
../RTD/src/SchM_Gpt.c:489:6:SchM_Enter_Gpt_GPT_EXCLUSIVE_AREA_00	16	static
../RTD/src/SchM_Gpt.c:513:6:SchM_Exit_Gpt_GPT_EXCLUSIVE_AREA_00	16	static
../RTD/src/SchM_Gpt.c:527:6:SchM_Enter_Gpt_GPT_EXCLUSIVE_AREA_01	16	static
../RTD/src/SchM_Gpt.c:551:6:SchM_Exit_Gpt_GPT_EXCLUSIVE_AREA_01	16	static
../RTD/src/SchM_Gpt.c:565:6:SchM_Enter_Gpt_GPT_EXCLUSIVE_AREA_02	16	static
../RTD/src/SchM_Gpt.c:589:6:SchM_Exit_Gpt_GPT_EXCLUSIVE_AREA_02	16	static
../RTD/src/SchM_Gpt.c:603:6:SchM_Enter_Gpt_GPT_EXCLUSIVE_AREA_03	16	static
../RTD/src/SchM_Gpt.c:627:6:SchM_Exit_Gpt_GPT_EXCLUSIVE_AREA_03	16	static
../RTD/src/SchM_Gpt.c:641:6:SchM_Enter_Gpt_GPT_EXCLUSIVE_AREA_04	16	static
../RTD/src/SchM_Gpt.c:665:6:SchM_Exit_Gpt_GPT_EXCLUSIVE_AREA_04	16	static
../RTD/src/SchM_Gpt.c:679:6:SchM_Enter_Gpt_GPT_EXCLUSIVE_AREA_05	16	static
../RTD/src/SchM_Gpt.c:703:6:SchM_Exit_Gpt_GPT_EXCLUSIVE_AREA_05	16	static
../RTD/src/SchM_Gpt.c:717:6:SchM_Enter_Gpt_GPT_EXCLUSIVE_AREA_06	16	static
../RTD/src/SchM_Gpt.c:741:6:SchM_Exit_Gpt_GPT_EXCLUSIVE_AREA_06	16	static
../RTD/src/SchM_Gpt.c:755:6:SchM_Enter_Gpt_GPT_EXCLUSIVE_AREA_07	16	static
../RTD/src/SchM_Gpt.c:779:6:SchM_Exit_Gpt_GPT_EXCLUSIVE_AREA_07	16	static
../RTD/src/SchM_Gpt.c:793:6:SchM_Enter_Gpt_GPT_EXCLUSIVE_AREA_08	16	static
../RTD/src/SchM_Gpt.c:817:6:SchM_Exit_Gpt_GPT_EXCLUSIVE_AREA_08	16	static
../RTD/src/SchM_Gpt.c:831:6:SchM_Enter_Gpt_GPT_EXCLUSIVE_AREA_09	16	static
../RTD/src/SchM_Gpt.c:855:6:SchM_Exit_Gpt_GPT_EXCLUSIVE_AREA_09	16	static
../RTD/src/SchM_Gpt.c:869:6:SchM_Enter_Gpt_GPT_EXCLUSIVE_AREA_10	16	static
../RTD/src/SchM_Gpt.c:893:6:SchM_Exit_Gpt_GPT_EXCLUSIVE_AREA_10	16	static
../RTD/src/SchM_Gpt.c:907:6:SchM_Enter_Gpt_GPT_EXCLUSIVE_AREA_11	16	static
../RTD/src/SchM_Gpt.c:931:6:SchM_Exit_Gpt_GPT_EXCLUSIVE_AREA_11	16	static
../RTD/src/SchM_Gpt.c:945:6:SchM_Enter_Gpt_GPT_EXCLUSIVE_AREA_17	16	static
../RTD/src/SchM_Gpt.c:969:6:SchM_Exit_Gpt_GPT_EXCLUSIVE_AREA_17	16	static
../RTD/src/SchM_Gpt.c:983:6:SchM_Enter_Gpt_GPT_EXCLUSIVE_AREA_21	16	static
../RTD/src/SchM_Gpt.c:1007:6:SchM_Exit_Gpt_GPT_EXCLUSIVE_AREA_21	16	static
../RTD/src/SchM_Gpt.c:1021:6:SchM_Enter_Gpt_GPT_EXCLUSIVE_AREA_22	16	static
../RTD/src/SchM_Gpt.c:1045:6:SchM_Exit_Gpt_GPT_EXCLUSIVE_AREA_22	16	static
../RTD/src/SchM_Gpt.c:1059:6:SchM_Enter_Gpt_GPT_EXCLUSIVE_AREA_23	16	static
../RTD/src/SchM_Gpt.c:1083:6:SchM_Exit_Gpt_GPT_EXCLUSIVE_AREA_23	16	static
../RTD/src/SchM_Gpt.c:1097:6:SchM_Enter_Gpt_GPT_EXCLUSIVE_AREA_24	16	static
../RTD/src/SchM_Gpt.c:1121:6:SchM_Exit_Gpt_GPT_EXCLUSIVE_AREA_24	16	static
../RTD/src/SchM_Gpt.c:1135:6:SchM_Enter_Gpt_GPT_EXCLUSIVE_AREA_25	16	static
../RTD/src/SchM_Gpt.c:1159:6:SchM_Exit_Gpt_GPT_EXCLUSIVE_AREA_25	16	static
../RTD/src/SchM_Gpt.c:1173:6:SchM_Enter_Gpt_GPT_EXCLUSIVE_AREA_26	16	static
../RTD/src/SchM_Gpt.c:1197:6:SchM_Exit_Gpt_GPT_EXCLUSIVE_AREA_26	16	static
../RTD/src/SchM_Gpt.c:1211:6:SchM_Enter_Gpt_GPT_EXCLUSIVE_AREA_29	16	static
../RTD/src/SchM_Gpt.c:1235:6:SchM_Exit_Gpt_GPT_EXCLUSIVE_AREA_29	16	static
../RTD/src/SchM_Gpt.c:1249:6:SchM_Enter_Gpt_GPT_EXCLUSIVE_AREA_30	16	static
../RTD/src/SchM_Gpt.c:1273:6:SchM_Exit_Gpt_GPT_EXCLUSIVE_AREA_30	16	static
../RTD/src/SchM_Gpt.c:1287:6:SchM_Enter_Gpt_GPT_EXCLUSIVE_AREA_31	16	static
../RTD/src/SchM_Gpt.c:1311:6:SchM_Exit_Gpt_GPT_EXCLUSIVE_AREA_31	16	static
../RTD/src/SchM_Gpt.c:1325:6:SchM_Enter_Gpt_GPT_EXCLUSIVE_AREA_35	16	static
../RTD/src/SchM_Gpt.c:1349:6:SchM_Exit_Gpt_GPT_EXCLUSIVE_AREA_35	16	static
../RTD/src/SchM_Gpt.c:1363:6:SchM_Enter_Gpt_GPT_EXCLUSIVE_AREA_36	16	static
../RTD/src/SchM_Gpt.c:1387:6:SchM_Exit_Gpt_GPT_EXCLUSIVE_AREA_36	16	static
../RTD/src/SchM_Gpt.c:1401:6:SchM_Enter_Gpt_GPT_EXCLUSIVE_AREA_38	16	static
../RTD/src/SchM_Gpt.c:1425:6:SchM_Exit_Gpt_GPT_EXCLUSIVE_AREA_38	16	static
../RTD/src/SchM_Gpt.c:1439:6:SchM_Enter_Gpt_GPT_EXCLUSIVE_AREA_39	16	static
../RTD/src/SchM_Gpt.c:1463:6:SchM_Exit_Gpt_GPT_EXCLUSIVE_AREA_39	16	static
../RTD/src/SchM_Gpt.c:1477:6:SchM_Enter_Gpt_GPT_EXCLUSIVE_AREA_40	16	static
../RTD/src/SchM_Gpt.c:1501:6:SchM_Exit_Gpt_GPT_EXCLUSIVE_AREA_40	16	static
../RTD/src/SchM_Gpt.c:1515:6:SchM_Enter_Gpt_GPT_EXCLUSIVE_AREA_41	16	static
../RTD/src/SchM_Gpt.c:1539:6:SchM_Exit_Gpt_GPT_EXCLUSIVE_AREA_41	16	static
../RTD/src/SchM_Gpt.c:1553:6:SchM_Enter_Gpt_GPT_EXCLUSIVE_AREA_42	16	static
../RTD/src/SchM_Gpt.c:1577:6:SchM_Exit_Gpt_GPT_EXCLUSIVE_AREA_42	16	static
../RTD/src/SchM_Gpt.c:1591:6:SchM_Enter_Gpt_GPT_EXCLUSIVE_AREA_43	16	static
../RTD/src/SchM_Gpt.c:1615:6:SchM_Exit_Gpt_GPT_EXCLUSIVE_AREA_43	16	static
../RTD/src/SchM_Gpt.c:1629:6:SchM_Enter_Gpt_GPT_EXCLUSIVE_AREA_44	16	static
../RTD/src/SchM_Gpt.c:1653:6:SchM_Exit_Gpt_GPT_EXCLUSIVE_AREA_44	16	static
../RTD/src/SchM_Gpt.c:1667:6:SchM_Enter_Gpt_GPT_EXCLUSIVE_AREA_45	16	static
../RTD/src/SchM_Gpt.c:1691:6:SchM_Exit_Gpt_GPT_EXCLUSIVE_AREA_45	16	static
../RTD/src/SchM_Gpt.c:1705:6:SchM_Enter_Gpt_GPT_EXCLUSIVE_AREA_46	16	static
../RTD/src/SchM_Gpt.c:1729:6:SchM_Exit_Gpt_GPT_EXCLUSIVE_AREA_46	16	static
../RTD/src/SchM_Gpt.c:1743:6:SchM_Enter_Gpt_GPT_EXCLUSIVE_AREA_50	16	static
../RTD/src/SchM_Gpt.c:1767:6:SchM_Exit_Gpt_GPT_EXCLUSIVE_AREA_50	16	static
../RTD/src/SchM_Gpt.c:1781:6:SchM_Enter_Gpt_GPT_EXCLUSIVE_AREA_51	16	static
../RTD/src/SchM_Gpt.c:1805:6:SchM_Exit_Gpt_GPT_EXCLUSIVE_AREA_51	16	static
../RTD/src/SchM_Gpt.c:1819:6:SchM_Enter_Gpt_GPT_EXCLUSIVE_AREA_52	16	static
../RTD/src/SchM_Gpt.c:1843:6:SchM_Exit_Gpt_GPT_EXCLUSIVE_AREA_52	16	static
../RTD/src/SchM_Gpt.c:1857:6:SchM_Enter_Gpt_GPT_EXCLUSIVE_AREA_53	16	static
../RTD/src/SchM_Gpt.c:1881:6:SchM_Exit_Gpt_GPT_EXCLUSIVE_AREA_53	16	static
../RTD/src/SchM_Gpt.c:1895:6:SchM_Enter_Gpt_GPT_EXCLUSIVE_AREA_54	16	static
../RTD/src/SchM_Gpt.c:1919:6:SchM_Exit_Gpt_GPT_EXCLUSIVE_AREA_54	16	static
../RTD/src/SchM_Gpt.c:1933:6:SchM_Enter_Gpt_GPT_EXCLUSIVE_AREA_55	16	static
../RTD/src/SchM_Gpt.c:1957:6:SchM_Exit_Gpt_GPT_EXCLUSIVE_AREA_55	16	static
../RTD/src/SchM_Gpt.c:1971:6:SchM_Enter_Gpt_GPT_EXCLUSIVE_AREA_56	16	static
../RTD/src/SchM_Gpt.c:1995:6:SchM_Exit_Gpt_GPT_EXCLUSIVE_AREA_56	16	static
../RTD/src/SchM_Gpt.c:2009:6:SchM_Enter_Gpt_GPT_EXCLUSIVE_AREA_60	16	static
../RTD/src/SchM_Gpt.c:2033:6:SchM_Exit_Gpt_GPT_EXCLUSIVE_AREA_60	16	static
../RTD/src/SchM_Gpt.c:2047:6:SchM_Enter_Gpt_GPT_EXCLUSIVE_AREA_61	16	static
../RTD/src/SchM_Gpt.c:2071:6:SchM_Exit_Gpt_GPT_EXCLUSIVE_AREA_61	16	static
../RTD/src/SchM_Gpt.c:2085:6:SchM_Enter_Gpt_GPT_EXCLUSIVE_AREA_62	16	static
../RTD/src/SchM_Gpt.c:2109:6:SchM_Exit_Gpt_GPT_EXCLUSIVE_AREA_62	16	static
../RTD/src/SchM_Gpt.c:2123:6:SchM_Enter_Gpt_GPT_EXCLUSIVE_AREA_63	16	static
../RTD/src/SchM_Gpt.c:2147:6:SchM_Exit_Gpt_GPT_EXCLUSIVE_AREA_63	16	static
../RTD/src/SchM_Gpt.c:2161:6:SchM_Enter_Gpt_GPT_EXCLUSIVE_AREA_64	16	static
../RTD/src/SchM_Gpt.c:2185:6:SchM_Exit_Gpt_GPT_EXCLUSIVE_AREA_64	16	static
../RTD/src/SchM_Gpt.c:2199:6:SchM_Enter_Gpt_GPT_EXCLUSIVE_AREA_65	16	static
../RTD/src/SchM_Gpt.c:2223:6:SchM_Exit_Gpt_GPT_EXCLUSIVE_AREA_65	16	static
../RTD/src/SchM_Gpt.c:2237:6:SchM_Enter_Gpt_GPT_EXCLUSIVE_AREA_66	16	static
../RTD/src/SchM_Gpt.c:2261:6:SchM_Exit_Gpt_GPT_EXCLUSIVE_AREA_66	16	static
../RTD/src/SchM_Gpt.c:2275:6:SchM_Enter_Gpt_GPT_EXCLUSIVE_AREA_67	16	static
../RTD/src/SchM_Gpt.c:2299:6:SchM_Exit_Gpt_GPT_EXCLUSIVE_AREA_67	16	static
../RTD/src/SchM_Gpt.c:2313:6:SchM_Enter_Gpt_GPT_EXCLUSIVE_AREA_68	16	static
../RTD/src/SchM_Gpt.c:2337:6:SchM_Exit_Gpt_GPT_EXCLUSIVE_AREA_68	16	static
../RTD/src/SchM_Gpt.c:2351:6:SchM_Enter_Gpt_GPT_EXCLUSIVE_AREA_69	16	static
../RTD/src/SchM_Gpt.c:2375:6:SchM_Exit_Gpt_GPT_EXCLUSIVE_AREA_69	16	static
../RTD/src/SchM_Gpt.c:2389:6:SchM_Enter_Gpt_GPT_EXCLUSIVE_AREA_70	16	static
../RTD/src/SchM_Gpt.c:2413:6:SchM_Exit_Gpt_GPT_EXCLUSIVE_AREA_70	16	static
../RTD/src/SchM_Gpt.c:2427:6:SchM_Enter_Gpt_GPT_EXCLUSIVE_AREA_71	16	static
../RTD/src/SchM_Gpt.c:2451:6:SchM_Exit_Gpt_GPT_EXCLUSIVE_AREA_71	16	static
../RTD/src/SchM_Gpt.c:2465:6:SchM_Enter_Gpt_GPT_EXCLUSIVE_AREA_72	16	static
../RTD/src/SchM_Gpt.c:2489:6:SchM_Exit_Gpt_GPT_EXCLUSIVE_AREA_72	16	static
../RTD/src/SchM_Gpt.c:2503:6:SchM_Enter_Gpt_GPT_EXCLUSIVE_AREA_73	16	static
../RTD/src/SchM_Gpt.c:2527:6:SchM_Exit_Gpt_GPT_EXCLUSIVE_AREA_73	16	static
