C:/NXP/S32DS.3.5_2/S32DS/software/PlatformSDK_S32K3/RTD/BaseNXP_TS_T40D34M40I0R0/include/Devassert.h:85:20:DevAssert	8	static
../RTD/src/Siul2_Port_Ip.c:273:13:Siul2_Port_Ip_PinInit	24	static
../RTD/src/Siul2_Port_Ip.c:413:20:Siul2_Port_Ip_WriteDCMConfiguration	24	static
../RTD/src/Siul2_Port_Ip.c:450:20:Siul2_Port_Ip_WriteIMCRConfiguration	24	static
../RTD/src/Siul2_Port_Ip.c:516:20:Siul2_Port_Ip_GetMSCRConfiguration	32	static
../RTD/src/Siul2_Port_Ip.c:627:30:Siul2_Port_Ip_Init	24	static
../RTD/src/Siul2_Port_Ip.c:661:6:Siul2_Port_Ip_SetPullSel	40	static
../RTD/src/Siul2_Port_Ip.c:735:6:Siul2_Port_Ip_SetOutputBuffer	24	static
../RTD/src/Siul2_Port_Ip.c:767:6:Siul2_Port_Ip_SetInputBuffer	40	static
../RTD/src/Siul2_Port_Ip.c:828:6:Siul2_Port_Ip_SetPinDirection	24	static
../RTD/src/Siul2_Port_Ip.c:874:8:Siul2_Port_Ip_RevertPinConfiguration	40	static
../RTD/src/Siul2_Port_Ip.c:928:6:Siul2_Port_Ip_GetPinConfiguration	56	static
