Archive member included to satisfy reference by file (symbol)

c:/nxp/s32ds.3.5/s32ds/build_tools/gcc_v10.2/gcc-10.2-arm32-eabi/bin/../lib/gcc/arm-none-eabi/10.2.0/../../../../arm-none-eabi/lib/thumb/v7e-m+fp/hard\libc_nano.a(lib_a-memmove.o)
                              ./RTD/src/Siul2_Port_Ip.o (memmove)
c:/nxp/s32ds.3.5/s32ds/build_tools/gcc_v10.2/gcc-10.2-arm32-eabi/bin/../lib/gcc/arm-none-eabi/10.2.0/../../../../arm-none-eabi/lib/thumb/v7e-m+fp/hard\libc_nano.a(lib_a-memset.o)
                              ./Project_Settings/Startup_Code/startup.o (memset)
c:/nxp/s32ds.3.5/s32ds/build_tools/gcc_v10.2/gcc-10.2-arm32-eabi/bin/../lib/gcc/arm-none-eabi/10.2.0/thumb/v7e-m+fp/hard\libgcc.a(_arm_muldivdf3.o)
                              ./RTD/src/Gmac_Ip.o (__aeabi_ddiv)
c:/nxp/s32ds.3.5/s32ds/build_tools/gcc_v10.2/gcc-10.2-arm32-eabi/bin/../lib/gcc/arm-none-eabi/10.2.0/thumb/v7e-m+fp/hard\libgcc.a(_arm_fixunsdfsi.o)
                              ./RTD/src/Gmac_Ip.o (__aeabi_d2uiz)
c:/nxp/s32ds.3.5/s32ds/build_tools/gcc_v10.2/gcc-10.2-arm32-eabi/bin/../lib/gcc/arm-none-eabi/10.2.0/thumb/v7e-m+fp/hard\libgcc.a(_aeabi_uldivmod.o)
                              ./RTD/src/Gmac_Ip.o (__aeabi_uldivmod)
c:/nxp/s32ds.3.5/s32ds/build_tools/gcc_v10.2/gcc-10.2-arm32-eabi/bin/../lib/gcc/arm-none-eabi/10.2.0/thumb/v7e-m+fp/hard\libgcc.a(_udivmoddi4.o)
                              c:/nxp/s32ds.3.5/s32ds/build_tools/gcc_v10.2/gcc-10.2-arm32-eabi/bin/../lib/gcc/arm-none-eabi/10.2.0/thumb/v7e-m+fp/hard\libgcc.a(_aeabi_uldivmod.o) (__udivmoddi4)
c:/nxp/s32ds.3.5/s32ds/build_tools/gcc_v10.2/gcc-10.2-arm32-eabi/bin/../lib/gcc/arm-none-eabi/10.2.0/thumb/v7e-m+fp/hard\libgcc.a(_dvmd_tls.o)
                              c:/nxp/s32ds.3.5/s32ds/build_tools/gcc_v10.2/gcc-10.2-arm32-eabi/bin/../lib/gcc/arm-none-eabi/10.2.0/thumb/v7e-m+fp/hard\libgcc.a(_aeabi_uldivmod.o) (__aeabi_ldiv0)

Discarded input sections

 .group         0x00000000        0xc ./Project_Settings/Startup_Code/exceptions.o
 .group         0x00000000        0xc ./Project_Settings/Startup_Code/exceptions.o
 .group         0x00000000        0xc ./Project_Settings/Startup_Code/exceptions.o
 .group         0x00000000        0xc ./Project_Settings/Startup_Code/exceptions.o
 .group         0x00000000        0xc ./Project_Settings/Startup_Code/exceptions.o
 .group         0x00000000        0xc ./Project_Settings/Startup_Code/exceptions.o
 .group         0x00000000        0xc ./Project_Settings/Startup_Code/exceptions.o
 .group         0x00000000        0xc ./Project_Settings/Startup_Code/exceptions.o
 .group         0x00000000        0xc ./Project_Settings/Startup_Code/exceptions.o
 .group         0x00000000        0xc ./Project_Settings/Startup_Code/exceptions.o
 .group         0x00000000        0xc ./Project_Settings/Startup_Code/exceptions.o
 .group         0x00000000        0xc ./Project_Settings/Startup_Code/exceptions.o
 .group         0x00000000        0xc ./Project_Settings/Startup_Code/exceptions.o
 .group         0x00000000        0xc ./Project_Settings/Startup_Code/exceptions.o
 .group         0x00000000        0xc ./Project_Settings/Startup_Code/exceptions.o
 .group         0x00000000        0xc ./Project_Settings/Startup_Code/exceptions.o
 .group         0x00000000        0xc ./Project_Settings/Startup_Code/exceptions.o
 .group         0x00000000        0xc ./Project_Settings/Startup_Code/exceptions.o
 .group         0x00000000        0xc ./Project_Settings/Startup_Code/exceptions.o
 .group         0x00000000        0xc ./Project_Settings/Startup_Code/exceptions.o
 .group         0x00000000        0xc ./Project_Settings/Startup_Code/exceptions.o
 .group         0x00000000        0xc ./Project_Settings/Startup_Code/exceptions.o
 .group         0x00000000        0xc ./Project_Settings/Startup_Code/exceptions.o
 .group         0x00000000        0xc ./Project_Settings/Startup_Code/exceptions.o
 .group         0x00000000        0xc ./Project_Settings/Startup_Code/exceptions.o
 .group         0x00000000        0xc ./Project_Settings/Startup_Code/exceptions.o
 .group         0x00000000        0xc ./Project_Settings/Startup_Code/nvic.o
 .group         0x00000000        0xc ./Project_Settings/Startup_Code/nvic.o
 .group         0x00000000        0xc ./Project_Settings/Startup_Code/nvic.o
 .group         0x00000000        0xc ./Project_Settings/Startup_Code/nvic.o
 .group         0x00000000        0xc ./Project_Settings/Startup_Code/nvic.o
 .group         0x00000000        0xc ./Project_Settings/Startup_Code/nvic.o
 .group         0x00000000        0xc ./Project_Settings/Startup_Code/nvic.o
 .group         0x00000000        0xc ./Project_Settings/Startup_Code/nvic.o
 .group         0x00000000        0xc ./Project_Settings/Startup_Code/nvic.o
 .group         0x00000000        0xc ./Project_Settings/Startup_Code/nvic.o
 .group         0x00000000        0xc ./Project_Settings/Startup_Code/nvic.o
[...]
Memory Configuration

Name             Origin             Length             Attributes
int_pflash       0x00400000         0x003d4000
int_dflash       0x10000000         0x00020000
int_itcm         0x00000000         0x00010000
int_dtcm         0x20000000         0x0001f000
int_stack_dtcm   0x2001f000         0x00001000
int_sram         0x20400000         0x0002ff00
int_sram_fls_rsv 0x2042ff00         0x00000100
int_sram_no_cacheable 0x20430000         0x0000ff00
int_sram_results 0x2043ff00         0x00000100
int_sram_shareable 0x20440000         0x00004000
ram_rsvd2        0x20444000         0x00000000
*default*        0x00000000         0xffffffff

Linker script and memory map

LOAD ./Project_Settings/Startup_Code/Vector_Table.o
LOAD ./Project_Settings/Startup_Code/exceptions.o
LOAD ./Project_Settings/Startup_Code/nvic.o
LOAD ./Project_Settings/Startup_Code/startup.o
LOAD ./Project_Settings/Startup_Code/startup_cm7.o
LOAD ./Project_Settings/Startup_Code/system.o
LOAD ./RTD/src/Clock_Ip.o
LOAD ./RTD/src/Clock_Ip_Data.o
LOAD ./RTD/src/Clock_Ip_Divider.o
LOAD ./RTD/src/Clock_Ip_DividerTrigger.o
LOAD ./RTD/src/Clock_Ip_ExtOsc.o
LOAD ./RTD/src/Clock_Ip_FracDiv.o
LOAD ./RTD/src/Clock_Ip_Frequency.o
LOAD ./RTD/src/Clock_Ip_Gate.o
LOAD ./RTD/src/Clock_Ip_IntOsc.o
LOAD ./RTD/src/Clock_Ip_Irq.o
LOAD ./RTD/src/Clock_Ip_Monitor.o
LOAD ./RTD/src/Clock_Ip_Pll.o
LOAD ./RTD/src/Clock_Ip_ProgFreqSwitch.o
LOAD ./RTD/src/Clock_Ip_Selector.o
LOAD ./RTD/src/Clock_Ip_Specific.o
LOAD ./RTD/src/Det.o
LOAD ./RTD/src/Det_stub.o
LOAD ./RTD/src/Gmac_Ip.o
LOAD ./RTD/src/Gmac_Ip_Hw_Access.o
LOAD ./RTD/src/Gmac_Ip_Irq.o
LOAD ./RTD/src/Igf_Port_Ip.o
LOAD ./RTD/src/OsIf_Interrupts.o
LOAD ./RTD/src/OsIf_Timer.o
LOAD ./RTD/src/OsIf_Timer_System.o
LOAD ./RTD/src/OsIf_Timer_System_Internal_Systick.o
LOAD ./RTD/src/SchM_Mcu.o
LOAD ./RTD/src/SchM_Port.o
LOAD ./RTD/src/Siul2_Port_Ip.o
LOAD ./RTD/src/Tspc_Port_Ip.o
LOAD ./board/Siul2_Port_Ip_Cfg.o
LOAD ./board/Tspc_Port_Ip_Cfg.o
LOAD ./generate/src/Clock_Ip_Cfg.o
LOAD ./generate/src/Gmac_Ip_Cfg.o
LOAD ./generate/src/Gmac_Ip_Sa_PBcfg.o
LOAD ./generate/src/Igf_Port_Ip_Cfg.o
LOAD ./generate/src/OsIf_Cfg.o
LOAD ./src/main.o
LOAD c:/nxp/s32ds.3.5/s32ds/build_tools/gcc_v10.2/gcc-10.2-arm32-eabi/bin/../lib/gcc/arm-none-eabi/10.2.0/../../../../arm-none-eabi/lib/thumb/v7e-m+fp/hard\libc_nano.a
LOAD c:/nxp/s32ds.3.5/s32ds/build_tools/gcc_v10.2/gcc-10.2-arm32-eabi/bin/../lib/gcc/arm-none-eabi/10.2.0/../../../../arm-none-eabi/lib/thumb/v7e-m+fp/hard\libm.a
LOAD c:/nxp/s32ds.3.5/s32ds/build_tools/gcc_v10.2/gcc-10.2-arm32-eabi/bin/../lib/gcc/arm-none-eabi/10.2.0/thumb/v7e-m+fp/hard\libgcc.a
START GROUP
LOAD c:/nxp/s32ds.3.5/s32ds/build_tools/gcc_v10.2/gcc-10.2-arm32-eabi/bin/../lib/gcc/arm-none-eabi/10.2.0/thumb/v7e-m+fp/hard\libgcc.a
LOAD c:/nxp/s32ds.3.5/s32ds/build_tools/gcc_v10.2/gcc-10.2-arm32-eabi/bin/../lib/gcc/arm-none-eabi/10.2.0/../../../../arm-none-eabi/lib/thumb/v7e-m+fp/hard\libg_nano.a
LOAD c:/nxp/s32ds.3.5/s32ds/build_tools/gcc_v10.2/gcc-10.2-arm32-eabi/bin/../lib/gcc/arm-none-eabi/10.2.0/../../../../arm-none-eabi/lib/thumb/v7e-m+fp/hard\libc_nano.a
END GROUP
START GROUP
LOAD c:/nxp/s32ds.3.5/s32ds/build_tools/gcc_v10.2/gcc-10.2-arm32-eabi/bin/../lib/gcc/arm-none-eabi/10.2.0/thumb/v7e-m+fp/hard\libgcc.a
LOAD c:/nxp/s32ds.3.5/s32ds/build_tools/gcc_v10.2/gcc-10.2-arm32-eabi/bin/../lib/gcc/arm-none-eabi/10.2.0/../../../../arm-none-eabi/lib/thumb/v7e-m+fp/hard\libc_nano.a
LOAD c:/nxp/s32ds.3.5/s32ds/build_tools/gcc_v10.2/gcc-10.2-arm32-eabi/bin/../lib/gcc/arm-none-eabi/10.2.0/../../../../arm-none-eabi/lib/thumb/v7e-m+fp/hard\libnosys.a
END GROUP
START GROUP
LOAD c:/nxp/s32ds.3.5/s32ds/build_tools/gcc_v10.2/gcc-10.2-arm32-eabi/bin/../lib/gcc/arm-none-eabi/10.2.0/thumb/v7e-m+fp/hard\libgcc.a
LOAD c:/nxp/s32ds.3.5/s32ds/build_tools/gcc_v10.2/gcc-10.2-arm32-eabi/bin/../lib/gcc/arm-none-eabi/10.2.0/../../../../arm-none-eabi/lib/thumb/v7e-m+fp/hard\libc_nano.a
LOAD c:/nxp/s32ds.3.5/s32ds/build_tools/gcc_v10.2/gcc-10.2-arm32-eabi/bin/../lib/gcc/arm-none-eabi/10.2.0/../../../../arm-none-eabi/lib/thumb/v7e-m+fp/hard\libnosys.a
END GROUP
                0x00002000                HEAP_SIZE = DEFINED (__heap_size__)?__heap_size__:0x2000
                0x20407fff                __STANDBY_RAM_LIMIT_END = 0x20407fff

.pflash         0x00400000     0x9ff8
 *(.boot_header)
 .boot_header   0x00400000       0x30 ./Project_Settings/Startup_Code/startup_cm7.o
                0x00402000                . = ALIGN (0x2000)
 *fill*         0x00400030     0x1fd0 
                0x00402000                __text_start = .
                0x00402000                __interrupts_init_start = .
 *(.intc_vector)
 .intc_vector   0x00402000      0x408 ./Project_Settings/Startup_Code/Vector_Table.o
                0x00402000                VTABLE
                0x00402408                . = ALIGN (0x4)
                0x00402408                __interrupts_init_end = .
 *(.core_loop)
 .core_loop     0x00402408        0xc ./Project_Settings/Startup_Code/startup_cm7.o
                0x00402408                _core_loop
                0x00402414                . = ALIGN (0x4)
 *(.startup)
 *fill*         0x00402414        0xc 
 .startup       0x00402420      0x1d8 ./Project_Settings/Startup_Code/startup_cm7.o
                0x00402420                Reset_Handler
                0x00402420                _start
                0x00402580                MCAL_LTB_TRACE_OFF
                0x00402582                _end_of_eunit_test
                0x004025f8                . = ALIGN (0x4)
 *(.systeminit)
                0x004025f8                . = ALIGN (0x4)
 *(.text.startup)
 .text.startup  0x004025f8       0xfc ./src/main.o
                0x004025f8                main
                0x004026f4                . = ALIGN (0x4)
 *(.text)
 .text          0x004026f4        0x0 ./Project_Settings/Startup_Code/Vector_Table.o
 .text          0x004026f4        0x0 ./Project_Settings/Startup_Code/exceptions.o
 .text          0x004026f4        0x0 ./Project_Settings/Startup_Code/nvic.o
 .text          0x004026f4        0x0 ./Project_Settings/Startup_Code/startup.o
 .text          0x004026f4        0x0 ./Project_Settings/Startup_Code/startup_cm7.o
 .text          0x004026f4       0x10 ./Project_Settings/Startup_Code/system.o
                0x004026f4                Sys_GetCoreID
 .text          0x00402704        0x0 ./RTD/src/Clock_Ip.o
 .text          0x00402704        0x0 ./RTD/src/Clock_Ip_Data.o
 .text          0x00402704        0x0 ./RTD/src/Clock_Ip_Divider.o
 .text          0x00402704        0x0 ./RTD/src/Clock_Ip_DividerTrigger.o
 .text          0x00402704        0x0 ./RTD/src/Clock_Ip_ExtOsc.o
 .text          0x00402704        0x0 ./RTD/src/Clock_Ip_FracDiv.o
 .text          0x00402704        0x0 ./RTD/src/Clock_Ip_Frequency.o
 .text          0x00402704        0x0 ./RTD/src/Clock_Ip_Gate.o
 .text          0x00402704        0x0 ./RTD/src/Clock_Ip_IntOsc.o
 .text          0x00402704        0x0 ./RTD/src/Clock_Ip_Irq.o
 .text          0x00402704        0x0 ./RTD/src/Clock_Ip_Monitor.o
 .text          0x00402704        0x0 ./RTD/src/Clock_Ip_Pll.o
 .text          0x00402704        0x0 ./RTD/src/Clock_Ip_ProgFreqSwitch.o
 .text          0x00402704        0x0 ./RTD/src/Clock_Ip_Selector.o
 .text          0x00402704        0x0 ./RTD/src/Clock_Ip_Specific.o
 .text          0x00402704        0x0 ./RTD/src/Det.o
 .text          0x00402704        0x0 ./RTD/src/Det_stub.o
 .text          0x00402704        0x0 ./RTD/src/Gmac_Ip.o
 .text          0x00402704        0x0 ./RTD/src/Gmac_Ip_Hw_Access.o
 .text          0x00402704        0x0 ./RTD/src/Gmac_Ip_Irq.o
 .text          0x00402704        0x0 ./RTD/src/Igf_Port_Ip.o
 .text          0x00402704        0x0 ./RTD/src/OsIf_Interrupts.o
 .text          0x00402704        0x0 ./RTD/src/OsIf_Timer.o
 .text          0x00402704        0x0 ./RTD/src/OsIf_Timer_System.o
 .text          0x00402704        0x0 ./RTD/src/OsIf_Timer_System_Internal_Systick.o
 .text          0x00402704        0x6 ./RTD/src/SchM_Mcu.o
                0x00402704                Mcu_schm_read_msr
 .text          0x0040270a        0x6 ./RTD/src/SchM_Port.o
                0x0040270a                Port_schm_read_msr
 .text          0x00402710       0x14 ./RTD/src/Siul2_Port_Ip.o
 .text          0x00402724        0x0 ./RTD/src/Tspc_Port_Ip.o
 .text          0x00402724        0x0 ./board/Siul2_Port_Ip_Cfg.o
 .text          0x00402724        0x0 ./board/Tspc_Port_Ip_Cfg.o
 .text          0x00402724        0x0 ./generate/src/Clock_Ip_Cfg.o
 .text          0x00402724        0x0 ./generate/src/Gmac_Ip_Cfg.o
 .text          0x00402724        0x0 ./generate/src/Gmac_Ip_Sa_PBcfg.o
 .text          0x00402724        0x0 ./generate/src/Igf_Port_Ip_Cfg.o
 .text          0x00402724        0x0 ./generate/src/OsIf_Cfg.o
 .text          0x00402724        0x0 ./src/main.o
 .text          0x00402724        0x0 c:/nxp/s32ds.3.5/s32ds/build_tools/gcc_v10.2/gcc-10.2-arm32-eabi/bin/../lib/gcc/arm-none-eabi/10.2.0/../../../../arm-none-eabi/lib/thumb/v7e-m+fp/hard\libc_nano.a(lib_a-memmove.o)
 .text          0x00402724        0x0 c:/nxp/s32ds.3.5/s32ds/build_tools/gcc_v10.2/gcc-10.2-arm32-eabi/bin/../lib/gcc/arm-none-eabi/10.2.0/../../../../arm-none-eabi/lib/thumb/v7e-m+fp/hard\libc_nano.a(lib_a-memset.o)
 .text          0x00402724      0x424 c:/nxp/s32ds.3.5/s32ds/build_tools/gcc_v10.2/gcc-10.2-arm32-eabi/bin/../lib/gcc/arm-none-eabi/10.2.0/thumb/v7e-m+fp/hard\libgcc.a(_arm_muldivdf3.o)
                0x00402724                __aeabi_dmul
                0x00402724                __muldf3
                0x00402978                __divdf3
                0x00402978                __aeabi_ddiv
 .text          0x00402b48       0x40 c:/nxp/s32ds.3.5/s32ds/build_tools/gcc_v10.2/gcc-10.2-arm32-eabi/bin/../lib/gcc/arm-none-eabi/10.2.0/thumb/v7e-m+fp/hard\libgcc.a(_arm_fixunsdfsi.o)
                0x00402b48                __aeabi_d2uiz
                0x00402b48                __fixunsdfsi
 .text          0x00402b88       0x30 c:/nxp/s32ds.3.5/s32ds/build_tools/gcc_v10.2/gcc-10.2-arm32-eabi/bin/../lib/gcc/arm-none-eabi/10.2.0/thumb/v7e-m+fp/hard\libgcc.a(_aeabi_uldivmod.o)
                0x00402b88                __aeabi_uldivmod
 .text          0x00402bb8      0x2d8 c:/nxp/s32ds.3.5/s32ds/build_tools/gcc_v10.2/gcc-10.2-arm32-eabi/bin/../lib/gcc/arm-none-eabi/10.2.0/thumb/v7e-m+fp/hard\libgcc.a(_udivmoddi4.o)
                0x00402bb8                __udivmoddi4
 .text          0x00402e90        0x4 c:/nxp/s32ds.3.5/s32ds/build_tools/gcc_v10.2/gcc-10.2-arm32-eabi/bin/../lib/gcc/arm-none-eabi/10.2.0/thumb/v7e-m+fp/hard\libgcc.a(_dvmd_tls.o)
                0x00402e90                __aeabi_idiv0
                0x00402e90                __aeabi_ldiv0
 *(.text*)
 .text.memmove  0x00402e94       0x34 c:/nxp/s32ds.3.5/s32ds/build_tools/gcc_v10.2/gcc-10.2-arm32-eabi/bin/../lib/gcc/arm-none-eabi/10.2.0/../../../../arm-none-eabi/lib/thumb/v7e-m+fp/hard\libc_nano.a(lib_a-memmove.o)
                0x00402e94                memmove
 .text.memset   0x00402ec8       0x10 c:/nxp/s32ds.3.5/s32ds/build_tools/gcc_v10.2/gcc-10.2-arm32-eabi/bin/../lib/gcc/arm-none-eabi/10.2.0/../../../../arm-none-eabi/lib/thumb/v7e-m+fp/hard\libc_nano.a(lib_a-memset.o)
                0x00402ec8                memset
                0x00402ed8                . = ALIGN (0x4)
 *(.mcal_text)
 .mcal_text     0x00402ed8       0x14 ./Project_Settings/Startup_Code/exceptions.o
                0x00402ed8                NMI_Handler
                0x00402eda                HardFault_Handler
                0x00402edc                MemManage_Handler
                0x00402ede                BusFault_Handler
                0x00402ee0                UsageFault_Handler
                0x00402ee2                SVC_Handler
                0x00402ee4                DebugMon_Handler
                0x00402ee6                PendSV_Handler
                0x00402ee8                SysTick_Handler
                0x00402eea                undefined_handler
 .mcal_text     0x00402eec       0x52 ./Project_Settings/Startup_Code/nvic.o
                0x00402eec                NVIC_SetPriorityGrouping
                0x00402f00                NVIC_EnableIRQ
                0x00402f18                NVIC_DisableIRQ
                0x00402f30                NVIC_SetPriority
 *fill*         0x00402f3e        0x2 
 .mcal_text     0x00402f40       0xe8 ./Project_Settings/Startup_Code/startup.o
                0x00402f40                init_data_bss
                0x00402fcc                init_data_bss_core2
 .mcal_text     0x00403028      0x304 ./Project_Settings/Startup_Code/system.o
                0x00403028                startup_go_to_user_mode
                0x0040302a                default_interrupt_routine
                0x0040302c                SystemInit
                0x00403310                Enable_FPU
 .mcal_text     0x0040332c      0x88c ./RTD/src/Clock_Ip.o
                0x0040332e                Clock_Ip_InitClock
                0x004038dc                Clock_Ip_GetPllStatus
                0x00403980                Clock_Ip_DistributePll
                0x00403a6c                Clock_Ip_Init
                0x00403a90                Clock_Ip_DisableClockMonitor
                0x00403ab4                Clock_Ip_InstallNotificationsCallback
                0x00403ac0                Clock_Ip_DisableModuleClock
                0x00403ae8                Clock_Ip_EnableModuleClock
                0x00403b10                Clock_Ip_DisableFircInStandby
                0x00403b28                Clock_Ip_EnableFircInStandby
                0x00403b40                Clock_Ip_DisableSircInStandby
                0x00403b58                Clock_Ip_EnableSircInStandby
                0x00403b70                Clock_Ip_ReportClockErrors
                0x00403b7c                Clock_Ip_StartTimeout
                0x00403b9c                Clock_Ip_TimeoutExpired
 .mcal_text     0x00403bb8      0x110 ./RTD/src/Clock_Ip_Divider.o
 .mcal_text     0x00403cc8       0x9c ./RTD/src/Clock_Ip_DividerTrigger.o
 .mcal_text     0x00403d64      0x1d0 ./RTD/src/Clock_Ip_ExtOsc.o
 .mcal_text     0x00403f34        0x6 ./RTD/src/Clock_Ip_FracDiv.o
 .mcal_text     0x00403f3a        0x2 ./RTD/src/Clock_Ip_Frequency.o
                0x00403f3a                Clock_Ip_SetExternalSignalFrequency
 .mcal_text     0x00403f3c      0x128 ./RTD/src/Clock_Ip_Gate.o
 .mcal_text     0x00404064      0x104 ./RTD/src/Clock_Ip_IntOsc.o
 .mcal_text     0x00404168        0x4 ./RTD/src/Clock_Ip_Irq.o
                0x00404168                Mcu_Cmu_ClockFail_IRQHandler
 .mcal_text     0x0040416c      0x218 ./RTD/src/Clock_Ip_Monitor.o
                0x0040432c                Clock_Ip_CMU_GetInterruptStatus
                0x00404340                Clock_Ip_CMU_ClockFailInt
 .mcal_text     0x00404384      0x17c ./RTD/src/Clock_Ip_Pll.o
 .mcal_text     0x00404500      0x130 ./RTD/src/Clock_Ip_ProgFreqSwitch.o
 .mcal_text     0x00404630      0x3dc ./RTD/src/Clock_Ip_Selector.o
                0x004049e0                Clock_Ip_SetRtcRtccClksel_TrustedCall
 .mcal_text     0x00404a0c      0x2c8 ./RTD/src/Clock_Ip_Specific.o
                0x00404a0c                Clock_Ip_McMeEnterKey
                0x00404a20                Clock_Ip_PowerClockIpModules
                0x00404c20                DisableFircInStandbyMode
                0x00404c30                EnableFircInStandbyMode
                0x00404c4c                DisableSircInStandbyMode
                0x00404c5c                EnableSircInStandbyMode
                0x00404c78                Clock_Ip_Command
                0x00404cc8                Clock_Ip_FLASH_SetFlashIWS
                0x00404ccc                Clock_Ip_SetFlashWaitStates
                0x00404cd0                Clock_Ip_SetRamWaitStates
 .mcal_text     0x00404cd4       0xa4 ./RTD/src/Det.o
                0x00404cd4                Det_Init
                0x00404cd6                Det_ReportError
                0x00404d0c                Det_ReportRuntimeError
                0x00404d40                Det_ReportTransientFault
                0x00404d74                Det_Start
 .mcal_text     0x00404d78      0x21c ./RTD/src/Det_stub.o
                0x00404d78                Det_TestLastReportError
                0x00404de0                Det_TestLastReportRuntimeError
                0x00404e48                Det_TestLastReportTransientFault
                0x00404eb0                Det_TestNoError
                0x00404efc                Det_TestNoRuntimeError
                0x00404f48                Det_TestNoTransientFault
 .mcal_text     0x00404f94     0x1738 ./RTD/src/Gmac_Ip.o
                0x004050ac                Gmac_Ip_EnableTimeGateScheduling
                0x00405290                Gmac_Ip_Deinit
                0x004052b4                Gmac_Ip_GetPowerState
                0x004052c4                Gmac_Ip_SetPowerState
                0x004052d4                Gmac_Ip_EnableController
                0x00405330                Gmac_Ip_DisableController
                0x00405468                Gmac_Ip_SetSpeed
                0x00405478                Gmac_Ip_GetTxBuff
                0x004054f8                Gmac_Ip_GetTxMultiBuff
                0x00405578                Gmac_Ip_SendFrame
                0x004055fc                Gmac_Ip_SendMultiBufferFrame
                0x004056d4                Gmac_Ip_ReadFrame
                0x00405804                Gmac_Ip_SetRxExternalBuffer
                0x0040585c                Gmac_Ip_ProvideRxBuff
                0x00405904                Gmac_Ip_IsFrameAvailable
                0x00405930                Gmac_Ip_GetTransmitStatus
                0x004059f4                Gmac_Ip_GetCounter
                0x00405a10                Gmac_Ip_EnableMDIO
                0x00405a58                Gmac_Ip_MDIORead
                0x00405aa0                Gmac_Ip_MDIOWrite
                0x00405ad8                Gmac_Ip_MDIOReadMMD
                0x00405b1c                Gmac_Ip_MDIOWriteMMD
                0x00405b5c                Gmac_Ip_SetMacAddr
                0x00405b78                Gmac_Ip_Init
                0x00406014                Gmac_Ip_GetMacAddr
                0x00406040                Gmac_Ip_GetInterruptFlags
                0x00406050                Gmac_Ip_GetChInterruptFlags
                0x00406064                Gmac_Ip_SetBroadcastForwardAll
                0x00406090                Gmac_Ip_SetMulticastForwardAll
                0x004060c4                Gmac_Ip_SetUnicastHashFilter
                0x004060f0                Gmac_Ip_SetMulticastHashFilter
                0x0040611c                Gmac_Ip_SetHashOrPerfectFilter
                0x00406148                Gmac_Ip_AddDstAddrToHashFilter
                0x00406168                Gmac_Ip_RemoveDstAddrFromHashFilter
                0x00406188                Gmac_Ip_SetAddrPerfectFilter
                0x00406208                Gmac_Ip_EnableVlan
                0x00406274                Gmac_Ip_SetTxOuterVlanTagForInsertion
                0x004062f8                Gmac_Ip_SetTxOuterVlanTagForReplacement
                0x0040632c                Gmac_Ip_SetTxInnerVlanTag
                0x00406350                Gmac_Ip_SetVlanTagRxFilter
                0x004063a4                Gmac_Ip_AddVlanTagToRxFilter
                0x0040641c                Gmac_Ip_ReadVlanTagRxFilter
                0x0040642c                Gmac_Ip_ClearVlanTagRxFilter
                0x0040648c                Gmac_Ip_AddVlanTagToHashTable
                0x004064b0                Gmac_Ip_RemoveVlanTagFromHashTable
                0x004064d4                Gmac_Ip_InitSysTime
                0x00406580                Gmac_Ip_SetSysTimeCorr
                0x004065e4                Gmac_Ip_SetRateRatioCorr
                0x0040664c                Gmac_Ip_GetSysTime
                0x0040666c                Gmac_Ip_SetTxSchedAlgo
                0x0040667c                Gmac_Ip_SetTxRingWeight
                0x004066a4                Gmac_Ip_EnableTxStoreAndForward
                0x004066b8                Gmac_Ip_SetTxThreshold
 .mcal_text     0x004066cc      0x5c8 ./RTD/src/Gmac_Ip_Hw_Access.o
                0x004066fa                GMAC_StartTimeOut
                0x0040671a                GMAC_TimeoutExpired
                0x00406736                GMAC_WriteManagementFrame
                0x004067c8                GMAC_CommonIRQHandler
                0x004068c0                GMAC_SafetyIRQHandler
                0x00406970                GMAC_RxIRQHandler
                0x004069b4                GMAC_TxIRQHandler
                0x004069f8                GMAC_AddToHashTable
                0x00406a22                GMAC_RemoveFromHashTable
                0x00406a4e                GMAC_AddVlanToHashTable
                0x00406a74                GMAC_RemoveVlanFromHashTable
                0x00406a9a                GMAC_GetPowerState
                0x00406abe                GMAC_SetPowerState
                0x00406ae6                GMAC_SetSpeed
                0x00406b12                GMAC_SetSchedAlg
                0x00406b30                GMAC_SetTxQueueQuantumWeight
                0x00406b34                GMAC_SetTxQueueCreditBasedShaper
                0x00406b3c                GMAC_SetTxQueueOperationMode
                0x00406b62                GMAC_SetTxStoreAndForward
                0x00406b6c                GMAC_SetTxThreshold
                0x00406b82                GMAC_EnableRxQueue
                0x00406ba6                GMAC_SetRxQueueOperationMode
                0x00406bbc                GMAC_SetRxQueuesDmaChMap
                0x00406bd8                GMAC_ReadVlanTagRxFilter
                0x00406c2c                GMAC_SetVlanTagInvMatch
                0x00406c3e                GMAC_SetVlanTagDataRxMatch
 .mcal_text     0x00406c94       0x6c ./RTD/src/Gmac_Ip_Irq.o
                0x00406c94                GMAC0_Common_IRQHandler
                0x00406c9a                GMAC0_Safety_IRQHandler
                0x00406ca0                GMAC0_CH_TX_IRQHandler
                0x00406cd0                GMAC0_CH_RX_IRQHandler
 .mcal_text     0x00406d00       0x1e ./RTD/src/OsIf_Timer.o
                0x00406d00                OsIf_Init
                0x00406d08                OsIf_GetCounter
                0x00406d0c                OsIf_GetElapsed
                0x00406d14                OsIf_SetTimerFrequency
                0x00406d16                OsIf_MicrosToTicks
 .mcal_text     0x00406d1e       0x44 ./RTD/src/OsIf_Timer_System_Internal_Systick.o
                0x00406d1e                OsIf_Timer_System_Internal_Init
                0x00406d34                OsIf_Timer_System_Internal_GetCounter
                0x00406d40                OsIf_Timer_System_Internal_GetElapsed
 *fill*         0x00406d62        0x2 
 .mcal_text     0x00406d64      0x12c ./RTD/src/SchM_Mcu.o
                0x00406d64                SchM_Enter_Mcu_MCU_EXCLUSIVE_AREA_00
                0x00406d98                SchM_Exit_Mcu_MCU_EXCLUSIVE_AREA_00
                0x00406dc8                SchM_Enter_Mcu_MCU_EXCLUSIVE_AREA_01
                0x00406dfc                SchM_Exit_Mcu_MCU_EXCLUSIVE_AREA_01
                0x00406e2c                SchM_Enter_Mcu_MCU_EXCLUSIVE_AREA_02
                0x00406e60                SchM_Exit_Mcu_MCU_EXCLUSIVE_AREA_02
 .mcal_text     0x00406e90      0xaf0 ./RTD/src/SchM_Port.o
                0x00406e90                SchM_Enter_Port_PORT_EXCLUSIVE_AREA_00
                0x00406ec4                SchM_Exit_Port_PORT_EXCLUSIVE_AREA_00
                0x00406ef4                SchM_Enter_Port_PORT_EXCLUSIVE_AREA_01
                0x00406f28                SchM_Exit_Port_PORT_EXCLUSIVE_AREA_01
                0x00406f58                SchM_Enter_Port_PORT_EXCLUSIVE_AREA_02
                0x00406f8c                SchM_Exit_Port_PORT_EXCLUSIVE_AREA_02
                0x00406fbc                SchM_Enter_Port_PORT_EXCLUSIVE_AREA_03
                0x00406ff0                SchM_Exit_Port_PORT_EXCLUSIVE_AREA_03
                0x00407020                SchM_Enter_Port_PORT_EXCLUSIVE_AREA_04
                0x00407054                SchM_Exit_Port_PORT_EXCLUSIVE_AREA_04
                0x00407084                SchM_Enter_Port_PORT_EXCLUSIVE_AREA_05
                0x004070b8                SchM_Exit_Port_PORT_EXCLUSIVE_AREA_05
                0x004070e8                SchM_Enter_Port_PORT_EXCLUSIVE_AREA_06
                0x0040711c                SchM_Exit_Port_PORT_EXCLUSIVE_AREA_06
                0x0040714c                SchM_Enter_Port_PORT_EXCLUSIVE_AREA_07
                0x00407180                SchM_Exit_Port_PORT_EXCLUSIVE_AREA_07
                0x004071b0                SchM_Enter_Port_PORT_EXCLUSIVE_AREA_08
                0x004071e4                SchM_Exit_Port_PORT_EXCLUSIVE_AREA_08
                0x00407214                SchM_Enter_Port_PORT_EXCLUSIVE_AREA_09
                0x00407248                SchM_Exit_Port_PORT_EXCLUSIVE_AREA_09
                0x00407278                SchM_Enter_Port_PORT_EXCLUSIVE_AREA_10
                0x004072ac                SchM_Exit_Port_PORT_EXCLUSIVE_AREA_10
                0x004072dc                SchM_Enter_Port_PORT_EXCLUSIVE_AREA_11
                0x00407310                SchM_Exit_Port_PORT_EXCLUSIVE_AREA_11
                0x00407340                SchM_Enter_Port_PORT_EXCLUSIVE_AREA_12
                0x00407374                SchM_Exit_Port_PORT_EXCLUSIVE_AREA_12
                0x004073a4                SchM_Enter_Port_PORT_EXCLUSIVE_AREA_13
                0x004073d8                SchM_Exit_Port_PORT_EXCLUSIVE_AREA_13
                0x00407408                SchM_Enter_Port_PORT_EXCLUSIVE_AREA_14
                0x0040743c                SchM_Exit_Port_PORT_EXCLUSIVE_AREA_14
                0x0040746c                SchM_Enter_Port_PORT_EXCLUSIVE_AREA_15
                0x004074a0                SchM_Exit_Port_PORT_EXCLUSIVE_AREA_15
                0x004074d0                SchM_Enter_Port_PORT_EXCLUSIVE_AREA_16
                0x00407504                SchM_Exit_Port_PORT_EXCLUSIVE_AREA_16
                0x00407534                SchM_Enter_Port_PORT_EXCLUSIVE_AREA_17
                0x00407568                SchM_Exit_Port_PORT_EXCLUSIVE_AREA_17
                0x00407598                SchM_Enter_Port_PORT_EXCLUSIVE_AREA_18
                0x004075cc                SchM_Exit_Port_PORT_EXCLUSIVE_AREA_18
                0x004075fc                SchM_Enter_Port_PORT_EXCLUSIVE_AREA_19
                0x00407630                SchM_Exit_Port_PORT_EXCLUSIVE_AREA_19
                0x00407660                SchM_Enter_Port_PORT_EXCLUSIVE_AREA_20
                0x00407694                SchM_Exit_Port_PORT_EXCLUSIVE_AREA_20
                0x004076c4                SchM_Enter_Port_PORT_EXCLUSIVE_AREA_21
                0x004076f8                SchM_Exit_Port_PORT_EXCLUSIVE_AREA_21
                0x00407728                SchM_Enter_Port_PORT_EXCLUSIVE_AREA_22
                0x0040775c                SchM_Exit_Port_PORT_EXCLUSIVE_AREA_22
                0x0040778c                SchM_Enter_Port_PORT_EXCLUSIVE_AREA_23
                0x004077c0                SchM_Exit_Port_PORT_EXCLUSIVE_AREA_23
                0x004077f0                SchM_Enter_Port_PORT_EXCLUSIVE_AREA_24
                0x00407824                SchM_Exit_Port_PORT_EXCLUSIVE_AREA_24
                0x00407854                SchM_Enter_Port_PORT_EXCLUSIVE_AREA_25
                0x00407888                SchM_Exit_Port_PORT_EXCLUSIVE_AREA_25
                0x004078b8                SchM_Enter_Port_PORT_EXCLUSIVE_AREA_26
                0x004078ec                SchM_Exit_Port_PORT_EXCLUSIVE_AREA_26
                0x0040791c                SchM_Enter_Port_PORT_EXCLUSIVE_AREA_27
                0x00407950                SchM_Exit_Port_PORT_EXCLUSIVE_AREA_27
 .mcal_text     0x00407980      0x458 ./RTD/src/Siul2_Port_Ip.o
                0x00407ad4                Siul2_Port_Ip_Init
                0x00407b04                Siul2_Port_Ip_SetPullSel
                0x00407b60                Siul2_Port_Ip_SetOutputBuffer
                0x00407bc6                Siul2_Port_Ip_SetInputBuffer
                0x00407c36                Siul2_Port_Ip_SetPinDirection
                0x00407cae                Siul2_Port_Ip_RevertPinConfiguration
                0x00407d10                Siul2_Port_Ip_GetPinConfiguration
 .mcal_text     0x00407dd8      0x11c ./RTD/src/Tspc_Port_Ip.o
                0x00407dd8                Tspc_Port_Ip_EnableObeGroup
                0x00407e08                Tspc_Port_Ip_DisableObeGroup
                0x00407e38                Tspc_Port_Ip_MaskObeGroup
                0x00407e56                Tspc_Port_Ip_ConfigureObeGroup
                0x00407ef4                . = ALIGN (0x4)
 *(.acmcu_code_rom)
                0x00407ef4                . = ALIGN (0x4)
                0x00407ef4                __acfls_code_rom_start = .
 *(.acfls_code_rom)
 .acfls_code_rom
                0x00407ef4       0x58 ./RTD/src/Clock_Ip_Specific.o
                0x00407ef4                Clock_Ip_PRAMCSetRamIWS
 *fill*         0x00407f4c        0x4 
 .acfls_code_rom.__stub
                0x00407f50        0x8 linker stubs
                0x00407f58                . = ALIGN (0x4)
                0x00407f58                __acfls_code_rom_end = .
                0x00407f58                __acmem_43_infls_code_rom_start = .
 *(.acmem_43_infls_code_rom)
                0x00407f58                . = ALIGN (0x4)
                0x00407f58                __acmem_43_infls_code_rom_end = .
 *(.init)
                0x00407f58                . = ALIGN (0x4)
 *(.fini)
                0x00407f58                . = ALIGN (0x4)
 *(.rodata)
 .rodata        0x00407f58        0x3 ./RTD/src/Clock_Ip_IntOsc.o
 *fill*         0x00407f5b        0x1 
 .rodata        0x00407f5c       0x2d ./RTD/src/Gmac_Ip.o
 *fill*         0x00407f89        0x3 
 .rodata        0x00407f8c        0x4 ./RTD/src/Siul2_Port_Ip.o
                0x00407f8c                Port_au32Siul2BaseAddr
 *(.rodata*)
                0x00407f90                . = ALIGN (0x4)
 *(.mcal_const_cfg)
 .mcal_const_cfg
                0x00407f90      0x758 ./board/Siul2_Port_Ip_Cfg.o
                0x00407f90                g_pin_mux_InitConfigArr_PortContainer_0_BOARD_InitPeripherals
 .mcal_const_cfg
                0x004086e8      0x5cc ./generate/src/Clock_Ip_Cfg.o
                0x004086e8                Clock_Ip_aClockConfig
 .mcal_const_cfg
                0x00408cb4       0xba ./generate/src/Gmac_Ip_Sa_PBcfg.o
                0x00408cb4                Gmac_0_ConfigPB
                0x00408d70                . = ALIGN (0x4)
 *fill*         0x00408d6e        0x2 
 *(.mcal_const)
 .mcal_const    0x00408d70     0x10e6 ./RTD/src/Clock_Ip_Data.o
                0x00408d70                Clock_Ip_axGateInfo
                0x00409448                Clock_Ip_axFeatureExtensions
                0x00409688                Clock_Ip_aeHwDfsName
                0x0040968c                Clock_Ip_aeHwPllName
                0x00409690                Clock_Ip_aeSourceTypeClockName
                0x004096e8                Clock_Ip_apxMcMeTriggerPartitions
                0x004096f8                Clock_Ip_apxMcMeGetPartitions
                0x00409708                Clock_Ip_apxMcMeSetPartitions
                0x00409718                Clock_Ip_axCmuInfo
                0x00409788                Clock_Ip_aeCmuNames
                0x004097a4                Clock_Ip_apxCmu
                0x004097c0                Clock_Ip_apxPll
                0x004097d0                Clock_Ip_apxXosc
                0x004097d8                Clock_Ip_apxCgmPcfs
                0x004097dc                Clock_Ip_apxCgm
                0x0040982c                Clock_Ip_au16SelectorEntryRtcHardwareValue
                0x00409858                Clock_Ip_au16SelectorEntryHardwareValue
                0x00409884                Clock_Ip_au8SoftwareMuxResetValue
                0x00409910                Clock_Ip_au8ClockFeatures
                0x00409dfc                Clock_Ip_au8CmuCallbackIndex
                0x00409e05                Clock_Ip_au8PcfsCallbackIndex
                0x00409e0e                Clock_Ip_au8SelectorCallbackIndex
                0x00409e17                Clock_Ip_au8PllCallbackIndex
                0x00409e20                Clock_Ip_au8FractionalDividerCallbackIndex
                0x00409e29                Clock_Ip_au8GateCallbackIndex
                0x00409e32                Clock_Ip_au8IrcoscCallbackIndex
                0x00409e3b                Clock_Ip_au8XoscCallbackIndex
                0x00409e44                Clock_Ip_au8DividerTriggerCallbackIndex
                0x00409e4d                Clock_Ip_au8DividerCallbackIndex
 *fill*         0x00409e56        0x2 
 .mcal_const    0x00409e58       0x10 ./RTD/src/Clock_Ip_Divider.o
                0x00409e58                Clock_Ip_axDividerCallbacks
 .mcal_const    0x00409e68       0x10 ./RTD/src/Clock_Ip_DividerTrigger.o
                0x00409e68                Clock_Ip_axDividerTriggerCallbacks
 .mcal_const    0x00409e78       0x3c ./RTD/src/Clock_Ip_ExtOsc.o
                0x00409e78                Clock_Ip_axExtOscCallbacks
 .mcal_const    0x00409eb4        0xc ./RTD/src/Clock_Ip_FracDiv.o
                0x00409eb4                Clock_Ip_axFracDivCallbacks
 .mcal_const    0x00409ec0       0x10 ./RTD/src/Clock_Ip_Gate.o
                0x00409ec0                Clock_Ip_axGateCallbacks
 .mcal_const    0x00409ed0       0x30 ./RTD/src/Clock_Ip_IntOsc.o
                0x00409ed0                Clock_Ip_axIntOscCallbacks
 .mcal_const    0x00409f00       0x20 ./RTD/src/Clock_Ip_Monitor.o
                0x00409f00                Clock_Ip_axCmuCallbacks
 .mcal_const    0x00409f20       0x28 ./RTD/src/Clock_Ip_Pll.o
                0x00409f20                Clock_Ip_axPllCallbacks
 .mcal_const    0x00409f48        0x8 ./RTD/src/Clock_Ip_ProgFreqSwitch.o
                0x00409f48                Clock_Ip_axPcfsCallbacks
 .mcal_const    0x00409f50       0x28 ./RTD/src/Clock_Ip_Selector.o
                0x00409f50                Clock_Ip_axSelectorCallbacks
 .mcal_const    0x00409f78       0x14 ./RTD/src/Gmac_Ip_Hw_Access.o
                0x00409f78                Gmac_apxChBases
                0x00409f80                Gmac_apxQueueBases
                0x00409f88                Gmac_apxBases
 .mcal_const    0x00409f8c        0x2 ./generate/src/Gmac_Ip_Cfg.o
                0x00409f8c                Gmac_aRxExternalBuffLength
                0x00409f90                . = ALIGN (0x4)
 *fill*         0x00409f8e        0x2 
                0x00409f90                __init_table = .
 *(.init_table)
 .init_table    0x00409f90       0x4c ./Project_Settings/Startup_Code/startup_cm7.o
                0x00409fdc                . = ALIGN (0x4)
                0x00409fdc                __zero_table = .
 *(.zero_table)
 .zero_table    0x00409fdc       0x1c ./Project_Settings/Startup_Code/startup_cm7.o

.ARM.extab      0x00409ff8        0x0
 .ARM.extab     0x00409ff8        0x0 c:/nxp/s32ds.3.5/s32ds/build_tools/gcc_v10.2/gcc-10.2-arm32-eabi/bin/../lib/gcc/arm-none-eabi/10.2.0/thumb/v7e-m+fp/hard\libgcc.a(_udivmoddi4.o)

.ARM.exidx      0x00409ff8        0x8
 .ARM.exidx     0x00409ff8        0x8 c:/nxp/s32ds.3.5/s32ds/build_tools/gcc_v10.2/gcc-10.2-arm32-eabi/bin/../lib/gcc/arm-none-eabi/10.2.0/thumb/v7e-m+fp/hard\libgcc.a(_udivmoddi4.o)

.glue_7         0x0040a000        0x0
 .glue_7        0x0040a000        0x0 linker stubs

.glue_7t        0x0040a000        0x0
 .glue_7t       0x0040a000        0x0 linker stubs

.vfp11_veneer   0x0040a000        0x0
 .vfp11_veneer  0x0040a000        0x0 linker stubs

.v4_bx          0x0040a000        0x0
 .v4_bx         0x0040a000        0x0 linker stubs

.iplt           0x0040a000        0x0
 .iplt          0x0040a000        0x0 ./Project_Settings/Startup_Code/Vector_Table.o

.rel.dyn        0x0040a000        0x0
 .rel.iplt      0x0040a000        0x0 ./Project_Settings/Startup_Code/Vector_Table.o
                0x0040a000                . = ALIGN (0x4)
                0x0040a000                __text_end = .
                0x0040a000                __sram_data_rom = __text_end

.sram_bss       0x20400000      0x1f8
                0x20400000                . = ALIGN (0x8)
                0x20400000                __standby_ram_begin__ = .
 *(.standby_data)
                0x20400000                . = ALIGN (0x8)
                0x20400000                __standby_ram_end__ = .
                0x20400000                . = ALIGN (0x10)
                0x20400000                __sram_bss_start = .
 *(.bss)
 .bss           0x20400000        0x0 ./Project_Settings/Startup_Code/Vector_Table.o
 .bss           0x20400000        0x0 ./Project_Settings/Startup_Code/exceptions.o
 .bss           0x20400000        0x0 ./Project_Settings/Startup_Code/nvic.o
 .bss           0x20400000        0x0 ./Project_Settings/Startup_Code/startup.o
 .bss           0x20400000        0x0 ./Project_Settings/Startup_Code/startup_cm7.o
 .bss           0x20400000       0x80 ./Project_Settings/Startup_Code/system.o
                0x20400000                rbar
                0x20400040                rasr
 .bss           0x20400080        0x0 ./RTD/src/Clock_Ip.o
 .bss           0x20400080        0x0 ./RTD/src/Clock_Ip_Data.o
 .bss           0x20400080        0x0 ./RTD/src/Clock_Ip_Divider.o
 .bss           0x20400080        0x0 ./RTD/src/Clock_Ip_DividerTrigger.o
 .bss           0x20400080        0x0 ./RTD/src/Clock_Ip_ExtOsc.o
 .bss           0x20400080        0x0 ./RTD/src/Clock_Ip_FracDiv.o
 .bss           0x20400080        0x0 ./RTD/src/Clock_Ip_Frequency.o
 .bss           0x20400080        0x0 ./RTD/src/Clock_Ip_Gate.o
 .bss           0x20400080        0x0 ./RTD/src/Clock_Ip_IntOsc.o
 .bss           0x20400080        0x0 ./RTD/src/Clock_Ip_Irq.o
 .bss           0x20400080        0x0 ./RTD/src/Clock_Ip_Monitor.o
 .bss           0x20400080        0x0 ./RTD/src/Clock_Ip_Pll.o
 .bss           0x20400080        0x0 ./RTD/src/Clock_Ip_ProgFreqSwitch.o
 .bss           0x20400080        0x0 ./RTD/src/Clock_Ip_Selector.o
 .bss           0x20400080        0x0 ./RTD/src/Clock_Ip_Specific.o
 .bss           0x20400080        0x0 ./RTD/src/Det.o
 .bss           0x20400080        0x0 ./RTD/src/Det_stub.o
 .bss           0x20400080        0x0 ./RTD/src/Gmac_Ip.o
 .bss           0x20400080        0x0 ./RTD/src/Gmac_Ip_Hw_Access.o
 .bss           0x20400080        0x0 ./RTD/src/Gmac_Ip_Irq.o
 .bss           0x20400080        0x0 ./RTD/src/Igf_Port_Ip.o
 .bss           0x20400080        0x0 ./RTD/src/OsIf_Interrupts.o
 .bss           0x20400080        0x0 ./RTD/src/OsIf_Timer.o
 .bss           0x20400080        0x0 ./RTD/src/OsIf_Timer_System.o
 .bss           0x20400080        0x0 ./RTD/src/OsIf_Timer_System_Internal_Systick.o
 .bss           0x20400080        0x0 ./RTD/src/SchM_Mcu.o
 .bss           0x20400080        0x0 ./RTD/src/SchM_Port.o
 .bss           0x20400080        0x0 ./RTD/src/Siul2_Port_Ip.o
 .bss           0x20400080        0x0 ./RTD/src/Tspc_Port_Ip.o
 .bss           0x20400080        0x0 ./board/Siul2_Port_Ip_Cfg.o
 .bss           0x20400080        0x0 ./board/Tspc_Port_Ip_Cfg.o
 .bss           0x20400080        0x0 ./generate/src/Clock_Ip_Cfg.o
 .bss           0x20400080        0x0 ./generate/src/Gmac_Ip_Cfg.o
 .bss           0x20400080        0x0 ./generate/src/Gmac_Ip_Sa_PBcfg.o
 .bss           0x20400080        0x0 ./generate/src/Igf_Port_Ip_Cfg.o
 .bss           0x20400080        0x0 ./generate/src/OsIf_Cfg.o
 .bss           0x20400080       0x50 ./src/main.o
                0x20400080                Status
                0x20400084                MacAddr_Src
                0x2040008c                TxBuffer
                0x20400094                exit_code
                0x20400098                RxInfo
                0x204000b8                TxInfo
                0x204000c8                RxBuffer
 .bss           0x204000d0        0x0 c:/nxp/s32ds.3.5/s32ds/build_tools/gcc_v10.2/gcc-10.2-arm32-eabi/bin/../lib/gcc/arm-none-eabi/10.2.0/../../../../arm-none-eabi/lib/thumb/v7e-m+fp/hard\libc_nano.a(lib_a-memmove.o)
 .bss           0x204000d0        0x0 c:/nxp/s32ds.3.5/s32ds/build_tools/gcc_v10.2/gcc-10.2-arm32-eabi/bin/../lib/gcc/arm-none-eabi/10.2.0/../../../../arm-none-eabi/lib/thumb/v7e-m+fp/hard\libc_nano.a(lib_a-memset.o)
 .bss           0x204000d0        0x0 c:/nxp/s32ds.3.5/s32ds/build_tools/gcc_v10.2/gcc-10.2-arm32-eabi/bin/../lib/gcc/arm-none-eabi/10.2.0/thumb/v7e-m+fp/hard\libgcc.a(_arm_muldivdf3.o)
 .bss           0x204000d0        0x0 c:/nxp/s32ds.3.5/s32ds/build_tools/gcc_v10.2/gcc-10.2-arm32-eabi/bin/../lib/gcc/arm-none-eabi/10.2.0/thumb/v7e-m+fp/hard\libgcc.a(_arm_fixunsdfsi.o)
 .bss           0x204000d0        0x0 c:/nxp/s32ds.3.5/s32ds/build_tools/gcc_v10.2/gcc-10.2-arm32-eabi/bin/../lib/gcc/arm-none-eabi/10.2.0/thumb/v7e-m+fp/hard\libgcc.a(_aeabi_uldivmod.o)
 .bss           0x204000d0        0x0 c:/nxp/s32ds.3.5/s32ds/build_tools/gcc_v10.2/gcc-10.2-arm32-eabi/bin/../lib/gcc/arm-none-eabi/10.2.0/thumb/v7e-m+fp/hard\libgcc.a(_udivmoddi4.o)
 .bss           0x204000d0        0x0 c:/nxp/s32ds.3.5/s32ds/build_tools/gcc_v10.2/gcc-10.2-arm32-eabi/bin/../lib/gcc/arm-none-eabi/10.2.0/thumb/v7e-m+fp/hard\libgcc.a(_dvmd_tls.o)
 *(.bss*)
                0x204000d0                . = ALIGN (0x10)
 *(.mcal_bss)
 .mcal_bss      0x204000d0        0x4 ./Project_Settings/Startup_Code/system.o
                0x204000d0                RESET_CATCH_CORE
 .mcal_bss      0x204000d4       0x95 ./RTD/src/Clock_Ip.o
                0x204000d8                Clock_Ip_FreqIds
                0x20400164                Clock_Ip_pxConfig
 *fill*         0x20400169        0x3 
 .mcal_bss      0x2040016c        0xc ./RTD/src/Clock_Ip_Monitor.o
 .mcal_bss      0x20400178        0x4 ./RTD/src/Clock_Ip_ProgFreqSwitch.o
 .mcal_bss      0x2040017c        0xc ./RTD/src/Clock_Ip_Specific.o
 .mcal_bss      0x20400188       0x24 ./RTD/src/Gmac_Ip.o
                0x204001a8                Gmac_apxState
 .mcal_bss      0x204001ac        0x8 ./RTD/src/Siul2_Port_Ip.o
 .mcal_bss      0x204001b4       0x3c ./generate/src/Gmac_Ip_Cfg.o
                0x204001b4                GMAC_0_StateStructure
 .mcal_bss      0x204001f0        0x8 ./generate/src/Gmac_Ip_Sa_PBcfg.o
                0x204001f8                . = ALIGN (0x4)
                0x204001f8                __sram_bss_end = .

.sram_data      0x204001f8       0xb0 load address 0x0040a000
                0x204001f8                . = ALIGN (0x4)
                0x204001f8                __sram_data_begin__ = .
                0x204001f8                . = ALIGN (0x4)
 *(.ramcode)
 .ramcode       0x204001f8       0x98 ./RTD/src/Clock_Ip_Specific.o
                0x20400290                . = ALIGN (0x4)
 *(.data)
 .data          0x20400290        0x0 ./Project_Settings/Startup_Code/Vector_Table.o
 .data          0x20400290        0x0 ./Project_Settings/Startup_Code/exceptions.o
 .data          0x20400290        0x0 ./Project_Settings/Startup_Code/nvic.o
 .data          0x20400290        0x0 ./Project_Settings/Startup_Code/startup.o
 .data          0x20400290        0x0 ./Project_Settings/Startup_Code/startup_cm7.o
 .data          0x20400290        0x0 ./Project_Settings/Startup_Code/system.o
 .data          0x20400290        0x4 ./RTD/src/Clock_Ip.o
 .data          0x20400294        0x0 ./RTD/src/Clock_Ip_Data.o
 .data          0x20400294        0x0 ./RTD/src/Clock_Ip_Divider.o
 .data          0x20400294        0x0 ./RTD/src/Clock_Ip_DividerTrigger.o
 .data          0x20400294        0x0 ./RTD/src/Clock_Ip_ExtOsc.o
 .data          0x20400294        0x0 ./RTD/src/Clock_Ip_FracDiv.o
 .data          0x20400294        0x0 ./RTD/src/Clock_Ip_Frequency.o
 .data          0x20400294        0x0 ./RTD/src/Clock_Ip_Gate.o
 .data          0x20400294        0x0 ./RTD/src/Clock_Ip_IntOsc.o
 .data          0x20400294        0x0 ./RTD/src/Clock_Ip_Irq.o
 .data          0x20400294        0x0 ./RTD/src/Clock_Ip_Monitor.o
 .data          0x20400294        0x0 ./RTD/src/Clock_Ip_Pll.o
 .data          0x20400294        0x0 ./RTD/src/Clock_Ip_ProgFreqSwitch.o
 .data          0x20400294        0x0 ./RTD/src/Clock_Ip_Selector.o
 .data          0x20400294        0x0 ./RTD/src/Clock_Ip_Specific.o
 .data          0x20400294        0x0 ./RTD/src/Det.o
 .data          0x20400294        0x0 ./RTD/src/Det_stub.o
 .data          0x20400294        0x0 ./RTD/src/Gmac_Ip.o
 .data          0x20400294        0x0 ./RTD/src/Gmac_Ip_Hw_Access.o
 .data          0x20400294        0x0 ./RTD/src/Gmac_Ip_Irq.o
 .data          0x20400294        0x0 ./RTD/src/Igf_Port_Ip.o
 .data          0x20400294        0x0 ./RTD/src/OsIf_Interrupts.o
 .data          0x20400294        0x0 ./RTD/src/OsIf_Timer.o
 .data          0x20400294        0x0 ./RTD/src/OsIf_Timer_System.o
 .data          0x20400294        0x0 ./RTD/src/OsIf_Timer_System_Internal_Systick.o
 .data          0x20400294        0x0 ./RTD/src/SchM_Mcu.o
 .data          0x20400294        0x0 ./RTD/src/SchM_Port.o
 .data          0x20400294        0x0 ./RTD/src/Siul2_Port_Ip.o
 .data          0x20400294        0x0 ./RTD/src/Tspc_Port_Ip.o
 .data          0x20400294        0x0 ./board/Siul2_Port_Ip_Cfg.o
 .data          0x20400294        0x0 ./board/Tspc_Port_Ip_Cfg.o
 .data          0x20400294        0x0 ./generate/src/Clock_Ip_Cfg.o
 .data          0x20400294        0x0 ./generate/src/Gmac_Ip_Cfg.o
 .data          0x20400294        0x0 ./generate/src/Gmac_Ip_Sa_PBcfg.o
 .data          0x20400294        0x0 ./generate/src/Igf_Port_Ip_Cfg.o
 .data          0x20400294        0x0 ./generate/src/OsIf_Cfg.o
 .data          0x20400294       0x14 ./src/main.o
                0x20400294                MacAddr_Dest
                0x2040029c                TxOptions
 .data          0x204002a8        0x0 c:/nxp/s32ds.3.5/s32ds/build_tools/gcc_v10.2/gcc-10.2-arm32-eabi/bin/../lib/gcc/arm-none-eabi/10.2.0/../../../../arm-none-eabi/lib/thumb/v7e-m+fp/hard\libc_nano.a(lib_a-memmove.o)
 .data          0x204002a8        0x0 c:/nxp/s32ds.3.5/s32ds/build_tools/gcc_v10.2/gcc-10.2-arm32-eabi/bin/../lib/gcc/arm-none-eabi/10.2.0/../../../../arm-none-eabi/lib/thumb/v7e-m+fp/hard\libc_nano.a(lib_a-memset.o)
 .data          0x204002a8        0x0 c:/nxp/s32ds.3.5/s32ds/build_tools/gcc_v10.2/gcc-10.2-arm32-eabi/bin/../lib/gcc/arm-none-eabi/10.2.0/thumb/v7e-m+fp/hard\libgcc.a(_arm_muldivdf3.o)
 .data          0x204002a8        0x0 c:/nxp/s32ds.3.5/s32ds/build_tools/gcc_v10.2/gcc-10.2-arm32-eabi/bin/../lib/gcc/arm-none-eabi/10.2.0/thumb/v7e-m+fp/hard\libgcc.a(_arm_fixunsdfsi.o)
 .data          0x204002a8        0x0 c:/nxp/s32ds.3.5/s32ds/build_tools/gcc_v10.2/gcc-10.2-arm32-eabi/bin/../lib/gcc/arm-none-eabi/10.2.0/thumb/v7e-m+fp/hard\libgcc.a(_aeabi_uldivmod.o)
 .data          0x204002a8        0x0 c:/nxp/s32ds.3.5/s32ds/build_tools/gcc_v10.2/gcc-10.2-arm32-eabi/bin/../lib/gcc/arm-none-eabi/10.2.0/thumb/v7e-m+fp/hard\libgcc.a(_udivmoddi4.o)
 .data          0x204002a8        0x0 c:/nxp/s32ds.3.5/s32ds/build_tools/gcc_v10.2/gcc-10.2-arm32-eabi/bin/../lib/gcc/arm-none-eabi/10.2.0/thumb/v7e-m+fp/hard\libgcc.a(_dvmd_tls.o)
 *(.data*)
                0x204002a8                . = ALIGN (0x4)
 *(.mcal_data)
                0x204002a8                . = ALIGN (0x4)
                0x204002a8                __sram_data_end__ = .
                0x0040a0b0                __sram_data_rom_end = (__sram_data_rom + (__sram_data_end__ - __sram_data_begin__))

.heap           0x204002a8     0x2000 load address 0x0040a0b0
                0x00000000                . = (. + ALIGN (0x4))
                0x204002a8                _end = .
                0x204002a8                end = .
                0x204002a8                _heap_start = .
                0x00002000                . = (. + HEAP_SIZE)
 *fill*         0x204002a8     0x2000 
                0x204022a8                _heap_end = .

.acfls_code_ram
                0x2042ff00        0x0
                0x2042ff00                __acfls_code_ram_start = .
 *(.acfls_code_ram)
                0x2042ff00                __acfls_code_ram_end = .
                0x2042ff00                __acmem_43_infls_code_ram_start = .
 *(.acmem_43_infls_code_ram)
                0x2042ff00                __acmem_43_infls_code_ram_end = .
                0x0040a0b0                __non_cacheable_data_rom = __sram_data_rom_end

.non_cacheable_data
                0x20430000        0x4 load address 0x0040a0b0
                0x20430000                . = ALIGN (0x4)
                0x20430000                __non_cacheable_data_start__ = .
 *(.mcal_data_no_cacheable)
                0x20430000                . = ALIGN (0x4)
 *(.mcal_const_no_cacheable)
                0x20430000                . = ALIGN (0x4)
                0x20430000                HSE_LOOP_ADDR = .
                0x20430000        0x4 LONG 0x0
                0x20430004                __non_cacheable_data_end__ = .
                0x0040a0b4                __non_cacheable_data_rom_end = (__non_cacheable_data_rom + (__non_cacheable_data_end__ - __non_cacheable_data_start__))

.igot.plt       0x20430004        0x0 load address 0x0040a0b4
 .igot.plt      0x20430004        0x0 ./Project_Settings/Startup_Code/Vector_Table.o

.non_cacheable_bss
                0x20430040      0x740 load address 0x0040a100
                0x20430040                . = ALIGN (0x10)
                0x20430040                __non_cacheable_bss_start = .
 *(.mcal_bss_no_cacheable)
 .mcal_bss_no_cacheable
                0x20430040       0x3c ./RTD/src/Det.o
                0x20430040                Det_TransientModuleId
                0x20430048                Det_ApiId
                0x2043004c                Det_TransientInstanceId
                0x20430050                Det_ErrorId
                0x20430054                Det_TransientApiId
                0x20430058                Det_RuntimeModuleId
                0x20430060                Det_TransientFaultId
                0x20430064                Det_RuntimeInstanceId
                0x20430068                Det_RuntimeApiId
                0x2043006c                Det_ModuleId
                0x20430074                Det_RuntimeErrorId
                0x20430078                Det_InstanceId
 .mcal_bss_no_cacheable
                0x2043007c       0x60 ./RTD/src/SchM_Mcu.o
 .mcal_bss_no_cacheable
                0x204300dc      0x380 ./RTD/src/SchM_Port.o
 *fill*         0x2043045c       0x24 
 .mcal_bss_no_cacheable
                0x20430480      0x300 ./generate/src/Gmac_Ip_Cfg.o
                0x20430480                GMAC_0_RxRing_0_DescBuffer
                0x20430500                GMAC_0_TxRing_0_DataBuffer
                0x20430600                GMAC_0_RxRing_0_DataBuffer
                0x20430700                GMAC_0_TxRing_0_DescBuffer
                0x20430780                . = ALIGN (0x4)
                0x20430780                __non_cacheable_bss_end = .

.int_results    0x2043ff00      0x100
                0x2043ff00                . = ALIGN (0x4)
 *(.int_results)
                0x20440000                . = (. + 0x100)
 *fill*         0x2043ff00      0x100 
                0x0040a0b4                __shareable_data_rom = __non_cacheable_data_rom_end

.shareable_data
                0x20440000        0x0 load address 0x0040a0b4
                0x20440000                . = ALIGN (0x4)
                0x20440000                __shareable_data_start__ = .
 *(.mcal_shared_data)
                0x20440000                . = ALIGN (0x4)
                0x20440000                __shareable_data_end__ = .
                0x0040a0b4                __shareable_data_rom_end = (__shareable_data_rom + (__shareable_data_end__ - __shareable_data_start__))

.int_vector     0x20000000      0x408
                0x20000000                . = ALIGN (0x800)
                0x20000000                __interrupts_ram_start = .
                0x20000408                . = (. + (__interrupts_init_end - __interrupts_init_start))
 *fill*         0x20000000      0x408 
                0x20000408                . = ALIGN (0x4)
                0x20000408                __interrupts_ram_end = .
                0x0040a0b4                __tcm_data_rom = __shareable_data_rom_end

.data_tcm_data  0x20000408        0x0 load address 0x0040a0b4
                0x20000408                . = ALIGN (0x4)
                0x20000408                __dtcm_data_start__ = .
 *(.dtcm_data*)
                0x20000408                . = ALIGN (0x4)
                0x20000408                __dtcm_data_end__ = .
                0x0040a0b4                __tcm_data_rom_end = (__tcm_data_rom + (__dtcm_data_end__ - __dtcm_data_start__))

.bss_tcm_data   0x20000408        0x0
                0x20000408                . = ALIGN (0x4)
                0x20000408                __dtcm_bss_start__ = .
 *(.dtcm_bss*)
                0x20000408                . = ALIGN (0x4)
                0x20000408                __dtcm_bss_end__ = .
                0x0040a0b4                __tcm_code_rom_start = __tcm_data_rom_end

.itcm_text      0x00000000        0x0 load address 0x0040a0b4
                0x00000000                . = ALIGN (0x4)
                0x00000000                __itcm_start__ = .
 *(.itcm_text*)
                0x00000000                . = ALIGN (0x4)
                0x00000000                __itcm_end__ = .
                0x0040a0b4                __tcm_code_rom_end = (__tcm_code_rom_start + (__itcm_end__ - __itcm_start__))

.shareable_bss  0x20440000        0x0
                0x20440000                . = ALIGN (0x10)
                0x20440000                __shareable_bss_start = .
 *(.mcal_shared_bss)
                0x20440000                . = ALIGN (0x4)
                0x20440000                __shareable_bss_end = .
                0x2001f000                __Stack_dtcm_end = ORIGIN (int_stack_dtcm)
                0x20020000                __Stack_dtcm_start = (ORIGIN (int_stack_dtcm) + LENGTH (int_stack_dtcm))
                0x20400000                __INT_SRAM_START = ORIGIN (int_sram)
                0x20444000                __INT_SRAM_END = ORIGIN (ram_rsvd2)
                0x00000000                __INT_ITCM_START = ORIGIN (int_itcm)
                0x00010000                __INT_ITCM_END = (ORIGIN (int_itcm) + LENGTH (int_itcm))
                0x20000000                __INT_DTCM_START = ORIGIN (int_dtcm)
                0x20020000                __INT_DTCM_END = ((ORIGIN (int_dtcm) + LENGTH (int_dtcm)) + LENGTH (int_stack_dtcm))
                0x20440000                __RAM_SHAREABLE_START = __shareable_data_start__
                0x0000000e                __RAM_SHAREABLE_SIZE = 0xe
                0x0040a0b4                __ROM_SHAREABLE_START = __shareable_data_rom
                0x0040a0b4                __ROM_SHAREABLE_END = __shareable_data_rom_end
                0x20430000                __RAM_NO_CACHEABLE_START = __non_cacheable_data_start__
                0x00000010                __RAM_NO_CACHEABLE_SIZE = 0x10
                0x0040a0b0                __ROM_NO_CACHEABLE_START = __non_cacheable_data_rom
                0x0040a0b4                __ROM_NO_CACHEABLE_END = __non_cacheable_data_rom_end
                0x204001f8                __RAM_CACHEABLE_START = __sram_data_begin__
                0x00000012                __RAM_CACHEABLE_SIZE = 0x12
                0x0040a000                __ROM_CACHEABLE_START = __sram_data_rom
                0x0040a0b0                __ROM_CACHEABLE_END = __sram_data_rom_end
                0x00400000                __ROM_CODE_START = ORIGIN (int_pflash)
                0x10000000                __ROM_DATA_START = ORIGIN (int_dflash)
                0x20400000                __BSS_SRAM_START = __sram_bss_start
                0x204001f8                __BSS_SRAM_END = __sram_bss_end
                0x000001f8                __BSS_SRAM_SIZE = (__sram_bss_end - __sram_bss_start)
                0x20430040                __BSS_SRAM_NC_START = __non_cacheable_bss_start
                0x00000740                __BSS_SRAM_NC_SIZE = (__non_cacheable_bss_end - __non_cacheable_bss_start)
                0x20430780                __BSS_SRAM_NC_END = __non_cacheable_bss_end
                0x20440000                __BSS_SRAM_SH_START = __shareable_bss_start
                0x00000000                __BSS_SRAM_SH_SIZE = (__shareable_bss_end - __shareable_bss_start)
                0x20440000                __BSS_SRAM_SH_END = __shareable_bss_end
                0x20000000                __RAM_INTERRUPT_START = __interrupts_ram_start
                0x00402000                __INIT_INTERRUPT_START = __interrupts_init_start
                0x00402408                __INIT_INTERRUPT_END = __interrupts_init_end
                0x00000000                __RAM_ITCM_START = __itcm_start__
                0x0040a0b4                __ROM_ITCM_START = __tcm_code_rom_start
                0x0040a0b4                __ROM_ITCM_END = __tcm_code_rom_end
                0x20000408                __RAM_DTCM_DATA_START = __dtcm_data_start__
                0x0040a0b4                __ROM_DTCM_DATA_START = __tcm_data_rom
                0x0040a0b4                __ROM_DTCM_END = __tcm_data_rom_end
                0x00409f90                __INIT_TABLE = __init_table
                0x00409fdc                __ZERO_TABLE = __zero_table
                0x00000001                __RAM_INIT = 0x1
                0x00000001                __ITCM_INIT = 0x1
                0x00000001                __DTCM_INIT = 0x1
                0x00407ef4                Fls_ACEraseRomStart = __acfls_code_rom_start
                0x00407f58                Fls_ACEraseRomEnd = __acfls_code_rom_end
                0x00000019                Fls_ACEraseSize = ((__acfls_code_rom_end - __acfls_code_rom_start) / 0x4)
                0x00407ef4                Fls_ACWriteRomStart = __acfls_code_rom_start
                0x00407f58                Fls_ACWriteRomEnd = __acfls_code_rom_end
                0x00000019                Fls_ACWriteSize = ((__acfls_code_rom_end - __acfls_code_rom_start) / 0x4)
                0x2042ff00                _ERASE_FUNC_ADDRESS_ = __acfls_code_ram_start
                0x2042ff00                _WRITE_FUNC_ADDRESS_ = __acfls_code_ram_start
                0x00407f58                Mem_43_INFLS_ACEraseRomStart = __acmem_43_infls_code_rom_start
                0x00407f58                Mem_43_INFLS_ACEraseRomEnd = __acmem_43_infls_code_rom_end
                0x00000000                Mem_43_INFLS_ACEraseSize = (((__acmem_43_infls_code_rom_end - __acmem_43_infls_code_rom_start) + 0x3) / 0x4)
                0x00407f58                Mem_43_INFLS_ACWriteRomStart = __acmem_43_infls_code_rom_start
                0x00407f58                Mem_43_INFLS_ACWriteRomEnd = __acmem_43_infls_code_rom_end
                0x00000000                Mem_43_INFLS_ACWriteSize = (((__acmem_43_infls_code_rom_end - __acmem_43_infls_code_rom_start) + 0x3) / 0x4)
                0x2042ff00                _MEM_43_INFLS_ERASE_FUNC_ADDRESS_ = __acmem_43_infls_code_ram_start
                0x2042ff00                _MEM_43_INFLS_WRITE_FUNC_ADDRESS_ = __acmem_43_infls_code_ram_start
                0x00402000                __ENTRY_VTABLE = __INIT_INTERRUPT_START
                0x00402000                __CORE0_VTOR = __INIT_INTERRUPT_START
                0x00402000                __CORE1_VTOR = __INIT_INTERRUPT_START
                0x00402000                __CORE2_VTOR = __INIT_INTERRUPT_START
                0x00000003                __INDEX_COPY_CORE2 = 0x3
                0x00000001                ASSERT ((__standby_ram_end__ <= __STANDBY_RAM_LIMIT_END), Memory for standby ram overflow)
OUTPUT(G2B_S32K344_Eth_TX_RX.elf elf32-littlearm)
LOAD linker stubs

.ARM.attributes
                0x00000000       0x30
 .ARM.attributes
                0x00000000       0x20 ./Project_Settings/Startup_Code/Vector_Table.o
 .ARM.attributes
                0x00000020       0x34 ./Project_Settings/Startup_Code/exceptions.o
 .ARM.attributes
                0x00000054       0x34 ./Project_Settings/Startup_Code/nvic.o
 .ARM.attributes
                0x00000088       0x34 ./Project_Settings/Startup_Code/startup.o
 .ARM.attributes
                0x000000bc       0x1f ./Project_Settings/Startup_Code/startup_cm7.o
 .ARM.attributes
                0x000000db       0x34 ./Project_Settings/Startup_Code/system.o
 .ARM.attributes
                0x0000010f       0x34 ./RTD/src/Clock_Ip.o
 .ARM.attributes
                0x00000143       0x39 ./RTD/src/Clock_Ip_Data.o
 .ARM.attributes
                0x0000017c       0x34 ./RTD/src/Clock_Ip_Divider.o
 .ARM.attributes
                0x000001b0       0x34 ./RTD/src/Clock_Ip_DividerTrigger.o
 .ARM.attributes
                0x000001e4       0x34 ./RTD/src/Clock_Ip_ExtOsc.o
 .ARM.attributes
                0x00000218       0x34 ./RTD/src/Clock_Ip_FracDiv.o
 .ARM.attributes
                0x0000024c       0x34 ./RTD/src/Clock_Ip_Frequency.o
 .ARM.attributes
                0x00000280       0x34 ./RTD/src/Clock_Ip_Gate.o
 .ARM.attributes
                0x000002b4       0x34 ./RTD/src/Clock_Ip_IntOsc.o
 .ARM.attributes
                0x000002e8       0x34 ./RTD/src/Clock_Ip_Irq.o
 .ARM.attributes
                0x0000031c       0x34 ./RTD/src/Clock_Ip_Monitor.o
 .ARM.attributes
                0x00000350       0x34 ./RTD/src/Clock_Ip_Pll.o
 .ARM.attributes
                0x00000384       0x34 ./RTD/src/Clock_Ip_ProgFreqSwitch.o
 .ARM.attributes
                0x000003b8       0x34 ./RTD/src/Clock_Ip_Selector.o
 .ARM.attributes
                0x000003ec       0x34 ./RTD/src/Clock_Ip_Specific.o
 .ARM.attributes
                0x00000420       0x34 ./RTD/src/Det.o
 .ARM.attributes
                0x00000454       0x34 ./RTD/src/Det_stub.o
 .ARM.attributes
                0x00000488       0x34 ./RTD/src/Gmac_Ip.o
 .ARM.attributes
                0x000004bc       0x34 ./RTD/src/Gmac_Ip_Hw_Access.o
 .ARM.attributes
                0x000004f0       0x34 ./RTD/src/Gmac_Ip_Irq.o
 .ARM.attributes
                0x00000524       0x39 ./RTD/src/Igf_Port_Ip.o
 .ARM.attributes
                0x0000055d       0x39 ./RTD/src/OsIf_Interrupts.o
 .ARM.attributes
                0x00000596       0x34 ./RTD/src/OsIf_Timer.o
 .ARM.attributes
                0x000005ca       0x39 ./RTD/src/OsIf_Timer_System.o
 .ARM.attributes
                0x00000603       0x34 ./RTD/src/OsIf_Timer_System_Internal_Systick.o
 .ARM.attributes
                0x00000637       0x34 ./RTD/src/SchM_Mcu.o
 .ARM.attributes
                0x0000066b       0x34 ./RTD/src/SchM_Port.o
 .ARM.attributes
                0x0000069f       0x34 ./RTD/src/Siul2_Port_Ip.o
 .ARM.attributes
                0x000006d3       0x34 ./RTD/src/Tspc_Port_Ip.o
 .ARM.attributes
                0x00000707       0x39 ./board/Siul2_Port_Ip_Cfg.o
 .ARM.attributes
                0x00000740       0x39 ./board/Tspc_Port_Ip_Cfg.o
 .ARM.attributes
                0x00000779       0x39 ./generate/src/Clock_Ip_Cfg.o
 .ARM.attributes
                0x000007b2       0x39 ./generate/src/Gmac_Ip_Cfg.o
 .ARM.attributes
                0x000007eb       0x39 ./generate/src/Gmac_Ip_Sa_PBcfg.o
 .ARM.attributes
                0x00000824       0x39 ./generate/src/Igf_Port_Ip_Cfg.o
 .ARM.attributes
                0x0000085d       0x39 ./generate/src/OsIf_Cfg.o
 .ARM.attributes
                0x00000896       0x34 ./src/main.o
 .ARM.attributes
                0x000008ca       0x34 c:/nxp/s32ds.3.5/s32ds/build_tools/gcc_v10.2/gcc-10.2-arm32-eabi/bin/../lib/gcc/arm-none-eabi/10.2.0/../../../../arm-none-eabi/lib/thumb/v7e-m+fp/hard\libc_nano.a(lib_a-memmove.o)
 .ARM.attributes
                0x000008fe       0x34 c:/nxp/s32ds.3.5/s32ds/build_tools/gcc_v10.2/gcc-10.2-arm32-eabi/bin/../lib/gcc/arm-none-eabi/10.2.0/../../../../arm-none-eabi/lib/thumb/v7e-m+fp/hard\libc_nano.a(lib_a-memset.o)
 .ARM.attributes
                0x00000932       0x1e c:/nxp/s32ds.3.5/s32ds/build_tools/gcc_v10.2/gcc-10.2-arm32-eabi/bin/../lib/gcc/arm-none-eabi/10.2.0/thumb/v7e-m+fp/hard\libgcc.a(_arm_muldivdf3.o)
 .ARM.attributes
                0x00000950       0x1e c:/nxp/s32ds.3.5/s32ds/build_tools/gcc_v10.2/gcc-10.2-arm32-eabi/bin/../lib/gcc/arm-none-eabi/10.2.0/thumb/v7e-m+fp/hard\libgcc.a(_arm_fixunsdfsi.o)
 .ARM.attributes
                0x0000096e       0x1e c:/nxp/s32ds.3.5/s32ds/build_tools/gcc_v10.2/gcc-10.2-arm32-eabi/bin/../lib/gcc/arm-none-eabi/10.2.0/thumb/v7e-m+fp/hard\libgcc.a(_aeabi_uldivmod.o)
 .ARM.attributes
                0x0000098c       0x34 c:/nxp/s32ds.3.5/s32ds/build_tools/gcc_v10.2/gcc-10.2-arm32-eabi/bin/../lib/gcc/arm-none-eabi/10.2.0/thumb/v7e-m+fp/hard\libgcc.a(_udivmoddi4.o)
 .ARM.attributes
                0x000009c0       0x1e c:/nxp/s32ds.3.5/s32ds/build_tools/gcc_v10.2/gcc-10.2-arm32-eabi/bin/../lib/gcc/arm-none-eabi/10.2.0/thumb/v7e-m+fp/hard\libgcc.a(_dvmd_tls.o)

.comment        0x00000000       0x88
 .comment       0x00000000       0x88 ./Project_Settings/Startup_Code/exceptions.o
                                 0x89 (size before relaxing)
 .comment       0x00000088       0x89 ./Project_Settings/Startup_Code/nvic.o
 .comment       0x00000088       0x89 ./Project_Settings/Startup_Code/startup.o
 .comment       0x00000088       0x89 ./Project_Settings/Startup_Code/system.o
 .comment       0x00000088       0x89 ./RTD/src/Clock_Ip.o
 .comment       0x00000088       0x89 ./RTD/src/Clock_Ip_Data.o
 .comment       0x00000088       0x89 ./RTD/src/Clock_Ip_Divider.o
 .comment       0x00000088       0x89 ./RTD/src/Clock_Ip_DividerTrigger.o
 .comment       0x00000088       0x89 ./RTD/src/Clock_Ip_ExtOsc.o
 .comment       0x00000088       0x89 ./RTD/src/Clock_Ip_FracDiv.o
 .comment       0x00000088       0x89 ./RTD/src/Clock_Ip_Frequency.o
 .comment       0x00000088       0x89 ./RTD/src/Clock_Ip_Gate.o
 .comment       0x00000088       0x89 ./RTD/src/Clock_Ip_IntOsc.o
 .comment       0x00000088       0x89 ./RTD/src/Clock_Ip_Irq.o
 .comment       0x00000088       0x89 ./RTD/src/Clock_Ip_Monitor.o
 .comment       0x00000088       0x89 ./RTD/src/Clock_Ip_Pll.o
 .comment       0x00000088       0x89 ./RTD/src/Clock_Ip_ProgFreqSwitch.o
 .comment       0x00000088       0x89 ./RTD/src/Clock_Ip_Selector.o
 .comment       0x00000088       0x89 ./RTD/src/Clock_Ip_Specific.o
 .comment       0x00000088       0x89 ./RTD/src/Det.o
 .comment       0x00000088       0x89 ./RTD/src/Det_stub.o
 .comment       0x00000088       0x89 ./RTD/src/Gmac_Ip.o
 .comment       0x00000088       0x89 ./RTD/src/Gmac_Ip_Hw_Access.o
 .comment       0x00000088       0x89 ./RTD/src/Gmac_Ip_Irq.o
 .comment       0x00000088       0x89 ./RTD/src/Igf_Port_Ip.o
 .comment       0x00000088       0x89 ./RTD/src/OsIf_Interrupts.o
 .comment       0x00000088       0x89 ./RTD/src/OsIf_Timer.o
 .comment       0x00000088       0x89 ./RTD/src/OsIf_Timer_System.o
 .comment       0x00000088       0x89 ./RTD/src/OsIf_Timer_System_Internal_Systick.o
 .comment       0x00000088       0x89 ./RTD/src/SchM_Mcu.o
 .comment       0x00000088       0x89 ./RTD/src/SchM_Port.o
 .comment       0x00000088       0x89 ./RTD/src/Siul2_Port_Ip.o
 .comment       0x00000088       0x89 ./RTD/src/Tspc_Port_Ip.o
 .comment       0x00000088       0x89 ./board/Siul2_Port_Ip_Cfg.o
 .comment       0x00000088       0x89 ./board/Tspc_Port_Ip_Cfg.o
 .comment       0x00000088       0x89 ./generate/src/Clock_Ip_Cfg.o
 .comment       0x00000088       0x89 ./generate/src/Gmac_Ip_Cfg.o
 .comment       0x00000088       0x89 ./generate/src/Gmac_Ip_Sa_PBcfg.o
 .comment       0x00000088       0x89 ./generate/src/Igf_Port_Ip_Cfg.o
 .comment       0x00000088       0x89 ./generate/src/OsIf_Cfg.o
 .comment       0x00000088       0x89 ./src/main.o
 .comment       0x00000088       0x89 c:/nxp/s32ds.3.5/s32ds/build_tools/gcc_v10.2/gcc-10.2-arm32-eabi/bin/../lib/gcc/arm-none-eabi/10.2.0/../../../../arm-none-eabi/lib/thumb/v7e-m+fp/hard\libc_nano.a(lib_a-memmove.o)
 .comment       0x00000088       0x89 c:/nxp/s32ds.3.5/s32ds/build_tools/gcc_v10.2/gcc-10.2-arm32-eabi/bin/../lib/gcc/arm-none-eabi/10.2.0/../../../../arm-none-eabi/lib/thumb/v7e-m+fp/hard\libc_nano.a(lib_a-memset.o)

.debug_info     0x00000000    0x25e51
 .debug_info    0x00000000      0x139 ./Project_Settings/Startup_Code/exceptions.o
 .debug_info    0x00000139      0x76a ./Project_Settings/Startup_Code/nvic.o
 .debug_info    0x000008a3      0x36f ./Project_Settings/Startup_Code/startup.o
 .debug_info    0x00000c12       0x22 ./Project_Settings/Startup_Code/startup_cm7.o
 .debug_info    0x00000c34      0xbc2 ./Project_Settings/Startup_Code/system.o
 .debug_info    0x000017f6     0x1fba ./RTD/src/Clock_Ip.o
 .debug_info    0x000037b0     0x166a ./RTD/src/Clock_Ip_Data.o
 .debug_info    0x00004e1a      0xa38 ./RTD/src/Clock_Ip_Divider.o
 .debug_info    0x00005852      0x814 ./RTD/src/Clock_Ip_DividerTrigger.o
 .debug_info    0x00006066      0xad8 ./RTD/src/Clock_Ip_ExtOsc.o
 .debug_info    0x00006b3e      0x5d7 ./RTD/src/Clock_Ip_FracDiv.o
 .debug_info    0x00007115      0x445 ./RTD/src/Clock_Ip_Frequency.o
 .debug_info    0x0000755a      0x9f8 ./RTD/src/Clock_Ip_Gate.o
 .debug_info    0x00007f52      0xd43 ./RTD/src/Clock_Ip_IntOsc.o
 .debug_info    0x00008c95       0xb2 ./RTD/src/Clock_Ip_Irq.o
 .debug_info    0x00008d47     0x139f ./RTD/src/Clock_Ip_Monitor.o
 .debug_info    0x0000a0e6      0xaeb ./RTD/src/Clock_Ip_Pll.o
 .debug_info    0x0000abd1      0xfb4 ./RTD/src/Clock_Ip_ProgFreqSwitch.o
 .debug_info    0x0000bb85     0x105b ./RTD/src/Clock_Ip_Selector.o
 .debug_info    0x0000cbe0     0x18c9 ./RTD/src/Clock_Ip_Specific.o
 .debug_info    0x0000e4a9      0x420 ./RTD/src/Det.o
 .debug_info    0x0000e8c9      0x471 ./RTD/src/Det_stub.o
 .debug_info    0x0000ed3a     0x584e ./RTD/src/Gmac_Ip.o
 .debug_info    0x00014588     0x2bb0 ./RTD/src/Gmac_Ip_Hw_Access.o
 .debug_info    0x00017138     0x1701 ./RTD/src/Gmac_Ip_Irq.o
 .debug_info    0x00018839       0x7d ./RTD/src/Igf_Port_Ip.o
 .debug_info    0x000188b6       0x7d ./RTD/src/OsIf_Interrupts.o
 .debug_info    0x00018933      0x2ca ./RTD/src/OsIf_Timer.o
 .debug_info    0x00018bfd       0x7d ./RTD/src/OsIf_Timer_System.o
 .debug_info    0x00018c7a      0x196 ./RTD/src/OsIf_Timer_System_Internal_Systick.o
 .debug_info    0x00018e10      0x39b ./RTD/src/SchM_Mcu.o
 .debug_info    0x000191ab     0x17a0 ./RTD/src/SchM_Port.o
 .debug_info    0x0001a94b     0x3000 ./RTD/src/Siul2_Port_Ip.o
 .debug_info    0x0001d94b      0x474 ./RTD/src/Tspc_Port_Ip.o
 .debug_info    0x0001ddbf     0x22f4 ./board/Siul2_Port_Ip_Cfg.o
 .debug_info    0x000200b3       0x7d ./board/Tspc_Port_Ip_Cfg.o
 .debug_info    0x00020130      0xe08 ./generate/src/Clock_Ip_Cfg.o
 .debug_info    0x00020f38      0x3ca ./generate/src/Gmac_Ip_Cfg.o
 .debug_info    0x00021302      0x979 ./generate/src/Gmac_Ip_Sa_PBcfg.o
 .debug_info    0x00021c7b       0x7d ./generate/src/Igf_Port_Ip_Cfg.o
 .debug_info    0x00021cf8       0x7d ./generate/src/OsIf_Cfg.o
 .debug_info    0x00021d75     0x3b23 ./src/main.o
 .debug_info    0x00025898       0x26 c:/nxp/s32ds.3.5/s32ds/build_tools/gcc_v10.2/gcc-10.2-arm32-eabi/bin/../lib/gcc/arm-none-eabi/10.2.0/thumb/v7e-m+fp/hard\libgcc.a(_arm_muldivdf3.o)
 .debug_info    0x000258be       0x26 c:/nxp/s32ds.3.5/s32ds/build_tools/gcc_v10.2/gcc-10.2-arm32-eabi/bin/../lib/gcc/arm-none-eabi/10.2.0/thumb/v7e-m+fp/hard\libgcc.a(_arm_fixunsdfsi.o)
 .debug_info    0x000258e4       0x26 c:/nxp/s32ds.3.5/s32ds/build_tools/gcc_v10.2/gcc-10.2-arm32-eabi/bin/../lib/gcc/arm-none-eabi/10.2.0/thumb/v7e-m+fp/hard\libgcc.a(_aeabi_uldivmod.o)
 .debug_info    0x0002590a      0x521 c:/nxp/s32ds.3.5/s32ds/build_tools/gcc_v10.2/gcc-10.2-arm32-eabi/bin/../lib/gcc/arm-none-eabi/10.2.0/thumb/v7e-m+fp/hard\libgcc.a(_udivmoddi4.o)
 .debug_info    0x00025e2b       0x26 c:/nxp/s32ds.3.5/s32ds/build_tools/gcc_v10.2/gcc-10.2-arm32-eabi/bin/../lib/gcc/arm-none-eabi/10.2.0/thumb/v7e-m+fp/hard\libgcc.a(_dvmd_tls.o)

.debug_abbrev   0x00000000     0x4229
 .debug_abbrev  0x00000000       0x47 ./Project_Settings/Startup_Code/exceptions.o
 .debug_abbrev  0x00000047      0x102 ./Project_Settings/Startup_Code/nvic.o
 .debug_abbrev  0x00000149      0x119 ./Project_Settings/Startup_Code/startup.o
 .debug_abbrev  0x00000262       0x12 ./Project_Settings/Startup_Code/startup_cm7.o
 .debug_abbrev  0x00000274      0x216 ./Project_Settings/Startup_Code/system.o
 .debug_abbrev  0x0000048a      0x39d ./RTD/src/Clock_Ip.o
 .debug_abbrev  0x00000827      0x14c ./RTD/src/Clock_Ip_Data.o
 .debug_abbrev  0x00000973      0x21e ./RTD/src/Clock_Ip_Divider.o
 .debug_abbrev  0x00000b91      0x1b0 ./RTD/src/Clock_Ip_DividerTrigger.o
 .debug_abbrev  0x00000d41      0x283 ./RTD/src/Clock_Ip_ExtOsc.o
 .debug_abbrev  0x00000fc4      0x163 ./RTD/src/Clock_Ip_FracDiv.o
 .debug_abbrev  0x00001127       0x92 ./RTD/src/Clock_Ip_Frequency.o
 .debug_abbrev  0x000011b9      0x1ac ./RTD/src/Clock_Ip_Gate.o
 .debug_abbrev  0x00001365      0x25d ./RTD/src/Clock_Ip_IntOsc.o
 .debug_abbrev  0x000015c2       0x6a ./RTD/src/Clock_Ip_Irq.o
 .debug_abbrev  0x0000162c      0x27d ./RTD/src/Clock_Ip_Monitor.o
 .debug_abbrev  0x000018a9      0x275 ./RTD/src/Clock_Ip_Pll.o
 .debug_abbrev  0x00001b1e      0x1aa ./RTD/src/Clock_Ip_ProgFreqSwitch.o
 .debug_abbrev  0x00001cc8      0x2f8 ./RTD/src/Clock_Ip_Selector.o
 .debug_abbrev  0x00001fc0      0x31b ./RTD/src/Clock_Ip_Specific.o
 .debug_abbrev  0x000022db      0x14e ./RTD/src/Det.o
 .debug_abbrev  0x00002429       0xc5 ./RTD/src/Det_stub.o
 .debug_abbrev  0x000024ee      0x450 ./RTD/src/Gmac_Ip.o
 .debug_abbrev  0x0000293e      0x3eb ./RTD/src/Gmac_Ip_Hw_Access.o
 .debug_abbrev  0x00002d29      0x13d ./RTD/src/Gmac_Ip_Irq.o
 .debug_abbrev  0x00002e66       0x29 ./RTD/src/Igf_Port_Ip.o
 .debug_abbrev  0x00002e8f       0x29 ./RTD/src/OsIf_Interrupts.o
 .debug_abbrev  0x00002eb8      0x17a ./RTD/src/OsIf_Timer.o
 .debug_abbrev  0x00003032       0x29 ./RTD/src/OsIf_Timer_System.o
 .debug_abbrev  0x0000305b      0x125 ./RTD/src/OsIf_Timer_System_Internal_Systick.o
 .debug_abbrev  0x00003180      0x124 ./RTD/src/SchM_Mcu.o
 .debug_abbrev  0x000032a4      0x124 ./RTD/src/SchM_Port.o
 .debug_abbrev  0x000033c8      0x385 ./RTD/src/Siul2_Port_Ip.o
 .debug_abbrev  0x0000374d      0x1ac ./RTD/src/Tspc_Port_Ip.o
 .debug_abbrev  0x000038f9      0x146 ./board/Siul2_Port_Ip_Cfg.o
 .debug_abbrev  0x00003a3f       0x29 ./board/Tspc_Port_Ip_Cfg.o
 .debug_abbrev  0x00003a68      0x103 ./generate/src/Clock_Ip_Cfg.o
 .debug_abbrev  0x00003b6b       0xef ./generate/src/Gmac_Ip_Cfg.o
 .debug_abbrev  0x00003c5a      0x149 ./generate/src/Gmac_Ip_Sa_PBcfg.o
 .debug_abbrev  0x00003da3       0x29 ./generate/src/Igf_Port_Ip_Cfg.o
 .debug_abbrev  0x00003dcc       0x29 ./generate/src/OsIf_Cfg.o
 .debug_abbrev  0x00003df5      0x2c2 ./src/main.o
 .debug_abbrev  0x000040b7       0x14 c:/nxp/s32ds.3.5/s32ds/build_tools/gcc_v10.2/gcc-10.2-arm32-eabi/bin/../lib/gcc/arm-none-eabi/10.2.0/thumb/v7e-m+fp/hard\libgcc.a(_arm_muldivdf3.o)
 .debug_abbrev  0x000040cb       0x14 c:/nxp/s32ds.3.5/s32ds/build_tools/gcc_v10.2/gcc-10.2-arm32-eabi/bin/../lib/gcc/arm-none-eabi/10.2.0/thumb/v7e-m+fp/hard\libgcc.a(_arm_fixunsdfsi.o)
 .debug_abbrev  0x000040df       0x14 c:/nxp/s32ds.3.5/s32ds/build_tools/gcc_v10.2/gcc-10.2-arm32-eabi/bin/../lib/gcc/arm-none-eabi/10.2.0/thumb/v7e-m+fp/hard\libgcc.a(_aeabi_uldivmod.o)
 .debug_abbrev  0x000040f3      0x122 c:/nxp/s32ds.3.5/s32ds/build_tools/gcc_v10.2/gcc-10.2-arm32-eabi/bin/../lib/gcc/arm-none-eabi/10.2.0/thumb/v7e-m+fp/hard\libgcc.a(_udivmoddi4.o)
 .debug_abbrev  0x00004215       0x14 c:/nxp/s32ds.3.5/s32ds/build_tools/gcc_v10.2/gcc-10.2-arm32-eabi/bin/../lib/gcc/arm-none-eabi/10.2.0/thumb/v7e-m+fp/hard\libgcc.a(_dvmd_tls.o)

.debug_aranges  0x00000000      0xd18
 .debug_aranges
                0x00000000       0x68 ./Project_Settings/Startup_Code/exceptions.o
 .debug_aranges
                0x00000068       0x38 ./Project_Settings/Startup_Code/nvic.o
 .debug_aranges
                0x000000a0       0x28 ./Project_Settings/Startup_Code/startup.o
 .debug_aranges
                0x000000c8       0x28 ./Project_Settings/Startup_Code/startup_cm7.o
 .debug_aranges
                0x000000f0       0x40 ./Project_Settings/Startup_Code/system.o
 .debug_aranges
                0x00000130       0x98 ./RTD/src/Clock_Ip.o
 .debug_aranges
                0x000001c8       0x18 ./RTD/src/Clock_Ip_Data.o
 .debug_aranges
                0x000001e0       0x38 ./RTD/src/Clock_Ip_Divider.o
 .debug_aranges
                0x00000218       0x30 ./RTD/src/Clock_Ip_DividerTrigger.o
 .debug_aranges
                0x00000248       0x60 ./RTD/src/Clock_Ip_ExtOsc.o
 .debug_aranges
                0x000002a8       0x28 ./RTD/src/Clock_Ip_FracDiv.o
 .debug_aranges
                0x000002d0       0x20 ./RTD/src/Clock_Ip_Frequency.o
 .debug_aranges
                0x000002f0       0x38 ./RTD/src/Clock_Ip_Gate.o
 .debug_aranges
                0x00000328       0x60 ./RTD/src/Clock_Ip_IntOsc.o
 .debug_aranges
                0x00000388       0x20 ./RTD/src/Clock_Ip_Irq.o
 .debug_aranges
                0x000003a8       0x60 ./RTD/src/Clock_Ip_Monitor.o
 .debug_aranges
                0x00000408       0x50 ./RTD/src/Clock_Ip_Pll.o
 .debug_aranges
                0x00000458       0x28 ./RTD/src/Clock_Ip_ProgFreqSwitch.o
 .debug_aranges
                0x00000480       0x58 ./RTD/src/Clock_Ip_Selector.o
 .debug_aranges
                0x000004d8       0x78 ./RTD/src/Clock_Ip_Specific.o
 .debug_aranges
                0x00000550       0x38 ./RTD/src/Det.o
 .debug_aranges
                0x00000588       0x48 ./RTD/src/Det_stub.o
 .debug_aranges
                0x000005d0      0x1d8 ./RTD/src/Gmac_Ip.o
 .debug_aranges
                0x000007a8       0xf0 ./RTD/src/Gmac_Ip_Hw_Access.o
 .debug_aranges
                0x00000898       0x38 ./RTD/src/Gmac_Ip_Irq.o
 .debug_aranges
                0x000008d0       0x18 ./RTD/src/Igf_Port_Ip.o
 .debug_aranges
                0x000008e8       0x18 ./RTD/src/OsIf_Interrupts.o
 .debug_aranges
                0x00000900       0x40 ./RTD/src/OsIf_Timer.o
 .debug_aranges
                0x00000940       0x18 ./RTD/src/OsIf_Timer_System.o
 .debug_aranges
                0x00000958       0x30 ./RTD/src/OsIf_Timer_System_Internal_Systick.o
 .debug_aranges
                0x00000988       0x50 ./RTD/src/SchM_Mcu.o
 .debug_aranges
                0x000009d8      0x1e0 ./RTD/src/SchM_Port.o
 .debug_aranges
                0x00000bb8       0x60 ./RTD/src/Siul2_Port_Ip.o
 .debug_aranges
                0x00000c18       0x38 ./RTD/src/Tspc_Port_Ip.o
 .debug_aranges
                0x00000c50       0x18 ./board/Siul2_Port_Ip_Cfg.o
 .debug_aranges
                0x00000c68       0x18 ./board/Tspc_Port_Ip_Cfg.o
 .debug_aranges
                0x00000c80       0x18 ./generate/src/Clock_Ip_Cfg.o
 .debug_aranges
                0x00000c98       0x18 ./generate/src/Gmac_Ip_Cfg.o
 .debug_aranges
                0x00000cb0       0x18 ./generate/src/Gmac_Ip_Sa_PBcfg.o
 .debug_aranges
                0x00000cc8       0x18 ./generate/src/Igf_Port_Ip_Cfg.o
 .debug_aranges
                0x00000ce0       0x18 ./generate/src/OsIf_Cfg.o
 .debug_aranges
                0x00000cf8       0x20 ./src/main.o

.debug_ranges   0x00000000      0xf20
 .debug_ranges  0x00000000       0x58 ./Project_Settings/Startup_Code/exceptions.o
 .debug_ranges  0x00000058       0x28 ./Project_Settings/Startup_Code/nvic.o
 .debug_ranges  0x00000080       0x18 ./Project_Settings/Startup_Code/startup.o
 .debug_ranges  0x00000098       0x20 ./Project_Settings/Startup_Code/startup_cm7.o
 .debug_ranges  0x000000b8       0x80 ./Project_Settings/Startup_Code/system.o
 .debug_ranges  0x00000138      0x110 ./RTD/src/Clock_Ip.o
 .debug_ranges  0x00000248       0x28 ./RTD/src/Clock_Ip_Divider.o
 .debug_ranges  0x00000270       0x20 ./RTD/src/Clock_Ip_DividerTrigger.o
 .debug_ranges  0x00000290       0x50 ./RTD/src/Clock_Ip_ExtOsc.o
 .debug_ranges  0x000002e0       0x18 ./RTD/src/Clock_Ip_FracDiv.o
 .debug_ranges  0x000002f8       0x10 ./RTD/src/Clock_Ip_Frequency.o
 .debug_ranges  0x00000308       0x28 ./RTD/src/Clock_Ip_Gate.o
 .debug_ranges  0x00000330       0x50 ./RTD/src/Clock_Ip_IntOsc.o
 .debug_ranges  0x00000380       0x10 ./RTD/src/Clock_Ip_Irq.o
 .debug_ranges  0x00000390       0x50 ./RTD/src/Clock_Ip_Monitor.o
 .debug_ranges  0x000003e0       0x40 ./RTD/src/Clock_Ip_Pll.o
 .debug_ranges  0x00000420       0x18 ./RTD/src/Clock_Ip_ProgFreqSwitch.o
 .debug_ranges  0x00000438       0x78 ./RTD/src/Clock_Ip_Selector.o
 .debug_ranges  0x000004b0       0x80 ./RTD/src/Clock_Ip_Specific.o
 .debug_ranges  0x00000530       0x28 ./RTD/src/Det.o
 .debug_ranges  0x00000558       0x38 ./RTD/src/Det_stub.o
 .debug_ranges  0x00000590      0x368 ./RTD/src/Gmac_Ip.o
 .debug_ranges  0x000008f8      0x170 ./RTD/src/Gmac_Ip_Hw_Access.o
 .debug_ranges  0x00000a68       0x28 ./RTD/src/Gmac_Ip_Irq.o
 .debug_ranges  0x00000a90       0x30 ./RTD/src/OsIf_Timer.o
 .debug_ranges  0x00000ac0       0x20 ./RTD/src/OsIf_Timer_System_Internal_Systick.o
 .debug_ranges  0x00000ae0       0x40 ./RTD/src/SchM_Mcu.o
 .debug_ranges  0x00000b20      0x1d0 ./RTD/src/SchM_Port.o
 .debug_ranges  0x00000cf0       0x80 ./RTD/src/Siul2_Port_Ip.o
 .debug_ranges  0x00000d70       0x70 ./RTD/src/Tspc_Port_Ip.o
 .debug_ranges  0x00000de0       0x50 ./src/main.o
 .debug_ranges  0x00000e30       0xf0 c:/nxp/s32ds.3.5/s32ds/build_tools/gcc_v10.2/gcc-10.2-arm32-eabi/bin/../lib/gcc/arm-none-eabi/10.2.0/thumb/v7e-m+fp/hard\libgcc.a(_udivmoddi4.o)

.debug_macro    0x00000000    0x5ba69
 .debug_macro   0x00000000      0x164 ./Project_Settings/Startup_Code/exceptions.o
 .debug_macro   0x00000164      0xa9c ./Project_Settings/Startup_Code/exceptions.o
 .debug_macro   0x00000c00       0x22 ./Project_Settings/Startup_Code/exceptions.o
 .debug_macro   0x00000c22       0x56 ./Project_Settings/Startup_Code/exceptions.o
 .debug_macro   0x00000c78       0x51 ./Project_Settings/Startup_Code/exceptions.o
 .debug_macro   0x00000cc9      0x103 ./Project_Settings/Startup_Code/exceptions.o
 .debug_macro   0x00000dcc       0x6a ./Project_Settings/Startup_Code/exceptions.o
 .debug_macro   0x00000e36      0x1df ./Project_Settings/Startup_Code/exceptions.o
 .debug_macro   0x00001015       0x22 ./Project_Settings/Startup_Code/exceptions.o
 .debug_macro   0x00001037      0x16d ./Project_Settings/Startup_Code/exceptions.o
 .debug_macro   0x000011a4       0x82 ./Project_Settings/Startup_Code/exceptions.o
 .debug_macro   0x00001226      0x97b ./Project_Settings/Startup_Code/exceptions.o
 .debug_macro   0x00001ba1       0x3a ./Project_Settings/Startup_Code/exceptions.o
 .debug_macro   0x00001bdb       0xcc ./Project_Settings/Startup_Code/exceptions.o
 .debug_macro   0x00001ca7       0x67 ./Project_Settings/Startup_Code/exceptions.o
 .debug_macro   0x00001d0e       0x94 ./Project_Settings/Startup_Code/exceptions.o
 .debug_macro   0x00001da2       0xcf ./Project_Settings/Startup_Code/exceptions.o
 .debug_macro   0x00001e71      0x11e ./Project_Settings/Startup_Code/exceptions.o
 .debug_macro   0x00001f8f       0x52 ./Project_Settings/Startup_Code/exceptions.o
 .debug_macro   0x00001fe1       0x16 ./Project_Settings/Startup_Code/exceptions.o
 .debug_macro   0x00001ff7       0x7c ./Project_Settings/Startup_Code/exceptions.o
 .debug_macro   0x00002073      0x130 ./Project_Settings/Startup_Code/exceptions.o
 .debug_macro   0x000021a3       0x6a ./Project_Settings/Startup_Code/exceptions.o
 .debug_macro   0x0000220d       0x58 ./Project_Settings/Startup_Code/exceptions.o
 .debug_macro   0x00002265       0x57 ./Project_Settings/Startup_Code/exceptions.o
 .debug_macro   0x000022bc       0x50 ./Project_Settings/Startup_Code/exceptions.o
 .debug_macro   0x0000230c       0x50 ./Project_Settings/Startup_Code/exceptions.o
 .debug_macro   0x0000235c      0x3c8 ./Project_Settings/Startup_Code/nvic.o
 .debug_macro   0x00002724     0x5205 ./Project_Settings/Startup_Code/nvic.o
 .debug_macro   0x00007929      0xa20 ./Project_Settings/Startup_Code/nvic.o
 .debug_macro   0x00008349     0x10a6 ./Project_Settings/Startup_Code/nvic.o
 .debug_macro   0x000093ef      0x180 ./Project_Settings/Startup_Code/nvic.o
 .debug_macro   0x0000956f       0xf8 ./Project_Settings/Startup_Code/nvic.o
 .debug_macro   0x00009667      0x370 ./Project_Settings/Startup_Code/nvic.o
 .debug_macro   0x000099d7      0x158 ./Project_Settings/Startup_Code/nvic.o
 .debug_macro   0x00009b2f      0xd4e ./Project_Settings/Startup_Code/nvic.o
 .debug_macro   0x0000a87d     0x2311 ./Project_Settings/Startup_Code/nvic.o
 .debug_macro   0x0000cb8e      0x2ea ./Project_Settings/Startup_Code/nvic.o
 .debug_macro   0x0000ce78       0x8e ./Project_Settings/Startup_Code/nvic.o
 .debug_macro   0x0000cf06     0xd22d ./Project_Settings/Startup_Code/nvic.o
 .debug_macro   0x0001a133      0xe49 ./Project_Settings/Startup_Code/nvic.o
 .debug_macro   0x0001af7c     0x7375 ./Project_Settings/Startup_Code/nvic.o
 .debug_macro   0x000222f1      0xbaa ./Project_Settings/Startup_Code/nvic.o
 .debug_macro   0x00022e9b      0xd69 ./Project_Settings/Startup_Code/nvic.o
 .debug_macro   0x00023c04      0xb4d ./Project_Settings/Startup_Code/nvic.o
 .debug_macro   0x00024751       0x5c ./Project_Settings/Startup_Code/nvic.o
 .debug_macro   0x000247ad      0xad5 ./Project_Settings/Startup_Code/nvic.o
 .debug_macro   0x00025282     0x1531 ./Project_Settings/Startup_Code/nvic.o
 .debug_macro   0x000267b3      0x867 ./Project_Settings/Startup_Code/nvic.o
 .debug_macro   0x0002701a       0xcc ./Project_Settings/Startup_Code/nvic.o
 .debug_macro   0x000270e6       0xd6 ./Project_Settings/Startup_Code/nvic.o
 .debug_macro   0x000271bc      0x105 ./Project_Settings/Startup_Code/nvic.o
 .debug_macro   0x000272c1      0x507 ./Project_Settings/Startup_Code/nvic.o
 .debug_macro   0x000277c8      0x779 ./Project_Settings/Startup_Code/nvic.o
 .debug_macro   0x00027f41      0xe1f ./Project_Settings/Startup_Code/nvic.o
 .debug_macro   0x00028d60      0x93f ./Project_Settings/Startup_Code/nvic.o
 .debug_macro   0x0002969f      0xd53 ./Project_Settings/Startup_Code/nvic.o
 .debug_macro   0x0002a3f2      0x2ce ./Project_Settings/Startup_Code/nvic.o
 .debug_macro   0x0002a6c0     0x1095 ./Project_Settings/Startup_Code/nvic.o
 .debug_macro   0x0002b755     0x1fad ./Project_Settings/Startup_Code/nvic.o
 .debug_macro   0x0002d702      0x4f8 ./Project_Settings/Startup_Code/nvic.o
 .debug_macro   0x0002dbfa      0x274 ./Project_Settings/Startup_Code/nvic.o
 .debug_macro   0x0002de6e      0x9d3 ./Project_Settings/Startup_Code/nvic.o
 .debug_macro   0x0002e841     0x15b6 ./Project_Settings/Startup_Code/nvic.o
 .debug_macro   0x0002fdf7      0x4b9 ./Project_Settings/Startup_Code/nvic.o
 .debug_macro   0x000302b0      0x242 ./Project_Settings/Startup_Code/nvic.o
 .debug_macro   0x000304f2      0x20a ./Project_Settings/Startup_Code/nvic.o
 .debug_macro   0x000306fc      0x3f9 ./Project_Settings/Startup_Code/nvic.o
 .debug_macro   0x00030af5       0x6a ./Project_Settings/Startup_Code/nvic.o
 .debug_macro   0x00030b5f      0xc5d ./Project_Settings/Startup_Code/nvic.o
 .debug_macro   0x000317bc       0x47 ./Project_Settings/Startup_Code/nvic.o
 .debug_macro   0x00031803      0x23b ./Project_Settings/Startup_Code/nvic.o
 .debug_macro   0x00031a3e      0xb27 ./Project_Settings/Startup_Code/nvic.o
 .debug_macro   0x00032565      0x2d8 ./Project_Settings/Startup_Code/nvic.o
 .debug_macro   0x0003283d       0x94 ./Project_Settings/Startup_Code/nvic.o
 .debug_macro   0x000328d1       0xf2 ./Project_Settings/Startup_Code/nvic.o
 .debug_macro   0x000329c3       0x5d ./Project_Settings/Startup_Code/nvic.o
 .debug_macro   0x00032a20     0x7bf9 ./Project_Settings/Startup_Code/nvic.o
 .debug_macro   0x0003a619      0xf35 ./Project_Settings/Startup_Code/nvic.o
 .debug_macro   0x0003b54e       0xfe ./Project_Settings/Startup_Code/nvic.o
 .debug_macro   0x0003b64c      0x2c8 ./Project_Settings/Startup_Code/nvic.o
 .debug_macro   0x0003b914       0x78 ./Project_Settings/Startup_Code/nvic.o
 .debug_macro   0x0003b98c       0xb2 ./Project_Settings/Startup_Code/nvic.o
 .debug_macro   0x0003ba3e      0x1cf ./Project_Settings/Startup_Code/nvic.o
 .debug_macro   0x0003bc0d      0x56e ./Project_Settings/Startup_Code/nvic.o
 .debug_macro   0x0003c17b      0x3f8 ./Project_Settings/Startup_Code/nvic.o
 .debug_macro   0x0003c573      0x338 ./Project_Settings/Startup_Code/nvic.o
 .debug_macro   0x0003c8ab      0x4c8 ./Project_Settings/Startup_Code/nvic.o
 .debug_macro   0x0003cd73      0xc87 ./Project_Settings/Startup_Code/nvic.o
 .debug_macro   0x0003d9fa     0x1b52 ./Project_Settings/Startup_Code/nvic.o
 .debug_macro   0x0003f54c      0xcd9 ./Project_Settings/Startup_Code/nvic.o
 .debug_macro   0x00040225      0x136 ./Project_Settings/Startup_Code/nvic.o
 .debug_macro   0x0004035b      0x392 ./Project_Settings/Startup_Code/nvic.o
 .debug_macro   0x000406ed       0x2e ./Project_Settings/Startup_Code/nvic.o
 .debug_macro   0x0004071b       0xe8 ./Project_Settings/Startup_Code/startup.o
 .debug_macro   0x00040803      0x226 ./Project_Settings/Startup_Code/system.o
 .debug_macro   0x00040a29       0x52 ./Project_Settings/Startup_Code/system.o
 .debug_macro   0x00040a7b       0x50 ./Project_Settings/Startup_Code/system.o
 .debug_macro   0x00040acb       0x50 ./Project_Settings/Startup_Code/system.o
 .debug_macro   0x00040b1b      0x529 ./RTD/src/Clock_Ip.o
 .debug_macro   0x00041044     0x108f ./RTD/src/Clock_Ip.o
 .debug_macro   0x000420d3      0x509 ./RTD/src/Clock_Ip.o
 .debug_macro   0x000425dc       0x2e ./RTD/src/Clock_Ip.o
 .debug_macro   0x0004260a       0x4d ./RTD/src/Clock_Ip.o
 .debug_macro   0x00042657       0x50 ./RTD/src/Clock_Ip.o
 .debug_macro   0x000426a7       0x50 ./RTD/src/Clock_Ip.o
 .debug_macro   0x000426f7       0x50 ./RTD/src/Clock_Ip.o
 .debug_macro   0x00042747       0x50 ./RTD/src/Clock_Ip.o
 .debug_macro   0x00042797       0x34 ./RTD/src/Clock_Ip.o
 .debug_macro   0x000427cb      0x106 ./RTD/src/Clock_Ip.o
 .debug_macro   0x000428d1      0x170 ./RTD/src/Clock_Ip.o
 .debug_macro   0x00042a41       0x50 ./RTD/src/Clock_Ip.o
 .debug_macro   0x00042a91       0x50 ./RTD/src/Clock_Ip.o
 .debug_macro   0x00042ae1       0x50 ./RTD/src/Clock_Ip.o
 .debug_macro   0x00042b31       0x50 ./RTD/src/Clock_Ip.o
 .debug_macro   0x00042b81       0x50 ./RTD/src/Clock_Ip.o
 .debug_macro   0x00042bd1       0x50 ./RTD/src/Clock_Ip.o
 .debug_macro   0x00042c21       0xa5 ./RTD/src/Clock_Ip.o
 .debug_macro   0x00042cc6       0x50 ./RTD/src/Clock_Ip.o
 .debug_macro   0x00042d16       0x50 ./RTD/src/Clock_Ip.o
 .debug_macro   0x00042d66       0x50 ./RTD/src/Clock_Ip.o
 .debug_macro   0x00042db6       0x50 ./RTD/src/Clock_Ip.o
 .debug_macro   0x00042e06       0x50 ./RTD/src/Clock_Ip.o
 .debug_macro   0x00042e56       0x50 ./RTD/src/Clock_Ip.o
 .debug_macro   0x00042ea6       0x35 ./RTD/src/Clock_Ip.o
 .debug_macro   0x00042edb       0x50 ./RTD/src/Clock_Ip.o
 .debug_macro   0x00042f2b       0x50 ./RTD/src/Clock_Ip.o
 .debug_macro   0x00042f7b       0x50 ./RTD/src/Clock_Ip.o
 .debug_macro   0x00042fcb       0x50 ./RTD/src/Clock_Ip.o
 .debug_macro   0x0004301b       0x50 ./RTD/src/Clock_Ip.o
 .debug_macro   0x0004306b       0x50 ./RTD/src/Clock_Ip.o
 .debug_macro   0x000430bb      0x93e ./RTD/src/Clock_Ip_Data.o
 .debug_macro   0x000439f9      0x44c ./RTD/src/Clock_Ip_Divider.o
 .debug_macro   0x00043e45      0x44a ./RTD/src/Clock_Ip_DividerTrigger.o
 .debug_macro   0x0004428f      0x44c ./RTD/src/Clock_Ip_ExtOsc.o
 .debug_macro   0x000446db      0x44a ./RTD/src/Clock_Ip_FracDiv.o
 .debug_macro   0x00044b25      0x3e0 ./RTD/src/Clock_Ip_Frequency.o
 .debug_macro   0x00044f05      0x44c ./RTD/src/Clock_Ip_Gate.o
 .debug_macro   0x00045351      0x45a ./RTD/src/Clock_Ip_IntOsc.o
 .debug_macro   0x000457ab      0x428 ./RTD/src/Clock_Ip_Irq.o
 .debug_macro   0x00045bd3      0x4c7 ./RTD/src/Clock_Ip_Monitor.o
 .debug_macro   0x0004609a       0x3a ./RTD/src/Clock_Ip_Monitor.o
 .debug_macro   0x000460d4       0x50 ./RTD/src/Clock_Ip_Monitor.o
 .debug_macro   0x00046124       0x50 ./RTD/src/Clock_Ip_Monitor.o
 .debug_macro   0x00046174       0x50 ./RTD/src/Clock_Ip_Monitor.o
 .debug_macro   0x000461c4       0x50 ./RTD/src/Clock_Ip_Monitor.o
 .debug_macro   0x00046214      0x45a ./RTD/src/Clock_Ip_Pll.o
 .debug_macro   0x0004666e      0x4a4 ./RTD/src/Clock_Ip_ProgFreqSwitch.o
 .debug_macro   0x00046b12      0x44c ./RTD/src/Clock_Ip_Selector.o
 .debug_macro   0x00046f5e      0x568 ./RTD/src/Clock_Ip_Specific.o
 .debug_macro   0x000474c6       0x50 ./RTD/src/Clock_Ip_Specific.o
 .debug_macro   0x00047516       0x50 ./RTD/src/Clock_Ip_Specific.o
 .debug_macro   0x00047566       0x50 ./RTD/src/Clock_Ip_Specific.o
 .debug_macro   0x000475b6       0x50 ./RTD/src/Clock_Ip_Specific.o
 .debug_macro   0x00047606       0x50 ./RTD/src/Clock_Ip_Specific.o
 .debug_macro   0x00047656       0x50 ./RTD/src/Clock_Ip_Specific.o
 .debug_macro   0x000476a6      0x275 ./RTD/src/Det.o
 .debug_macro   0x0004791b       0x40 ./RTD/src/Det.o
 .debug_macro   0x0004795b       0x50 ./RTD/src/Det.o
 .debug_macro   0x000479ab       0x50 ./RTD/src/Det.o
 .debug_macro   0x000479fb       0x50 ./RTD/src/Det.o
 .debug_macro   0x00047a4b       0x50 ./RTD/src/Det.o
 .debug_macro   0x00047a9b       0x50 ./RTD/src/Det.o
 .debug_macro   0x00047aeb       0x50 ./RTD/src/Det.o
 .debug_macro   0x00047b3b      0x22e ./RTD/src/Det_stub.o
 .debug_macro   0x00047d69      0x4af ./RTD/src/Gmac_Ip.o
 .debug_macro   0x00048218     0x6cb6 ./RTD/src/Gmac_Ip.o
 .debug_macro   0x0004eece       0x8d ./RTD/src/Gmac_Ip.o
 .debug_macro   0x0004ef5b      0x163 ./RTD/src/Gmac_Ip.o
 .debug_macro   0x0004f0be       0x72 ./RTD/src/Gmac_Ip.o
 .debug_macro   0x0004f130       0x89 ./RTD/src/Gmac_Ip.o
 .debug_macro   0x0004f1b9       0x9e ./RTD/src/Gmac_Ip.o
 .debug_macro   0x0004f257       0x34 ./RTD/src/Gmac_Ip.o
 .debug_macro   0x0004f28b       0x50 ./RTD/src/Gmac_Ip.o
 .debug_macro   0x0004f2db       0x50 ./RTD/src/Gmac_Ip.o