../RTD/include/Adc_Sar_Ip_HwAccess.h:127:20:Adc_Sar_Powerup	8	static
../RTD/include/Adc_Sar_Ip_HwAccess.h:138:20:Adc_Sar_Powerdown	8	static
../RTD/include/Adc_Sar_Ip_HwAccess.h:150:20:Adc_Sar_EnableHighSpeed	16	static
../RTD/include/Adc_Sar_Ip_HwAccess.h:166:20:Adc_Sar_WriteThresholds	24	static
../RTD/include/Adc_Sar_Ip_HwAccess.h:365:20:Adc_Sar_ResetWdogCWSELR	8	static
../RTD/src/Adc_Sar_Ip.c:394:21:Adc_Sar_GetResolution	24	static
../RTD/src/Adc_Sar_Ip.c:415:22:Adc_Sar_GetMaskedResult	24	static
../RTD/src/Adc_Sar_Ip.c:465:22:Adc_Sar_GetMsrFlags	24	static
../RTD/src/Adc_Sar_Ip.c:498:22:Adc_Sar_GetIsrFlags	24	static
../RTD/src/Adc_Sar_Ip.c:530:22:Adc_Sar_GetADCLKSELValue	8	static
../RTD/src/Adc_Sar_Ip.c:561:22:Adc_Sar_CollectMcrMasks	32	static
../RTD/src/Adc_Sar_Ip.c:675:20:Adc_Sar_ConfigChannels	96	static
../RTD/src/Adc_Sar_Ip.c:755:37:Adc_Sar_CheckSelfTestProgress	48	static
../RTD/src/Adc_Sar_Ip.c:833:15:Adc_Sar_GetConvResults	80	static
../RTD/src/Adc_Sar_Ip.c:910:13:Adc_Sar_ResetWdog	24	static
../RTD/src/Adc_Sar_Ip.c:972:20:Adc_Sar_CheckAndCallNotification	16	static
../RTD/src/Adc_Sar_Ip.c:1079:20:Adc_CheckAndCallAllChannelNotification	24	static
../RTD/src/Adc_Sar_Ip.c:1137:20:Adc_Sar_ConfigExternalTrigger	32	static
../RTD/src/Adc_Sar_Ip.c:1231:6:Adc_Sar_Ip_IRQHandler	24	static
../RTD/src/Adc_Sar_Ip.c:1298:20:Adc_Sar_SetNormalChain	16	static
../RTD/src/Adc_Sar_Ip.c:1316:20:Adc_Sar_SetInjectedChain	16	static
../RTD/src/Adc_Sar_Ip.c:1334:22:Adc_Sar_GetValueFromBool	16	static
../RTD/src/Adc_Sar_Ip.c:1351:23:Adc_Sar_Ip_Init	24	static
../RTD/src/Adc_Sar_Ip.c:1517:23:Adc_Sar_Ip_Deinit	160	static
../RTD/src/Adc_Sar_Ip.c:1653:6:Adc_Sar_Ip_ChainConfig	24	static
../RTD/src/Adc_Sar_Ip.c:1695:6:Adc_Sar_Ip_EnableChannel	40	static
../RTD/src/Adc_Sar_Ip.c:1744:6:Adc_Sar_Ip_DisableChannel	40	static
../RTD/src/Adc_Sar_Ip.c:1793:6:Adc_Sar_Ip_SetResolution	24	static
../RTD/src/Adc_Sar_Ip.c:1823:6:Adc_Sar_Ip_StartConversion	24	static
../RTD/src/Adc_Sar_Ip.c:1858:8:Adc_Sar_Ip_GetStatusFlags	24	static
../RTD/src/Adc_Sar_Ip.c:1882:6:Adc_Sar_Ip_ClearStatusFlags	16	static
../RTD/src/Adc_Sar_Ip.c:1923:23:Adc_Sar_Ip_SelfTest	48	static
../RTD/src/Adc_Sar_Ip.c:2065:8:Adc_Sar_Ip_GetConvDataToArray	32	static
../RTD/src/Adc_Sar_Ip.c:2085:8:Adc_Sar_Ip_GetConvResultsToArray	32	static
../RTD/src/Adc_Sar_Ip.c:2104:8:Adc_Sar_Ip_GetConvData	40	static
../RTD/src/Adc_Sar_Ip.c:2144:6:Adc_Sar_Ip_GetConvResult	40	static
../RTD/src/Adc_Sar_Ip.c:2194:23:Adc_Sar_Ip_DoCalibration	56	static
../RTD/src/Adc_Sar_Ip.c:2332:23:Adc_Sar_Ip_Powerup	48	static
../RTD/src/Adc_Sar_Ip.c:2406:23:Adc_Sar_Ip_Powerdown	48	static
../RTD/src/Adc_Sar_Ip.c:2472:6:Adc_Sar_Ip_EnableNotifications	24	static
../RTD/src/Adc_Sar_Ip.c:2518:6:Adc_Sar_Ip_DisableNotifications	24	static
../RTD/src/Adc_Sar_Ip.c:2663:23:Adc_Sar_Ip_SetClockMode	32	static
../RTD/src/Adc_Sar_Ip.c:2725:6:Adc_Sar_Ip_SetSampleTimes	16	static
../RTD/src/Adc_Sar_Ip.c:2751:6:Adc_Sar_Ip_SetAveraging	32	static
../RTD/src/Adc_Sar_Ip.c:2778:6:Adc_Sar_Ip_AbortConversion	24	static
../RTD/src/Adc_Sar_Ip.c:2797:23:Adc_Sar_Ip_AbortChain	40	static
../RTD/src/Adc_Sar_Ip.c:2863:6:Adc_Sar_Ip_SetPresamplingSource	32	static
../RTD/src/Adc_Sar_Ip.c:2927:6:Adc_Sar_Ip_EnableChannelPresampling	32	static
../RTD/src/Adc_Sar_Ip.c:2966:6:Adc_Sar_Ip_DisableChannelPresampling	32	static
../RTD/src/Adc_Sar_Ip.c:3007:6:Adc_Sar_Ip_EnablePresampleConversion	24	static
../RTD/src/Adc_Sar_Ip.c:3035:6:Adc_Sar_Ip_DisablePresampleConversion	24	static
../RTD/src/Adc_Sar_Ip.c:3064:6:Adc_Sar_Ip_EnableDma	24	static
../RTD/src/Adc_Sar_Ip.c:3084:6:Adc_Sar_Ip_DisableDma	24	static
../RTD/src/Adc_Sar_Ip.c:3105:6:Adc_Sar_Ip_EnableChannelDma	32	static
../RTD/src/Adc_Sar_Ip.c:3137:6:Adc_Sar_Ip_DisableChannelDma	32	static
../RTD/src/Adc_Sar_Ip.c:3169:6:Adc_Sar_Ip_DisableChannelDmaAll	24	static
../RTD/src/Adc_Sar_Ip.c:3194:6:Adc_Sar_Ip_SetDmaClearSource	24	static
../RTD/src/Adc_Sar_Ip.c:3292:6:Adc_Sar_Ip_SetConversionMode	24	static
../RTD/src/Adc_Sar_Ip.c:3328:23:Adc_Sar_Ip_SetCtuMode	24	static
../RTD/src/Adc_Sar_Ip.c:3395:6:Adc_Sar_Ip_SetExternalTrigger	32	static
../RTD/src/Adc_Sar_Ip.c:3699:8:Adc_Sar_Ip_GetDataAddress	8	static
