../RTD/src/Emios_Gpt_Ip.c:181:20:Emios_Gpt_Ip_FlagEnable	16	static
../RTD/src/Emios_Gpt_Ip.c:206:20:Emios_Gpt_Ip_ConfigureChannel	16	static
../RTD/src/Emios_Gpt_Ip.c:224:20:Emios_Gpt_Ip_ClearFlag	8	static
../RTD/src/Emios_Gpt_Ip.c:242:20:Emios_Gpt_Ip_SetCompareValue	8	static
../RTD/src/Emios_Gpt_Ip.c:257:20:Emios_Gpt_Ip_CounterReset	8	static
../RTD/src/Emios_Gpt_Ip.c:289:8:Emios_Gpt_Ip_GetValue	16	static
../RTD/src/Emios_Gpt_Ip.c:306:8:Emios_Gpt_Ip_GetPeriodValue	16	static
../RTD/src/Emios_Gpt_Ip.c:323:8:Emios_Gpt_Ip_GetCounterValue	16	static
../RTD/src/Emios_Gpt_Ip.c:341:8:Emios_Gpt_Ip_GetInterruptFlag	16	static
../RTD/src/Emios_Gpt_Ip.c:372:6:Emios_Gpt_Ip_InitChannel	24	static
../RTD/src/Emios_Gpt_Ip.c:442:6:Emios_Gpt_Ip_Deinit	24	static
../RTD/src/Emios_Gpt_Ip.c:479:6:Emios_Gpt_Ip_StartTimer	16	static
../RTD/src/Emios_Gpt_Ip.c:510:6:Emios_Gpt_Ip_StopTimer	16	static
../RTD/src/Emios_Gpt_Ip.c:534:6:Emios_Gpt_Ip_EnableChannelInterrupt	16	static
../RTD/src/Emios_Gpt_Ip.c:559:6:Emios_Gpt_Ip_DisableChannelInterrupt	16	static
../RTD/src/Emios_Gpt_Ip.c:652:6:Emios_Gpt_Ip_IrqHandler	24	static
