D:/NXP_Folder/S32DS/software/PlatformSDK_S32K3_2022_03/SW32K3_RTD_4_4_2_0_0_D2203/Base_TS_T40D34M20I0R0/include/Devassert.h:85:20:DevAssert	8	static
../RTD/src/Emios_Mcl_Ip.c:168:27:Emios_Mcl_Ip_Init	40	static
../RTD/src/Emios_Mcl_Ip.c:266:6:Emios_Mcl_Ip_EnableChannel	24	static
../RTD/src/Emios_Mcl_Ip.c:278:6:Emios_Mcl_Ip_DisableChannel	24	static
../RTD/src/Emios_Mcl_Ip.c:290:6:Emios_Mcl_Ip_ComparatorTransferEnable	24	static
../RTD/src/Emios_Mcl_Ip.c:303:6:Emios_Mcl_Ip_ComparatorTransferDisable	24	static
../RTD/src/Emios_Mcl_Ip.c:316:27:Emios_Mcl_Ip_Deinit	32	static
../RTD/src/Emios_Mcl_Ip.c:370:6:Emios_Mcl_Ip_SetReloadInterval	16	static
../RTD/src/Emios_Mcl_Ip.c:383:9:Emios_Mcl_Ip_ValidateChannel	24	static
../RTD/src/Emios_Mcl_Ip.c:400:27:Emios_Mcl_Ip_SetCounterBusPeriod	24	static
../RTD/src/Emios_Mcl_Ip.c:427:8:Emios_Mcl_Ip_GetCounterBusPeriod	24	static
