../RTD/src/SchM_Adc.c:431:8:Adc_schm_read_msr	4	static
../RTD/src/SchM_Adc.c:515:6:SchM_Enter_Adc_ADC_EXCLUSIVE_AREA_00	16	static
../RTD/src/SchM_Adc.c:537:6:SchM_Exit_Adc_ADC_EXCLUSIVE_AREA_00	16	static
../RTD/src/SchM_Adc.c:551:6:SchM_Enter_Adc_ADC_EXCLUSIVE_AREA_01	16	static
../RTD/src/SchM_Adc.c:573:6:SchM_Exit_Adc_ADC_EXCLUSIVE_AREA_01	16	static
../RTD/src/SchM_Adc.c:587:6:SchM_Enter_Adc_ADC_EXCLUSIVE_AREA_02	16	static
../RTD/src/SchM_Adc.c:609:6:SchM_Exit_Adc_ADC_EXCLUSIVE_AREA_02	16	static
../RTD/src/SchM_Adc.c:623:6:SchM_Enter_Adc_ADC_EXCLUSIVE_AREA_03	16	static
../RTD/src/SchM_Adc.c:645:6:SchM_Exit_Adc_ADC_EXCLUSIVE_AREA_03	16	static
../RTD/src/SchM_Adc.c:659:6:SchM_Enter_Adc_ADC_EXCLUSIVE_AREA_04	16	static
../RTD/src/SchM_Adc.c:681:6:SchM_Exit_Adc_ADC_EXCLUSIVE_AREA_04	16	static
../RTD/src/SchM_Adc.c:695:6:SchM_Enter_Adc_ADC_EXCLUSIVE_AREA_05	16	static
../RTD/src/SchM_Adc.c:717:6:SchM_Exit_Adc_ADC_EXCLUSIVE_AREA_05	16	static
../RTD/src/SchM_Adc.c:731:6:SchM_Enter_Adc_ADC_EXCLUSIVE_AREA_06	16	static
../RTD/src/SchM_Adc.c:753:6:SchM_Exit_Adc_ADC_EXCLUSIVE_AREA_06	16	static
../RTD/src/SchM_Adc.c:767:6:SchM_Enter_Adc_ADC_EXCLUSIVE_AREA_10	16	static
../RTD/src/SchM_Adc.c:789:6:SchM_Exit_Adc_ADC_EXCLUSIVE_AREA_10	16	static
../RTD/src/SchM_Adc.c:803:6:SchM_Enter_Adc_ADC_EXCLUSIVE_AREA_11	16	static
../RTD/src/SchM_Adc.c:825:6:SchM_Exit_Adc_ADC_EXCLUSIVE_AREA_11	16	static
../RTD/src/SchM_Adc.c:839:6:SchM_Enter_Adc_ADC_EXCLUSIVE_AREA_12	16	static
../RTD/src/SchM_Adc.c:861:6:SchM_Exit_Adc_ADC_EXCLUSIVE_AREA_12	16	static
../RTD/src/SchM_Adc.c:875:6:SchM_Enter_Adc_ADC_EXCLUSIVE_AREA_13	16	static
../RTD/src/SchM_Adc.c:897:6:SchM_Exit_Adc_ADC_EXCLUSIVE_AREA_13	16	static
../RTD/src/SchM_Adc.c:911:6:SchM_Enter_Adc_ADC_EXCLUSIVE_AREA_14	16	static
../RTD/src/SchM_Adc.c:933:6:SchM_Exit_Adc_ADC_EXCLUSIVE_AREA_14	16	static
../RTD/src/SchM_Adc.c:947:6:SchM_Enter_Adc_ADC_EXCLUSIVE_AREA_15	16	static
../RTD/src/SchM_Adc.c:969:6:SchM_Exit_Adc_ADC_EXCLUSIVE_AREA_15	16	static
../RTD/src/SchM_Adc.c:983:6:SchM_Enter_Adc_ADC_EXCLUSIVE_AREA_16	16	static
../RTD/src/SchM_Adc.c:1005:6:SchM_Exit_Adc_ADC_EXCLUSIVE_AREA_16	16	static
../RTD/src/SchM_Adc.c:1019:6:SchM_Enter_Adc_ADC_EXCLUSIVE_AREA_17	16	static
../RTD/src/SchM_Adc.c:1041:6:SchM_Exit_Adc_ADC_EXCLUSIVE_AREA_17	16	static
../RTD/src/SchM_Adc.c:1055:6:SchM_Enter_Adc_ADC_EXCLUSIVE_AREA_18	16	static
../RTD/src/SchM_Adc.c:1077:6:SchM_Exit_Adc_ADC_EXCLUSIVE_AREA_18	16	static
../RTD/src/SchM_Adc.c:1091:6:SchM_Enter_Adc_ADC_EXCLUSIVE_AREA_19	16	static
../RTD/src/SchM_Adc.c:1113:6:SchM_Exit_Adc_ADC_EXCLUSIVE_AREA_19	16	static
../RTD/src/SchM_Adc.c:1127:6:SchM_Enter_Adc_ADC_EXCLUSIVE_AREA_20	16	static
../RTD/src/SchM_Adc.c:1149:6:SchM_Exit_Adc_ADC_EXCLUSIVE_AREA_20	16	static
../RTD/src/SchM_Adc.c:1163:6:SchM_Enter_Adc_ADC_EXCLUSIVE_AREA_21	16	static
../RTD/src/SchM_Adc.c:1185:6:SchM_Exit_Adc_ADC_EXCLUSIVE_AREA_21	16	static
../RTD/src/SchM_Adc.c:1199:6:SchM_Enter_Adc_ADC_EXCLUSIVE_AREA_22	16	static
../RTD/src/SchM_Adc.c:1221:6:SchM_Exit_Adc_ADC_EXCLUSIVE_AREA_22	16	static
../RTD/src/SchM_Adc.c:1235:6:SchM_Enter_Adc_ADC_EXCLUSIVE_AREA_23	16	static
../RTD/src/SchM_Adc.c:1257:6:SchM_Exit_Adc_ADC_EXCLUSIVE_AREA_23	16	static
../RTD/src/SchM_Adc.c:1271:6:SchM_Enter_Adc_ADC_EXCLUSIVE_AREA_24	16	static
../RTD/src/SchM_Adc.c:1293:6:SchM_Exit_Adc_ADC_EXCLUSIVE_AREA_24	16	static
../RTD/src/SchM_Adc.c:1307:6:SchM_Enter_Adc_ADC_EXCLUSIVE_AREA_25	16	static
../RTD/src/SchM_Adc.c:1329:6:SchM_Exit_Adc_ADC_EXCLUSIVE_AREA_25	16	static
../RTD/src/SchM_Adc.c:1343:6:SchM_Enter_Adc_ADC_EXCLUSIVE_AREA_26	16	static
../RTD/src/SchM_Adc.c:1365:6:SchM_Exit_Adc_ADC_EXCLUSIVE_AREA_26	16	static
../RTD/src/SchM_Adc.c:1379:6:SchM_Enter_Adc_ADC_EXCLUSIVE_AREA_27	16	static
../RTD/src/SchM_Adc.c:1401:6:SchM_Exit_Adc_ADC_EXCLUSIVE_AREA_27	16	static
../RTD/src/SchM_Adc.c:1415:6:SchM_Enter_Adc_ADC_EXCLUSIVE_AREA_28	16	static
../RTD/src/SchM_Adc.c:1437:6:SchM_Exit_Adc_ADC_EXCLUSIVE_AREA_28	16	static
../RTD/src/SchM_Adc.c:1451:6:SchM_Enter_Adc_ADC_EXCLUSIVE_AREA_29	16	static
../RTD/src/SchM_Adc.c:1473:6:SchM_Exit_Adc_ADC_EXCLUSIVE_AREA_29	16	static
../RTD/src/SchM_Adc.c:1487:6:SchM_Enter_Adc_ADC_EXCLUSIVE_AREA_30	16	static
../RTD/src/SchM_Adc.c:1509:6:SchM_Exit_Adc_ADC_EXCLUSIVE_AREA_30	16	static
../RTD/src/SchM_Adc.c:1523:6:SchM_Enter_Adc_ADC_EXCLUSIVE_AREA_31	16	static
../RTD/src/SchM_Adc.c:1545:6:SchM_Exit_Adc_ADC_EXCLUSIVE_AREA_31	16	static
../RTD/src/SchM_Adc.c:1559:6:SchM_Enter_Adc_ADC_EXCLUSIVE_AREA_32	16	static
../RTD/src/SchM_Adc.c:1581:6:SchM_Exit_Adc_ADC_EXCLUSIVE_AREA_32	16	static
../RTD/src/SchM_Adc.c:1595:6:SchM_Enter_Adc_ADC_EXCLUSIVE_AREA_33	16	static
../RTD/src/SchM_Adc.c:1617:6:SchM_Exit_Adc_ADC_EXCLUSIVE_AREA_33	16	static
../RTD/src/SchM_Adc.c:1631:6:SchM_Enter_Adc_ADC_EXCLUSIVE_AREA_34	16	static
../RTD/src/SchM_Adc.c:1653:6:SchM_Exit_Adc_ADC_EXCLUSIVE_AREA_34	16	static
../RTD/src/SchM_Adc.c:1667:6:SchM_Enter_Adc_ADC_EXCLUSIVE_AREA_35	16	static
../RTD/src/SchM_Adc.c:1689:6:SchM_Exit_Adc_ADC_EXCLUSIVE_AREA_35	16	static
../RTD/src/SchM_Adc.c:1703:6:SchM_Enter_Adc_ADC_EXCLUSIVE_AREA_36	16	static
../RTD/src/SchM_Adc.c:1725:6:SchM_Exit_Adc_ADC_EXCLUSIVE_AREA_36	16	static
../RTD/src/SchM_Adc.c:1739:6:SchM_Enter_Adc_ADC_EXCLUSIVE_AREA_37	16	static
../RTD/src/SchM_Adc.c:1761:6:SchM_Exit_Adc_ADC_EXCLUSIVE_AREA_37	16	static
../RTD/src/SchM_Adc.c:1775:6:SchM_Enter_Adc_ADC_EXCLUSIVE_AREA_38	16	static
../RTD/src/SchM_Adc.c:1797:6:SchM_Exit_Adc_ADC_EXCLUSIVE_AREA_38	16	static
../RTD/src/SchM_Adc.c:1811:6:SchM_Enter_Adc_ADC_EXCLUSIVE_AREA_39	16	static
../RTD/src/SchM_Adc.c:1833:6:SchM_Exit_Adc_ADC_EXCLUSIVE_AREA_39	16	static
../RTD/src/SchM_Adc.c:1847:6:SchM_Enter_Adc_ADC_EXCLUSIVE_AREA_40	16	static
../RTD/src/SchM_Adc.c:1869:6:SchM_Exit_Adc_ADC_EXCLUSIVE_AREA_40	16	static
../RTD/src/SchM_Adc.c:1883:6:SchM_Enter_Adc_ADC_EXCLUSIVE_AREA_41	16	static
../RTD/src/SchM_Adc.c:1905:6:SchM_Exit_Adc_ADC_EXCLUSIVE_AREA_41	16	static
../RTD/src/SchM_Adc.c:1919:6:SchM_Enter_Adc_ADC_EXCLUSIVE_AREA_42	16	static
../RTD/src/SchM_Adc.c:1941:6:SchM_Exit_Adc_ADC_EXCLUSIVE_AREA_42	16	static
../RTD/src/SchM_Adc.c:1955:6:SchM_Enter_Adc_ADC_EXCLUSIVE_AREA_43	16	static
../RTD/src/SchM_Adc.c:1977:6:SchM_Exit_Adc_ADC_EXCLUSIVE_AREA_43	16	static
../RTD/src/SchM_Adc.c:1991:6:SchM_Enter_Adc_ADC_EXCLUSIVE_AREA_44	16	static
../RTD/src/SchM_Adc.c:2013:6:SchM_Exit_Adc_ADC_EXCLUSIVE_AREA_44	16	static
../RTD/src/SchM_Adc.c:2027:6:SchM_Enter_Adc_ADC_EXCLUSIVE_AREA_45	16	static
../RTD/src/SchM_Adc.c:2049:6:SchM_Exit_Adc_ADC_EXCLUSIVE_AREA_45	16	static
../RTD/src/SchM_Adc.c:2063:6:SchM_Enter_Adc_ADC_EXCLUSIVE_AREA_46	16	static
../RTD/src/SchM_Adc.c:2085:6:SchM_Exit_Adc_ADC_EXCLUSIVE_AREA_46	16	static
../RTD/src/SchM_Adc.c:2099:6:SchM_Enter_Adc_ADC_EXCLUSIVE_AREA_47	16	static
../RTD/src/SchM_Adc.c:2121:6:SchM_Exit_Adc_ADC_EXCLUSIVE_AREA_47	16	static
../RTD/src/SchM_Adc.c:2135:6:SchM_Enter_Adc_ADC_EXCLUSIVE_AREA_48	16	static
../RTD/src/SchM_Adc.c:2157:6:SchM_Exit_Adc_ADC_EXCLUSIVE_AREA_48	16	static
../RTD/src/SchM_Adc.c:2171:6:SchM_Enter_Adc_ADC_EXCLUSIVE_AREA_49	16	static
../RTD/src/SchM_Adc.c:2193:6:SchM_Exit_Adc_ADC_EXCLUSIVE_AREA_49	16	static
../RTD/src/SchM_Adc.c:2207:6:SchM_Enter_Adc_ADC_EXCLUSIVE_AREA_50	16	static
../RTD/src/SchM_Adc.c:2229:6:SchM_Exit_Adc_ADC_EXCLUSIVE_AREA_50	16	static
../RTD/src/SchM_Adc.c:2243:6:SchM_Enter_Adc_ADC_EXCLUSIVE_AREA_51	16	static
../RTD/src/SchM_Adc.c:2265:6:SchM_Exit_Adc_ADC_EXCLUSIVE_AREA_51	16	static
../RTD/src/SchM_Adc.c:2279:6:SchM_Enter_Adc_ADC_EXCLUSIVE_AREA_54	16	static
../RTD/src/SchM_Adc.c:2301:6:SchM_Exit_Adc_ADC_EXCLUSIVE_AREA_54	16	static
../RTD/src/SchM_Adc.c:2315:6:SchM_Enter_Adc_ADC_EXCLUSIVE_AREA_55	16	static
../RTD/src/SchM_Adc.c:2337:6:SchM_Exit_Adc_ADC_EXCLUSIVE_AREA_55	16	static
../RTD/src/SchM_Adc.c:2351:6:SchM_Enter_Adc_ADC_EXCLUSIVE_AREA_56	16	static
../RTD/src/SchM_Adc.c:2373:6:SchM_Exit_Adc_ADC_EXCLUSIVE_AREA_56	16	static
../RTD/src/SchM_Adc.c:2387:6:SchM_Enter_Adc_ADC_EXCLUSIVE_AREA_57	16	static
../RTD/src/SchM_Adc.c:2409:6:SchM_Exit_Adc_ADC_EXCLUSIVE_AREA_57	16	static
../RTD/src/SchM_Adc.c:2423:6:SchM_Enter_Adc_ADC_EXCLUSIVE_AREA_58	16	static
../RTD/src/SchM_Adc.c:2445:6:SchM_Exit_Adc_ADC_EXCLUSIVE_AREA_58	16	static
../RTD/src/SchM_Adc.c:2459:6:SchM_Enter_Adc_ADC_EXCLUSIVE_AREA_59	16	static
../RTD/src/SchM_Adc.c:2481:6:SchM_Exit_Adc_ADC_EXCLUSIVE_AREA_59	16	static
../RTD/src/SchM_Adc.c:2495:6:SchM_Enter_Adc_ADC_EXCLUSIVE_AREA_60	16	static
../RTD/src/SchM_Adc.c:2517:6:SchM_Exit_Adc_ADC_EXCLUSIVE_AREA_60	16	static
../RTD/src/SchM_Adc.c:2531:6:SchM_Enter_Adc_ADC_EXCLUSIVE_AREA_61	16	static
../RTD/src/SchM_Adc.c:2553:6:SchM_Exit_Adc_ADC_EXCLUSIVE_AREA_61	16	static
../RTD/src/SchM_Adc.c:2567:6:SchM_Enter_Adc_ADC_EXCLUSIVE_AREA_62	16	static
../RTD/src/SchM_Adc.c:2589:6:SchM_Exit_Adc_ADC_EXCLUSIVE_AREA_62	16	static
../RTD/src/SchM_Adc.c:2603:6:SchM_Enter_Adc_ADC_EXCLUSIVE_AREA_63	16	static
../RTD/src/SchM_Adc.c:2625:6:SchM_Exit_Adc_ADC_EXCLUSIVE_AREA_63	16	static
../RTD/src/SchM_Adc.c:2639:6:SchM_Enter_Adc_ADC_EXCLUSIVE_AREA_64	16	static
../RTD/src/SchM_Adc.c:2661:6:SchM_Exit_Adc_ADC_EXCLUSIVE_AREA_64	16	static
../RTD/src/SchM_Adc.c:2675:6:SchM_Enter_Adc_ADC_EXCLUSIVE_AREA_65	16	static
../RTD/src/SchM_Adc.c:2697:6:SchM_Exit_Adc_ADC_EXCLUSIVE_AREA_65	16	static
../RTD/src/SchM_Adc.c:2711:6:SchM_Enter_Adc_ADC_EXCLUSIVE_AREA_66	16	static
../RTD/src/SchM_Adc.c:2733:6:SchM_Exit_Adc_ADC_EXCLUSIVE_AREA_66	16	static
../RTD/src/SchM_Adc.c:2747:6:SchM_Enter_Adc_ADC_EXCLUSIVE_AREA_67	16	static
../RTD/src/SchM_Adc.c:2769:6:SchM_Exit_Adc_ADC_EXCLUSIVE_AREA_67	16	static
../RTD/src/SchM_Adc.c:2783:6:SchM_Enter_Adc_ADC_EXCLUSIVE_AREA_68	16	static
../RTD/src/SchM_Adc.c:2805:6:SchM_Exit_Adc_ADC_EXCLUSIVE_AREA_68	16	static
../RTD/src/SchM_Adc.c:2819:6:SchM_Enter_Adc_ADC_EXCLUSIVE_AREA_69	16	static
../RTD/src/SchM_Adc.c:2841:6:SchM_Exit_Adc_ADC_EXCLUSIVE_AREA_69	16	static
../RTD/src/SchM_Adc.c:2855:6:SchM_Enter_Adc_ADC_EXCLUSIVE_AREA_70	16	static
../RTD/src/SchM_Adc.c:2877:6:SchM_Exit_Adc_ADC_EXCLUSIVE_AREA_70	16	static
../RTD/src/SchM_Adc.c:2891:6:SchM_Enter_Adc_ADC_EXCLUSIVE_AREA_71	16	static
../RTD/src/SchM_Adc.c:2913:6:SchM_Exit_Adc_ADC_EXCLUSIVE_AREA_71	16	static
../RTD/src/SchM_Adc.c:2927:6:SchM_Enter_Adc_ADC_EXCLUSIVE_AREA_72	16	static
../RTD/src/SchM_Adc.c:2949:6:SchM_Exit_Adc_ADC_EXCLUSIVE_AREA_72	16	static
../RTD/src/SchM_Adc.c:2963:6:SchM_Enter_Adc_ADC_EXCLUSIVE_AREA_73	16	static
../RTD/src/SchM_Adc.c:2985:6:SchM_Exit_Adc_ADC_EXCLUSIVE_AREA_73	16	static
