Archive member included to satisfy reference by file (symbol)

c:/nxp/s32ds.3.5/s32ds/build_tools/gcc_v10.2/gcc-10.2-arm32-eabi/bin/../lib/gcc/arm-none-eabi/10.2.0/thumb/v7e-m+fp/hard\libgcc.a(_aeabi_uldivmod.o)
                              ./RTD/src/Adc_Sar_Ip.o (__aeabi_uldivmod)
c:/nxp/s32ds.3.5/s32ds/build_tools/gcc_v10.2/gcc-10.2-arm32-eabi/bin/../lib/gcc/arm-none-eabi/10.2.0/thumb/v7e-m+fp/hard\libgcc.a(_udivmoddi4.o)
                              c:/nxp/s32ds.3.5/s32ds/build_tools/gcc_v10.2/gcc-10.2-arm32-eabi/bin/../lib/gcc/arm-none-eabi/10.2.0/thumb/v7e-m+fp/hard\libgcc.a(_aeabi_uldivmod.o) (__udivmoddi4)
c:/nxp/s32ds.3.5/s32ds/build_tools/gcc_v10.2/gcc-10.2-arm32-eabi/bin/../lib/gcc/arm-none-eabi/10.2.0/thumb/v7e-m+fp/hard\libgcc.a(_dvmd_tls.o)
                              c:/nxp/s32ds.3.5/s32ds/build_tools/gcc_v10.2/gcc-10.2-arm32-eabi/bin/../lib/gcc/arm-none-eabi/10.2.0/thumb/v7e-m+fp/hard\libgcc.a(_aeabi_uldivmod.o) (__aeabi_ldiv0)

Discarded input sections

 .group         0x00000000        0xc ./Project_Settings/Startup_Code/exceptions.o
 .group         0x00000000        0xc ./Project_Settings/Startup_Code/exceptions.o
 .group         0x00000000        0xc ./Project_Settings/Startup_Code/exceptions.o
 .group         0x00000000        0xc ./Project_Settings/Startup_Code/exceptions.o
 .group         0x00000000        0xc ./Project_Settings/Startup_Code/exceptions.o
 .group         0x00000000        0xc ./Project_Settings/Startup_Code/exceptions.o
 .group         0x00000000        0xc ./Project_Settings/Startup_Code/exceptions.o
 .group         0x00000000        0xc ./Project_Settings/Startup_Code/exceptions.o
 .group         0x00000000        0xc ./Project_Settings/Startup_Code/exceptions.o
 .group         0x00000000        0xc ./Project_Settings/Startup_Code/exceptions.o
 .group         0x00000000        0xc ./Project_Settings/Startup_Code/exceptions.o
 .group         0x00000000        0xc ./Project_Settings/Startup_Code/exceptions.o
 .group         0x00000000        0xc ./Project_Settings/Startup_Code/exceptions.o
 .group         0x00000000        0xc ./Project_Settings/Startup_Code/exceptions.o
 .group         0x00000000        0xc ./Project_Settings/Startup_Code/exceptions.o
 .group         0x00000000        0xc ./Project_Settings/Startup_Code/exceptions.o
 .group         0x00000000        0xc ./Project_Settings/Startup_Code/exceptions.o
 .group         0x00000000        0xc ./Project_Settings/Startup_Code/exceptions.o
 .group         0x00000000        0xc ./Project_Settings/Startup_Code/exceptions.o
 .group         0x00000000        0xc ./Project_Settings/Startup_Code/exceptions.o
 .group         0x00000000        0xc ./Project_Settings/Startup_Code/exceptions.o
 .group         0x00000000        0xc ./Project_Settings/Startup_Code/exceptions.o
 .group         0x00000000        0xc ./Project_Settings/Startup_Code/exceptions.o
 .group         0x00000000        0xc ./Project_Settings/Startup_Code/exceptions.o
 .group         0x00000000        0xc ./Project_Settings/Startup_Code/exceptions.o
 .group         0x00000000        0xc ./Project_Settings/Startup_Code/exceptions.o
 .group         0x00000000        0xc ./Project_Settings/Startup_Code/nvic.o
 .group         0x00000000        0xc ./Project_Settings/Startup_Code/nvic.o
 .group         0x00000000        0xc ./Project_Settings/Startup_Code/nvic.o
 .group         0x00000000        0xc ./Project_Settings/Startup_Code/nvic.o
 .group         0x00000000        0xc ./Project_Settings/Startup_Code/nvic.o
 .group         0x00000000        0xc ./Project_Settings/Startup_Code/nvic.o
 .group         0x00000000        0xc ./Project_Settings/Startup_Code/nvic.o
 .group         0x00000000        0xc ./Project_Settings/Startup_Code/nvic.o
 .group         0x00000000        0xc ./Project_Settings/Startup_Code/nvic.o
 .group         0x00000000        0xc ./Project_Settings/Startup_Code/nvic.o
 .group         0x00000000        0xc ./Project_Settings/Startup_Code/nvic.o
 .group         0x00000000        0xc ./Project_Settings/Startup_Code/nvic.o
 .group         0x00000000        0xc ./Project_Settings/Startup_Code/nvic.o
 .group         0x00000000        0xc ./Project_Settings/Startup_Code/nvic.o
 .group         0x00000000        0xc ./Project_Settings/Startup_Code/nvic.o
 .group         0x00000000        0xc ./Project_Settings/Startup_Code/nvic.o
 .group         0x00000000        0xc ./Project_Settings/Startup_Code/nvic.o
 .group         0x00000000        0xc ./Project_Settings/Startup_Code/nvic.o
 .group         0x00000000        0xc ./Project_Settings/Startup_Code/nvic.o
 .group         0x00000000        0xc ./Project_Settings/Startup_Code/nvic.o
 .group         0x00000000        0xc ./Project_Settings/Startup_Code/nvic.o
 .group         0x00000000        0xc ./Project_Settings/Startup_Code/nvic.o
 .group         0x00000000        0xc ./Project_Settings/Startup_Code/nvic.o
 .group         0x00000000        0xc ./Project_Settings/Startup_Code/nvic.o
[...]
Memory Configuration

Name             Origin             Length             Attributes
int_pflash       0x00400000         0x003d4000
int_dflash       0x10000000         0x00020000
int_itcm         0x00000000         0x00010000
int_dtcm         0x20000000         0x0001f000
int_stack_dtcm   0x2001f000         0x00001000
int_sram         0x20400000         0x0002ff00
int_sram_fls_rsv 0x2042ff00         0x00000100
int_sram_no_cacheable 0x20430000         0x0000ff00
int_sram_results 0x2043ff00         0x00000100
int_sram_shareable 0x20440000         0x00004000
ram_rsvd2        0x20444000         0x00000000
*default*        0x00000000         0xffffffff

Linker script and memory map

LOAD ./Project_Settings/Startup_Code/Vector_Table.o
LOAD ./Project_Settings/Startup_Code/exceptions.o
LOAD ./Project_Settings/Startup_Code/nvic.o
LOAD ./Project_Settings/Startup_Code/startup.o
LOAD ./Project_Settings/Startup_Code/startup_cm7.o
LOAD ./Project_Settings/Startup_Code/system.o
LOAD ./RTD/src/Adc_Sar_Ip.o
LOAD ./RTD/src/Adc_Sar_Ip_Irq.o
LOAD ./RTD/src/Bctu_Ip.o
LOAD ./RTD/src/Bctu_Ip_Irq.o
LOAD ./RTD/src/Clock_Ip.o
LOAD ./RTD/src/Clock_Ip_Data.o
LOAD ./RTD/src/Clock_Ip_Divider.o
LOAD ./RTD/src/Clock_Ip_DividerTrigger.o
LOAD ./RTD/src/Clock_Ip_ExtOsc.o
LOAD ./RTD/src/Clock_Ip_FracDiv.o
LOAD ./RTD/src/Clock_Ip_Frequency.o
LOAD ./RTD/src/Clock_Ip_Gate.o
LOAD ./RTD/src/Clock_Ip_IntOsc.o
LOAD ./RTD/src/Clock_Ip_Irq.o
LOAD ./RTD/src/Clock_Ip_Monitor.o
LOAD ./RTD/src/Clock_Ip_Pll.o
LOAD ./RTD/src/Clock_Ip_ProgFreqSwitch.o
LOAD ./RTD/src/Clock_Ip_Selector.o
LOAD ./RTD/src/Clock_Ip_Specific.o
LOAD ./RTD/src/Det.o
LOAD ./RTD/src/Det_stub.o
LOAD ./RTD/src/IntCtrl_Ip.o
LOAD ./RTD/src/OsIf_Interrupts.o
LOAD ./RTD/src/OsIf_Timer.o
LOAD ./RTD/src/OsIf_Timer_System.o
LOAD ./RTD/src/OsIf_Timer_System_Internal_Systick.o
LOAD ./RTD/src/SchM_Adc.o
LOAD ./RTD/src/SchM_Mcu.o
LOAD ./RTD/src/SchM_Port.o
LOAD ./RTD/src/Siul2_Port_Ip.o
LOAD ./RTD/src/Tspc_Port_Ip.o
LOAD ./board/Siul2_Port_Ip_Cfg.o
LOAD ./board/Tspc_Port_Ip_Cfg.o
LOAD ./generate/src/Adc_Sar_Ip_VS_0_PBcfg.o
LOAD ./generate/src/Bctu_Ip_VS_0_PBcfg.o
LOAD ./generate/src/Clock_Ip_Cfg.o
LOAD ./generate/src/IntCtrl_Ip_Cfg.o
LOAD ./generate/src/OsIf_Cfg.o
LOAD ./src/main.o
LOAD c:/nxp/s32ds.3.5/s32ds/build_tools/gcc_v10.2/gcc-10.2-arm32-eabi/bin/../lib/gcc/arm-none-eabi/10.2.0/../../../../arm-none-eabi/lib/thumb/v7e-m+fp/hard\libc_nano.a
LOAD c:/nxp/s32ds.3.5/s32ds/build_tools/gcc_v10.2/gcc-10.2-arm32-eabi/bin/../lib/gcc/arm-none-eabi/10.2.0/../../../../arm-none-eabi/lib/thumb/v7e-m+fp/hard\libm.a
LOAD c:/nxp/s32ds.3.5/s32ds/build_tools/gcc_v10.2/gcc-10.2-arm32-eabi/bin/../lib/gcc/arm-none-eabi/10.2.0/thumb/v7e-m+fp/hard\libgcc.a
START GROUP
LOAD c:/nxp/s32ds.3.5/s32ds/build_tools/gcc_v10.2/gcc-10.2-arm32-eabi/bin/../lib/gcc/arm-none-eabi/10.2.0/thumb/v7e-m+fp/hard\libgcc.a
LOAD c:/nxp/s32ds.3.5/s32ds/build_tools/gcc_v10.2/gcc-10.2-arm32-eabi/bin/../lib/gcc/arm-none-eabi/10.2.0/../../../../arm-none-eabi/lib/thumb/v7e-m+fp/hard\libg_nano.a
LOAD c:/nxp/s32ds.3.5/s32ds/build_tools/gcc_v10.2/gcc-10.2-arm32-eabi/bin/../lib/gcc/arm-none-eabi/10.2.0/../../../../arm-none-eabi/lib/thumb/v7e-m+fp/hard\libc_nano.a
END GROUP
START GROUP
LOAD c:/nxp/s32ds.3.5/s32ds/build_tools/gcc_v10.2/gcc-10.2-arm32-eabi/bin/../lib/gcc/arm-none-eabi/10.2.0/thumb/v7e-m+fp/hard\libgcc.a
LOAD c:/nxp/s32ds.3.5/s32ds/build_tools/gcc_v10.2/gcc-10.2-arm32-eabi/bin/../lib/gcc/arm-none-eabi/10.2.0/../../../../arm-none-eabi/lib/thumb/v7e-m+fp/hard\libc_nano.a
LOAD c:/nxp/s32ds.3.5/s32ds/build_tools/gcc_v10.2/gcc-10.2-arm32-eabi/bin/../lib/gcc/arm-none-eabi/10.2.0/../../../../arm-none-eabi/lib/thumb/v7e-m+fp/hard\libnosys.a
END GROUP
START GROUP
LOAD c:/nxp/s32ds.3.5/s32ds/build_tools/gcc_v10.2/gcc-10.2-arm32-eabi/bin/../lib/gcc/arm-none-eabi/10.2.0/thumb/v7e-m+fp/hard\libgcc.a
LOAD c:/nxp/s32ds.3.5/s32ds/build_tools/gcc_v10.2/gcc-10.2-arm32-eabi/bin/../lib/gcc/arm-none-eabi/10.2.0/../../../../arm-none-eabi/lib/thumb/v7e-m+fp/hard\libc_nano.a
LOAD c:/nxp/s32ds.3.5/s32ds/build_tools/gcc_v10.2/gcc-10.2-arm32-eabi/bin/../lib/gcc/arm-none-eabi/10.2.0/../../../../arm-none-eabi/lib/thumb/v7e-m+fp/hard\libnosys.a
END GROUP
                0x00002000                HEAP_SIZE = DEFINED (__heap_size__)?__heap_size__:0x2000
                0x20407fff                __STANDBY_RAM_LIMIT_END = 0x20407fff

.pflash         0x00400000    0x12ebc
 *(.boot_header)
 .boot_header   0x00400000       0x30 ./Project_Settings/Startup_Code/startup_cm7.o
                0x00402000                . = ALIGN (0x2000)
 *fill*         0x00400030     0x1fd0 
                0x00402000                __text_start = .
                0x00402000                __interrupts_init_start = .
 *(.intc_vector)
 .intc_vector   0x00402000      0x408 ./Project_Settings/Startup_Code/Vector_Table.o
                0x00402000                VTABLE
                0x00402408                . = ALIGN (0x4)
                0x00402408                __interrupts_init_end = .
 *(.core_loop)
 .core_loop     0x00402408        0xc ./Project_Settings/Startup_Code/startup_cm7.o
                0x00402408                _core_loop
                0x00402414                . = ALIGN (0x4)
 *(.startup)
 *fill*         0x00402414        0xc 
 .startup       0x00402420      0x1d8 ./Project_Settings/Startup_Code/startup_cm7.o
                0x00402420                Reset_Handler
                0x00402420                _start
                0x00402580                MCAL_LTB_TRACE_OFF
                0x00402582                _end_of_eunit_test
                0x004025f8                . = ALIGN (0x4)
 *(.systeminit)
                0x004025f8                . = ALIGN (0x4)
 *(.text.startup)
                0x004025f8                . = ALIGN (0x4)
 *(.text)
 .text          0x004025f8        0x0 ./Project_Settings/Startup_Code/Vector_Table.o
 .text          0x004025f8        0x0 ./Project_Settings/Startup_Code/exceptions.o
 .text          0x004025f8        0x0 ./Project_Settings/Startup_Code/nvic.o
 .text          0x004025f8        0x0 ./Project_Settings/Startup_Code/startup.o
 .text          0x004025f8        0x0 ./Project_Settings/Startup_Code/startup_cm7.o
 .text          0x004025f8       0x14 ./Project_Settings/Startup_Code/system.o
                0x004025f8                Sys_GetCoreID
 .text          0x0040260c        0x0 ./RTD/src/Adc_Sar_Ip.o
 .text          0x0040260c        0x0 ./RTD/src/Adc_Sar_Ip_Irq.o
 .text          0x0040260c        0x0 ./RTD/src/Bctu_Ip.o
 .text          0x0040260c        0x0 ./RTD/src/Bctu_Ip_Irq.o
 .text          0x0040260c        0x0 ./RTD/src/Clock_Ip.o
 .text          0x0040260c        0x0 ./RTD/src/Clock_Ip_Data.o
 .text          0x0040260c        0x0 ./RTD/src/Clock_Ip_Divider.o
 .text          0x0040260c        0x0 ./RTD/src/Clock_Ip_DividerTrigger.o
 .text          0x0040260c        0x0 ./RTD/src/Clock_Ip_ExtOsc.o
 .text          0x0040260c        0x0 ./RTD/src/Clock_Ip_FracDiv.o
 .text          0x0040260c        0x0 ./RTD/src/Clock_Ip_Frequency.o
 .text          0x0040260c        0x0 ./RTD/src/Clock_Ip_Gate.o
 .text          0x0040260c        0x0 ./RTD/src/Clock_Ip_IntOsc.o
 .text          0x0040260c        0x0 ./RTD/src/Clock_Ip_Irq.o
 .text          0x0040260c        0x0 ./RTD/src/Clock_Ip_Monitor.o
 .text          0x0040260c        0x0 ./RTD/src/Clock_Ip_Pll.o
 .text          0x0040260c        0x0 ./RTD/src/Clock_Ip_ProgFreqSwitch.o
 .text          0x0040260c        0x0 ./RTD/src/Clock_Ip_Selector.o
 .text          0x0040260c        0x0 ./RTD/src/Clock_Ip_Specific.o
 .text          0x0040260c        0x0 ./RTD/src/Det.o
 .text          0x0040260c        0x0 ./RTD/src/Det_stub.o
 .text          0x0040260c       0x1c ./RTD/src/IntCtrl_Ip.o
 .text          0x00402628        0x0 ./RTD/src/OsIf_Interrupts.o
 .text          0x00402628       0x1c ./RTD/src/OsIf_Timer.o
 .text          0x00402644        0x0 ./RTD/src/OsIf_Timer_System.o
 .text          0x00402644        0x0 ./RTD/src/OsIf_Timer_System_Internal_Systick.o
 .text          0x00402644       0x12 ./RTD/src/SchM_Adc.o
                0x00402644                Adc_schm_read_msr
 .text          0x00402656       0x12 ./RTD/src/SchM_Mcu.o
                0x00402656                Mcu_schm_read_msr
 .text          0x00402668       0x12 ./RTD/src/SchM_Port.o
                0x00402668                Port_schm_read_msr
 .text          0x0040267a       0x1c ./RTD/src/Siul2_Port_Ip.o
 .text          0x00402696       0x1c ./RTD/src/Tspc_Port_Ip.o
 .text          0x004026b2        0x0 ./board/Siul2_Port_Ip_Cfg.o
 .text          0x004026b2        0x0 ./board/Tspc_Port_Ip_Cfg.o
 .text          0x004026b2        0x0 ./generate/src/Adc_Sar_Ip_VS_0_PBcfg.o
 .text          0x004026b2        0x0 ./generate/src/Bctu_Ip_VS_0_PBcfg.o
 .text          0x004026b2        0x0 ./generate/src/Clock_Ip_Cfg.o
 .text          0x004026b2        0x0 ./generate/src/IntCtrl_Ip_Cfg.o
 .text          0x004026b2        0x0 ./generate/src/OsIf_Cfg.o
 *fill*         0x004026b2        0x2 
 .text          0x004026b4      0x134 ./src/main.o
                0x004026b4                AdcEndOfChainNotif
                0x004026d8                main
 .text          0x004027e8       0x30 c:/nxp/s32ds.3.5/s32ds/build_tools/gcc_v10.2/gcc-10.2-arm32-eabi/bin/../lib/gcc/arm-none-eabi/10.2.0/thumb/v7e-m+fp/hard\libgcc.a(_aeabi_uldivmod.o)
                0x004027e8                __aeabi_uldivmod
 .text          0x00402818      0x2d8 c:/nxp/s32ds.3.5/s32ds/build_tools/gcc_v10.2/gcc-10.2-arm32-eabi/bin/../lib/gcc/arm-none-eabi/10.2.0/thumb/v7e-m+fp/hard\libgcc.a(_udivmoddi4.o)
                0x00402818                __udivmoddi4
 .text          0x00402af0        0x4 c:/nxp/s32ds.3.5/s32ds/build_tools/gcc_v10.2/gcc-10.2-arm32-eabi/bin/../lib/gcc/arm-none-eabi/10.2.0/thumb/v7e-m+fp/hard\libgcc.a(_dvmd_tls.o)
                0x00402af0                __aeabi_idiv0
                0x00402af0                __aeabi_ldiv0
 *(.text*)
                0x00402af4                . = ALIGN (0x4)
 *(.mcal_text)
 .mcal_text     0x00402af4       0x14 ./Project_Settings/Startup_Code/exceptions.o
                0x00402af4                NMI_Handler
                0x00402af6                HardFault_Handler
                0x00402af8                MemManage_Handler
                0x00402afa                BusFault_Handler
                0x00402afc                UsageFault_Handler
                0x00402afe                SVC_Handler
                0x00402b00                DebugMon_Handler
                0x00402b02                PendSV_Handler
                0x00402b04                SysTick_Handler
                0x00402b06                undefined_handler
 .mcal_text     0x00402b08       0xbc ./Project_Settings/Startup_Code/nvic.o
                0x00402b08                NVIC_SetPriorityGrouping
                0x00402b2a                NVIC_EnableIRQ
                0x00402b5a                NVIC_DisableIRQ
                0x00402b8a                NVIC_SetPriority
 .mcal_text     0x00402bc4      0x2ac ./Project_Settings/Startup_Code/startup.o
                0x00402bc4                init_data_bss
                0x00402d5c                init_data_bss_core2
 .mcal_text     0x00402e70      0x4c8 ./Project_Settings/Startup_Code/system.o
                0x00402e70                startup_go_to_user_mode
                0x00402e74                default_interrupt_routine
                0x00402e76                SystemInit
                0x00403318                Enable_FPU
 .mcal_text     0x00403338     0x2610 ./RTD/src/Adc_Sar_Ip.o
                0x00403e14                Adc_Sar_Ip_IRQHandler
                0x00403fdc                Adc_Sar_Ip_Init
                0x0040425c                Adc_Sar_Ip_Deinit
                0x004043e8                Adc_Sar_Ip_ChainConfig
                0x00404420                Adc_Sar_Ip_EnableChannel
                0x004044bc                Adc_Sar_Ip_DisableChannel
                0x0040455c                Adc_Sar_Ip_SetResolution
                0x004045b0                Adc_Sar_Ip_StartConversion
                0x0040460c                Adc_Sar_Ip_GetStatusFlags
                0x0040463c                Adc_Sar_Ip_ClearStatusFlags
                0x004046c0                Adc_Sar_Ip_GetConvDataToArray
                0x004046e6                Adc_Sar_Ip_GetConvResultsToArray
                0x0040470c                Adc_Sar_Ip_GetConvData
                0x00404784                Adc_Sar_Ip_GetConvResult
                0x00404848                Adc_Sar_Ip_DoCalibration
                0x00404a10                Adc_Sar_Ip_Powerup
                0x00404ab0                Adc_Sar_Ip_Powerdown
                0x00404b50                Adc_Sar_Ip_EnableNotifications
                0x00404bc4                Adc_Sar_Ip_DisableNotifications
                0x00404c38                Adc_Sar_Ip_SetClockMode
                0x00404cf8                Adc_Sar_Ip_SetSampleTimes
                0x00404d5c                Adc_Sar_Ip_SetAveraging
                0x00404dc4                Adc_Sar_Ip_AbortConversion
                0x00404df8                Adc_Sar_Ip_AbortChain
                0x00404ed0                Adc_Sar_Ip_SetPresamplingSource
                0x00404f8c                Adc_Sar_Ip_EnableChannelPresampling
                0x00404ffc                Adc_Sar_Ip_DisableChannelPresampling
                0x00405070                Adc_Sar_Ip_EnablePresampleConversion
                0x004050bc                Adc_Sar_Ip_DisablePresampleConversion
                0x00405108                Adc_Sar_Ip_EnableDma
                0x0040513c                Adc_Sar_Ip_DisableDma
                0x00405170                Adc_Sar_Ip_EnableChannelDma
                0x004051cc                Adc_Sar_Ip_DisableChannelDma
                0x0040522c                Adc_Sar_Ip_DisableChannelDmaAll
                0x004052b8                Adc_Sar_Ip_SetDmaClearSource
                0x00405300                Adc_Sar_Ip_SetConversionMode
                0x0040535c                Adc_Sar_Ip_SetCtuMode
                0x00405424                Adc_Sar_Ip_SetExternalTrigger
                0x004054b2                Adc_Sar_Ip_SetUserGainAndOffset
                0x004054fc                Adc_Sar_Ip_TempSenseCalculateTemp
                0x004056c0                Adc_Sar_Ip_TempSenseGetTemp
                0x004058c4                Adc_Sar_Ip_TempSenseEnable
                0x004058f0                Adc_Sar_Ip_TempSenseDisable
                0x0040591c                Adc_Sar_Ip_GetDataAddress
 .mcal_text     0x00405948       0x24 ./RTD/src/Adc_Sar_Ip_Irq.o
                0x00405948                Adc_Sar_0_Isr
                0x00405954                Adc_Sar_1_Isr
                0x00405960                Adc_Sar_2_Isr
 .mcal_text     0x0040596c     0x190c ./RTD/src/Bctu_Ip.o
                0x0040596c                Bctu_Ip_Init
                0x00405af8                Bctu_Ip_Deinit
                0x00405c80                Bctu_Ip_SetGlobalTriggerEn
                0x00405cd0                Bctu_Ip_SetLowPowerMode
                0x00405d20                Bctu_Ip_GetStatusFlags
                0x00405ea0                Bctu_Ip_ClearStatusFlags
                0x00406014                Bctu_Ip_ConfigTrigger
                0x00406134                Bctu_Ip_SetTriggerChnListAddr
                0x004061dc                Bctu_Ip_EnableHwTrigger
                0x00406238                Bctu_Ip_DisableHwTrigger
                0x00406278                Bctu_Ip_StopLoopConversions
                0x004062f0                Bctu_Ip_ConfigChanList
                0x0040637c                Bctu_Ip_ConfigChanListSimple
                0x0040648e                Bctu_Ip_SwTriggerConversion
                0x00406520                Bctu_Ip_GetConvData
                0x0040656c                Bctu_Ip_GetConvResult
                0x00406608                Bctu_Ip_GetFifoData
                0x004066a4                Bctu_Ip_GetFifoResult
                0x0040677c                Bctu_Ip_EnableNotifications
                0x0040682c                Bctu_Ip_DisableNotifications
                0x004068e0                Bctu_Ip_SetFifoWatermark
                0x0040696c                Bctu_Ip_GetFifoCount
                0x00406f34                Bctu_Ip_IRQHandler
 .mcal_text     0x00407278        0xc ./RTD/src/Bctu_Ip_Irq.o
                0x00407278                Bctu_0_Isr
 .mcal_text     0x00407284      0xe7c ./RTD/src/Clock_Ip.o
                0x00407588                Clock_Ip_Init
                0x004075c8                Clock_Ip_InitClock
                0x00407c5c                Clock_Ip_GetPllStatus
                0x00407d64                Clock_Ip_DistributePll
                0x00407ee0                Clock_Ip_DisableClockMonitor
                0x00407f24                Clock_Ip_InstallNotificationsCallback
                0x00407f38                Clock_Ip_DisableModuleClock
                0x00407f7c                Clock_Ip_EnableModuleClock
                0x00407ffc                Clock_Ip_DisableFircInStandby
                0x00408018                Clock_Ip_EnableFircInStandby
                0x00408034                Clock_Ip_DisableSircInStandby
                0x00408050                Clock_Ip_EnableSircInStandby
                0x0040806c                Clock_Ip_ReportClockErrors
                0x0040808c                Clock_Ip_StartTimeout
                0x004080c0                Clock_Ip_TimeoutExpired
 .mcal_text     0x00408100      0x278 ./RTD/src/Clock_Ip_Divider.o
 .mcal_text     0x00408378      0x168 ./RTD/src/Clock_Ip_DividerTrigger.o
 .mcal_text     0x004084e0      0x36c ./RTD/src/Clock_Ip_ExtOsc.o
 .mcal_text     0x0040884c       0x16 ./RTD/src/Clock_Ip_FracDiv.o
 .mcal_text     0x00408862        0xc ./RTD/src/Clock_Ip_Frequency.o
                0x00408862                Clock_Ip_SetExternalSignalFrequency
 *fill*         0x0040886e        0x2 
 .mcal_text     0x00408870      0x240 ./RTD/src/Clock_Ip_Gate.o
 .mcal_text     0x00408ab0      0x1e4 ./RTD/src/Clock_Ip_IntOsc.o
 .mcal_text     0x00408c94        0xa ./RTD/src/Clock_Ip_Irq.o
                0x00408c94                Mcu_Cmu_ClockFail_IRQHandler
 *fill*         0x00408c9e        0x2 
 .mcal_text     0x00408ca0      0x438 ./RTD/src/Clock_Ip_Monitor.o
                0x00409020                Clock_Ip_CMU_GetInterruptStatus
                0x00409048                Clock_Ip_CMU_ClockFailInt
 .mcal_text     0x004090d8      0x2b8 ./RTD/src/Clock_Ip_Pll.o
 .mcal_text     0x00409390      0x27c ./RTD/src/Clock_Ip_ProgFreqSwitch.o
 .mcal_text     0x0040960c      0xaac ./RTD/src/Clock_Ip_Selector.o
                0x0040a076                Clock_Ip_SetRtcRtccClksel_TrustedCall
 .mcal_text     0x0040a0b8      0x43c ./RTD/src/Clock_Ip_Specific.o
                0x0040a15c                Clock_Ip_PowerClockIpModules
                0x0040a3b0                Clock_Ip_SetRamWaitStates
                0x0040a3ba                Clock_Ip_SetFlashWaitStates
                0x0040a3c4                Clock_Ip_McMeEnterKey
                0x0040a3ee                DisableFircInStandbyMode
                0x0040a404                EnableFircInStandbyMode
                0x0040a428                DisableSircInStandbyMode
                0x0040a43c                EnableSircInStandbyMode
                0x0040a4b8                Clock_Ip_Command
                0x0040a4e4                Clock_Ip_FLASH_SetFlashIWS
 .mcal_text     0x0040a4f4      0x164 ./RTD/src/Det.o
                0x0040a4f4                Det_Init
                0x0040a4f8                Det_ReportError
                0x0040a56c                Det_ReportRuntimeError
                0x0040a5e0                Det_ReportTransientFault
                0x0040a654                Det_Start
 .mcal_text     0x0040a658      0x480 ./RTD/src/Det_stub.o
                0x0040a658                Det_TestLastReportError
                0x0040a724                Det_TestLastReportRuntimeError
                0x0040a7f0                Det_TestLastReportTransientFault
                0x0040a8bc                Det_TestNoError
                0x0040a970                Det_TestNoRuntimeError
                0x0040aa24                Det_TestNoTransientFault
 .mcal_text     0x0040aad8      0x69c ./RTD/src/IntCtrl_Ip.o
                0x0040aad8                IntCtrl_Ip_InstallHandlerPrivileged
                0x0040ab64                IntCtrl_Ip_EnableIrqPrivileged
                0x0040abac                IntCtrl_Ip_DisableIrqPrivileged
                0x0040abf4                IntCtrl_Ip_SetPriorityPrivileged
                0x0040ac5e                IntCtrl_Ip_GetPriorityPrivileged
                0x0040acb8                IntCtrl_Ip_ClearPendingPrivileged
                0x0040ad00                IntCtrl_Ip_SetPendingPrivileged
                0x0040ad48                IntCtrl_Ip_GetPendingPrivileged
                0x0040ad9c                IntCtrl_Ip_GetActivePrivileged
                0x0040adf0                IntCtrl_Ip_ClearDirectedCpuInterruptPrivileged
                0x0040ae44                IntCtrl_Ip_GetDirectedCpuInterruptPrivileged
                0x0040aea0                IntCtrl_Ip_GenerateDirectedCpuInterruptPrivileged
                0x0040af44                IntCtrl_Ip_Init
                0x0040b046                IntCtrl_Ip_InstallHandler
                0x0040b062                IntCtrl_Ip_EnableIrq
                0x0040b076                IntCtrl_Ip_DisableIrq
                0x0040b08a                IntCtrl_Ip_SetPriority
                0x0040b0aa                IntCtrl_Ip_GetPriority
                0x0040b0c0                IntCtrl_Ip_ClearPending
                0x0040b0d4                IntCtrl_Ip_SetPending
                0x0040b0e8                IntCtrl_Ip_GetPending
                0x0040b108                IntCtrl_Ip_GetActive
                0x0040b128                IntCtrl_Ip_ClearDirectedCpuInterrupt
                0x0040b13c                IntCtrl_Ip_GetDirectedCpuInterrupt
                0x0040b15c                IntCtrl_Ip_GenerateDirectedCpuInterrupt
 .mcal_text     0x0040b174       0xd6 ./RTD/src/OsIf_Timer.o
                0x0040b19c                OsIf_Init
                0x0040b1b6                OsIf_GetCounter
                0x0040b1da                OsIf_GetElapsed
                0x0040b202                OsIf_SetTimerFrequency
                0x0040b222                OsIf_MicrosToTicks
 *fill*         0x0040b24a        0x2 
 .mcal_text     0x0040b24c       0x84 ./RTD/src/OsIf_Timer_System_Internal_Systick.o
                0x0040b24c                OsIf_Timer_System_Internal_Init
                0x0040b274                OsIf_Timer_System_Internal_GetCounter
                0x0040b284                OsIf_Timer_System_Internal_GetElapsed
 .mcal_text     0x0040b2d0     0x3ec8 ./RTD/src/SchM_Adc.o
                0x0040b2d0                SchM_Enter_Adc_ADC_EXCLUSIVE_AREA_00
                0x0040b328                SchM_Exit_Adc_ADC_EXCLUSIVE_AREA_00
                0x0040b374                SchM_Enter_Adc_ADC_EXCLUSIVE_AREA_01
                0x0040b3cc                SchM_Exit_Adc_ADC_EXCLUSIVE_AREA_01
                0x0040b418                SchM_Enter_Adc_ADC_EXCLUSIVE_AREA_02
                0x0040b470                SchM_Exit_Adc_ADC_EXCLUSIVE_AREA_02
                0x0040b4bc                SchM_Enter_Adc_ADC_EXCLUSIVE_AREA_03
                0x0040b514                SchM_Exit_Adc_ADC_EXCLUSIVE_AREA_03
                0x0040b560                SchM_Enter_Adc_ADC_EXCLUSIVE_AREA_04
                0x0040b5b8                SchM_Exit_Adc_ADC_EXCLUSIVE_AREA_04
                0x0040b604                SchM_Enter_Adc_ADC_EXCLUSIVE_AREA_05
                0x0040b65c                SchM_Exit_Adc_ADC_EXCLUSIVE_AREA_05
                0x0040b6a8                SchM_Enter_Adc_ADC_EXCLUSIVE_AREA_10
                0x0040b700                SchM_Exit_Adc_ADC_EXCLUSIVE_AREA_10
                0x0040b74c                SchM_Enter_Adc_ADC_EXCLUSIVE_AREA_100
                0x0040b7a4                SchM_Exit_Adc_ADC_EXCLUSIVE_AREA_100
                0x0040b7f0                SchM_Enter_Adc_ADC_EXCLUSIVE_AREA_101
                0x0040b848                SchM_Exit_Adc_ADC_EXCLUSIVE_AREA_101
                0x0040b894                SchM_Enter_Adc_ADC_EXCLUSIVE_AREA_102
                0x0040b8ec                SchM_Exit_Adc_ADC_EXCLUSIVE_AREA_102
                0x0040b938                SchM_Enter_Adc_ADC_EXCLUSIVE_AREA_103
                0x0040b990                SchM_Exit_Adc_ADC_EXCLUSIVE_AREA_103
                0x0040b9dc                SchM_Enter_Adc_ADC_EXCLUSIVE_AREA_11
                0x0040ba34                SchM_Exit_Adc_ADC_EXCLUSIVE_AREA_11
                0x0040ba80                SchM_Enter_Adc_ADC_EXCLUSIVE_AREA_12
                0x0040bad8                SchM_Exit_Adc_ADC_EXCLUSIVE_AREA_12
                0x0040bb24                SchM_Enter_Adc_ADC_EXCLUSIVE_AREA_13
                0x0040bb7c                SchM_Exit_Adc_ADC_EXCLUSIVE_AREA_13
                0x0040bbc8                SchM_Enter_Adc_ADC_EXCLUSIVE_AREA_14
                0x0040bc20                SchM_Exit_Adc_ADC_EXCLUSIVE_AREA_14
                0x0040bc6c                SchM_Enter_Adc_ADC_EXCLUSIVE_AREA_15
                0x0040bcc4                SchM_Exit_Adc_ADC_EXCLUSIVE_AREA_15
                0x0040bd10                SchM_Enter_Adc_ADC_EXCLUSIVE_AREA_16
                0x0040bd68                SchM_Exit_Adc_ADC_EXCLUSIVE_AREA_16
                0x0040bdb4                SchM_Enter_Adc_ADC_EXCLUSIVE_AREA_17
                0x0040be0c                SchM_Exit_Adc_ADC_EXCLUSIVE_AREA_17
                0x0040be58                SchM_Enter_Adc_ADC_EXCLUSIVE_AREA_18
                0x0040beb0                SchM_Exit_Adc_ADC_EXCLUSIVE_AREA_18
                0x0040befc                SchM_Enter_Adc_ADC_EXCLUSIVE_AREA_19
                0x0040bf54                SchM_Exit_Adc_ADC_EXCLUSIVE_AREA_19
                0x0040bfa0                SchM_Enter_Adc_ADC_EXCLUSIVE_AREA_20
                0x0040bff8                SchM_Exit_Adc_ADC_EXCLUSIVE_AREA_20
                0x0040c044                SchM_Enter_Adc_ADC_EXCLUSIVE_AREA_21
                0x0040c09c                SchM_Exit_Adc_ADC_EXCLUSIVE_AREA_21
                0x0040c0e8                SchM_Enter_Adc_ADC_EXCLUSIVE_AREA_22
                0x0040c140                SchM_Exit_Adc_ADC_EXCLUSIVE_AREA_22
                0x0040c18c                SchM_Enter_Adc_ADC_EXCLUSIVE_AREA_23
                0x0040c1e4                SchM_Exit_Adc_ADC_EXCLUSIVE_AREA_23
                0x0040c230                SchM_Enter_Adc_ADC_EXCLUSIVE_AREA_24
                0x0040c288                SchM_Exit_Adc_ADC_EXCLUSIVE_AREA_24
                0x0040c2d4                SchM_Enter_Adc_ADC_EXCLUSIVE_AREA_25
                0x0040c32c                SchM_Exit_Adc_ADC_EXCLUSIVE_AREA_25
                0x0040c378                SchM_Enter_Adc_ADC_EXCLUSIVE_AREA_26
                0x0040c3d0                SchM_Exit_Adc_ADC_EXCLUSIVE_AREA_26
                0x0040c41c                SchM_Enter_Adc_ADC_EXCLUSIVE_AREA_27
                0x0040c474                SchM_Exit_Adc_ADC_EXCLUSIVE_AREA_27
                0x0040c4c0                SchM_Enter_Adc_ADC_EXCLUSIVE_AREA_28
                0x0040c518                SchM_Exit_Adc_ADC_EXCLUSIVE_AREA_28
                0x0040c564                SchM_Enter_Adc_ADC_EXCLUSIVE_AREA_29
                0x0040c5bc                SchM_Exit_Adc_ADC_EXCLUSIVE_AREA_29
                0x0040c608                SchM_Enter_Adc_ADC_EXCLUSIVE_AREA_30
                0x0040c660                SchM_Exit_Adc_ADC_EXCLUSIVE_AREA_30
                0x0040c6ac                SchM_Enter_Adc_ADC_EXCLUSIVE_AREA_31
                0x0040c704                SchM_Exit_Adc_ADC_EXCLUSIVE_AREA_31
                0x0040c750                SchM_Enter_Adc_ADC_EXCLUSIVE_AREA_32
                0x0040c7a8                SchM_Exit_Adc_ADC_EXCLUSIVE_AREA_32
                0x0040c7f4                SchM_Enter_Adc_ADC_EXCLUSIVE_AREA_33
                0x0040c84c                SchM_Exit_Adc_ADC_EXCLUSIVE_AREA_33
                0x0040c898                SchM_Enter_Adc_ADC_EXCLUSIVE_AREA_34
                0x0040c8f0                SchM_Exit_Adc_ADC_EXCLUSIVE_AREA_34
                0x0040c93c                SchM_Enter_Adc_ADC_EXCLUSIVE_AREA_35
                0x0040c994                SchM_Exit_Adc_ADC_EXCLUSIVE_AREA_35
                0x0040c9e0                SchM_Enter_Adc_ADC_EXCLUSIVE_AREA_36
                0x0040ca38                SchM_Exit_Adc_ADC_EXCLUSIVE_AREA_36
                0x0040ca84                SchM_Enter_Adc_ADC_EXCLUSIVE_AREA_37
                0x0040cadc                SchM_Exit_Adc_ADC_EXCLUSIVE_AREA_37
                0x0040cb28                SchM_Enter_Adc_ADC_EXCLUSIVE_AREA_38
                0x0040cb80                SchM_Exit_Adc_ADC_EXCLUSIVE_AREA_38
                0x0040cbcc                SchM_Enter_Adc_ADC_EXCLUSIVE_AREA_39
                0x0040cc24                SchM_Exit_Adc_ADC_EXCLUSIVE_AREA_39
                0x0040cc70                SchM_Enter_Adc_ADC_EXCLUSIVE_AREA_40
                0x0040ccc8                SchM_Exit_Adc_ADC_EXCLUSIVE_AREA_40
                0x0040cd14                SchM_Enter_Adc_ADC_EXCLUSIVE_AREA_41
                0x0040cd6c                SchM_Exit_Adc_ADC_EXCLUSIVE_AREA_41
                0x0040cdb8                SchM_Enter_Adc_ADC_EXCLUSIVE_AREA_42
                0x0040ce10                SchM_Exit_Adc_ADC_EXCLUSIVE_AREA_42
                0x0040ce5c                SchM_Enter_Adc_ADC_EXCLUSIVE_AREA_43
                0x0040ceb4                SchM_Exit_Adc_ADC_EXCLUSIVE_AREA_43
                0x0040cf00                SchM_Enter_Adc_ADC_EXCLUSIVE_AREA_44
                0x0040cf58                SchM_Exit_Adc_ADC_EXCLUSIVE_AREA_44
                0x0040cfa4                SchM_Enter_Adc_ADC_EXCLUSIVE_AREA_45
                0x0040cffc                SchM_Exit_Adc_ADC_EXCLUSIVE_AREA_45
                0x0040d048                SchM_Enter_Adc_ADC_EXCLUSIVE_AREA_46
                0x0040d0a0                SchM_Exit_Adc_ADC_EXCLUSIVE_AREA_46
                0x0040d0ec                SchM_Enter_Adc_ADC_EXCLUSIVE_AREA_47
                0x0040d144                SchM_Exit_Adc_ADC_EXCLUSIVE_AREA_47
                0x0040d190                SchM_Enter_Adc_ADC_EXCLUSIVE_AREA_48
                0x0040d1e8                SchM_Exit_Adc_ADC_EXCLUSIVE_AREA_48
                0x0040d234                SchM_Enter_Adc_ADC_EXCLUSIVE_AREA_49
                0x0040d28c                SchM_Exit_Adc_ADC_EXCLUSIVE_AREA_49
                0x0040d2d8                SchM_Enter_Adc_ADC_EXCLUSIVE_AREA_50
                0x0040d330                SchM_Exit_Adc_ADC_EXCLUSIVE_AREA_50
                0x0040d37c                SchM_Enter_Adc_ADC_EXCLUSIVE_AREA_51
                0x0040d3d4                SchM_Exit_Adc_ADC_EXCLUSIVE_AREA_51
                0x0040d420                SchM_Enter_Adc_ADC_EXCLUSIVE_AREA_54
                0x0040d478                SchM_Exit_Adc_ADC_EXCLUSIVE_AREA_54
                0x0040d4c4                SchM_Enter_Adc_ADC_EXCLUSIVE_AREA_55
                0x0040d51c                SchM_Exit_Adc_ADC_EXCLUSIVE_AREA_55
                0x0040d568                SchM_Enter_Adc_ADC_EXCLUSIVE_AREA_56
                0x0040d5c0                SchM_Exit_Adc_ADC_EXCLUSIVE_AREA_56
                0x0040d60c                SchM_Enter_Adc_ADC_EXCLUSIVE_AREA_57
                0x0040d664                SchM_Exit_Adc_ADC_EXCLUSIVE_AREA_57
                0x0040d6b0                SchM_Enter_Adc_ADC_EXCLUSIVE_AREA_58
                0x0040d708                SchM_Exit_Adc_ADC_EXCLUSIVE_AREA_58
                0x0040d754                SchM_Enter_Adc_ADC_EXCLUSIVE_AREA_59
                0x0040d7ac                SchM_Exit_Adc_ADC_EXCLUSIVE_AREA_59
                0x0040d7f8                SchM_Enter_Adc_ADC_EXCLUSIVE_AREA_60
                0x0040d850                SchM_Exit_Adc_ADC_EXCLUSIVE_AREA_60
                0x0040d89c                SchM_Enter_Adc_ADC_EXCLUSIVE_AREA_61
                0x0040d8f4                SchM_Exit_Adc_ADC_EXCLUSIVE_AREA_61
                0x0040d940                SchM_Enter_Adc_ADC_EXCLUSIVE_AREA_62
                0x0040d998                SchM_Exit_Adc_ADC_EXCLUSIVE_AREA_62
                0x0040d9e4                SchM_Enter_Adc_ADC_EXCLUSIVE_AREA_63
                0x0040da3c                SchM_Exit_Adc_ADC_EXCLUSIVE_AREA_63
                0x0040da88                SchM_Enter_Adc_ADC_EXCLUSIVE_AREA_64
                0x0040dae0                SchM_Exit_Adc_ADC_EXCLUSIVE_AREA_64
                0x0040db2c                SchM_Enter_Adc_ADC_EXCLUSIVE_AREA_65
                0x0040db84                SchM_Exit_Adc_ADC_EXCLUSIVE_AREA_65
                0x0040dbd0                SchM_Enter_Adc_ADC_EXCLUSIVE_AREA_66
                0x0040dc28                SchM_Exit_Adc_ADC_EXCLUSIVE_AREA_66
                0x0040dc74                SchM_Enter_Adc_ADC_EXCLUSIVE_AREA_67
                0x0040dccc                SchM_Exit_Adc_ADC_EXCLUSIVE_AREA_67
                0x0040dd18                SchM_Enter_Adc_ADC_EXCLUSIVE_AREA_68
                0x0040dd70                SchM_Exit_Adc_ADC_EXCLUSIVE_AREA_68
                0x0040ddbc                SchM_Enter_Adc_ADC_EXCLUSIVE_AREA_69
                0x0040de14                SchM_Exit_Adc_ADC_EXCLUSIVE_AREA_69
                0x0040de60                SchM_Enter_Adc_ADC_EXCLUSIVE_AREA_70
                0x0040deb8                SchM_Exit_Adc_ADC_EXCLUSIVE_AREA_70
                0x0040df04                SchM_Enter_Adc_ADC_EXCLUSIVE_AREA_71
                0x0040df5c                SchM_Exit_Adc_ADC_EXCLUSIVE_AREA_71
                0x0040dfa8                SchM_Enter_Adc_ADC_EXCLUSIVE_AREA_72
                0x0040e000                SchM_Exit_Adc_ADC_EXCLUSIVE_AREA_72
                0x0040e04c                SchM_Enter_Adc_ADC_EXCLUSIVE_AREA_73
                0x0040e0a4                SchM_Exit_Adc_ADC_EXCLUSIVE_AREA_73
                0x0040e0f0                SchM_Enter_Adc_ADC_EXCLUSIVE_AREA_74
                0x0040e148                SchM_Exit_Adc_ADC_EXCLUSIVE_AREA_74
                0x0040e194                SchM_Enter_Adc_ADC_EXCLUSIVE_AREA_75
                0x0040e1ec                SchM_Exit_Adc_ADC_EXCLUSIVE_AREA_75
                0x0040e238                SchM_Enter_Adc_ADC_EXCLUSIVE_AREA_76
                0x0040e290                SchM_Exit_Adc_ADC_EXCLUSIVE_AREA_76
                0x0040e2dc                SchM_Enter_Adc_ADC_EXCLUSIVE_AREA_77
                0x0040e334                SchM_Exit_Adc_ADC_EXCLUSIVE_AREA_77
                0x0040e380                SchM_Enter_Adc_ADC_EXCLUSIVE_AREA_78
                0x0040e3d8                SchM_Exit_Adc_ADC_EXCLUSIVE_AREA_78
                0x0040e424                SchM_Enter_Adc_ADC_EXCLUSIVE_AREA_79
                0x0040e47c                SchM_Exit_Adc_ADC_EXCLUSIVE_AREA_79
                0x0040e4c8                SchM_Enter_Adc_ADC_EXCLUSIVE_AREA_80
                0x0040e520                SchM_Exit_Adc_ADC_EXCLUSIVE_AREA_80
                0x0040e56c                SchM_Enter_Adc_ADC_EXCLUSIVE_AREA_81
                0x0040e5c4                SchM_Exit_Adc_ADC_EXCLUSIVE_AREA_81
                0x0040e610                SchM_Enter_Adc_ADC_EXCLUSIVE_AREA_82
                0x0040e668                SchM_Exit_Adc_ADC_EXCLUSIVE_AREA_82
                0x0040e6b4                SchM_Enter_Adc_ADC_EXCLUSIVE_AREA_83
                0x0040e70c                SchM_Exit_Adc_ADC_EXCLUSIVE_AREA_83
                0x0040e758                SchM_Enter_Adc_ADC_EXCLUSIVE_AREA_84
                0x0040e7b0                SchM_Exit_Adc_ADC_EXCLUSIVE_AREA_84
                0x0040e7fc                SchM_Enter_Adc_ADC_EXCLUSIVE_AREA_85
                0x0040e854                SchM_Exit_Adc_ADC_EXCLUSIVE_AREA_85
                0x0040e8a0                SchM_Enter_Adc_ADC_EXCLUSIVE_AREA_86
                0x0040e8f8                SchM_Exit_Adc_ADC_EXCLUSIVE_AREA_86
                0x0040e944                SchM_Enter_Adc_ADC_EXCLUSIVE_AREA_87
                0x0040e99c                SchM_Exit_Adc_ADC_EXCLUSIVE_AREA_87
                0x0040e9e8                SchM_Enter_Adc_ADC_EXCLUSIVE_AREA_88
                0x0040ea40                SchM_Exit_Adc_ADC_EXCLUSIVE_AREA_88
                0x0040ea8c                SchM_Enter_Adc_ADC_EXCLUSIVE_AREA_89
                0x0040eae4                SchM_Exit_Adc_ADC_EXCLUSIVE_AREA_89
                0x0040eb30                SchM_Enter_Adc_ADC_EXCLUSIVE_AREA_90
                0x0040eb88                SchM_Exit_Adc_ADC_EXCLUSIVE_AREA_90
                0x0040ebd4                SchM_Enter_Adc_ADC_EXCLUSIVE_AREA_91
                0x0040ec2c                SchM_Exit_Adc_ADC_EXCLUSIVE_AREA_91
                0x0040ec78                SchM_Enter_Adc_ADC_EXCLUSIVE_AREA_92
                0x0040ecd0                SchM_Exit_Adc_ADC_EXCLUSIVE_AREA_92
                0x0040ed1c                SchM_Enter_Adc_ADC_EXCLUSIVE_AREA_93
                0x0040ed74                SchM_Exit_Adc_ADC_EXCLUSIVE_AREA_93
                0x0040edc0                SchM_Enter_Adc_ADC_EXCLUSIVE_AREA_94
                0x0040ee18                SchM_Exit_Adc_ADC_EXCLUSIVE_AREA_94
                0x0040ee64                SchM_Enter_Adc_ADC_EXCLUSIVE_AREA_95
                0x0040eebc                SchM_Exit_Adc_ADC_EXCLUSIVE_AREA_95
                0x0040ef08                SchM_Enter_Adc_ADC_EXCLUSIVE_AREA_96
                0x0040ef60                SchM_Exit_Adc_ADC_EXCLUSIVE_AREA_96
                0x0040efac                SchM_Enter_Adc_ADC_EXCLUSIVE_AREA_97
                0x0040f004                SchM_Exit_Adc_ADC_EXCLUSIVE_AREA_97
                0x0040f050                SchM_Enter_Adc_ADC_EXCLUSIVE_AREA_98
                0x0040f0a8                SchM_Exit_Adc_ADC_EXCLUSIVE_AREA_98
                0x0040f0f4                SchM_Enter_Adc_ADC_EXCLUSIVE_AREA_99
                0x0040f14c                SchM_Exit_Adc_ADC_EXCLUSIVE_AREA_99
 .mcal_text     0x0040f198      0x1ec ./RTD/src/SchM_Mcu.o
                0x0040f198                SchM_Enter_Mcu_MCU_EXCLUSIVE_AREA_00
                0x0040f1f0                SchM_Exit_Mcu_MCU_EXCLUSIVE_AREA_00
                0x0040f23c                SchM_Enter_Mcu_MCU_EXCLUSIVE_AREA_01
                0x0040f294                SchM_Exit_Mcu_MCU_EXCLUSIVE_AREA_01
                0x0040f2e0                SchM_Enter_Mcu_MCU_EXCLUSIVE_AREA_02
                0x0040f338                SchM_Exit_Mcu_MCU_EXCLUSIVE_AREA_02
 .mcal_text     0x0040f384     0x11f0 ./RTD/src/SchM_Port.o
                0x0040f384                SchM_Enter_Port_PORT_EXCLUSIVE_AREA_00
                0x0040f3dc                SchM_Exit_Port_PORT_EXCLUSIVE_AREA_00
                0x0040f428                SchM_Enter_Port_PORT_EXCLUSIVE_AREA_01
                0x0040f480                SchM_Exit_Port_PORT_EXCLUSIVE_AREA_01
                0x0040f4cc                SchM_Enter_Port_PORT_EXCLUSIVE_AREA_02
                0x0040f524                SchM_Exit_Port_PORT_EXCLUSIVE_AREA_02
                0x0040f570                SchM_Enter_Port_PORT_EXCLUSIVE_AREA_03
                0x0040f5c8                SchM_Exit_Port_PORT_EXCLUSIVE_AREA_03
                0x0040f614                SchM_Enter_Port_PORT_EXCLUSIVE_AREA_04
                0x0040f66c                SchM_Exit_Port_PORT_EXCLUSIVE_AREA_04
                0x0040f6b8                SchM_Enter_Port_PORT_EXCLUSIVE_AREA_05
                0x0040f710                SchM_Exit_Port_PORT_EXCLUSIVE_AREA_05
                0x0040f75c                SchM_Enter_Port_PORT_EXCLUSIVE_AREA_06
                0x0040f7b4                SchM_Exit_Port_PORT_EXCLUSIVE_AREA_06
                0x0040f800                SchM_Enter_Port_PORT_EXCLUSIVE_AREA_07
                0x0040f858                SchM_Exit_Port_PORT_EXCLUSIVE_AREA_07
                0x0040f8a4                SchM_Enter_Port_PORT_EXCLUSIVE_AREA_08
                0x0040f8fc                SchM_Exit_Port_PORT_EXCLUSIVE_AREA_08
                0x0040f948                SchM_Enter_Port_PORT_EXCLUSIVE_AREA_09
                0x0040f9a0                SchM_Exit_Port_PORT_EXCLUSIVE_AREA_09
                0x0040f9ec                SchM_Enter_Port_PORT_EXCLUSIVE_AREA_10
                0x0040fa44                SchM_Exit_Port_PORT_EXCLUSIVE_AREA_10
                0x0040fa90                SchM_Enter_Port_PORT_EXCLUSIVE_AREA_11
                0x0040fae8                SchM_Exit_Port_PORT_EXCLUSIVE_AREA_11
                0x0040fb34                SchM_Enter_Port_PORT_EXCLUSIVE_AREA_12
                0x0040fb8c                SchM_Exit_Port_PORT_EXCLUSIVE_AREA_12
                0x0040fbd8                SchM_Enter_Port_PORT_EXCLUSIVE_AREA_13
                0x0040fc30                SchM_Exit_Port_PORT_EXCLUSIVE_AREA_13
                0x0040fc7c                SchM_Enter_Port_PORT_EXCLUSIVE_AREA_14
                0x0040fcd4                SchM_Exit_Port_PORT_EXCLUSIVE_AREA_14
                0x0040fd20                SchM_Enter_Port_PORT_EXCLUSIVE_AREA_15
                0x0040fd78                SchM_Exit_Port_PORT_EXCLUSIVE_AREA_15
                0x0040fdc4                SchM_Enter_Port_PORT_EXCLUSIVE_AREA_16
                0x0040fe1c                SchM_Exit_Port_PORT_EXCLUSIVE_AREA_16
                0x0040fe68                SchM_Enter_Port_PORT_EXCLUSIVE_AREA_17
                0x0040fec0                SchM_Exit_Port_PORT_EXCLUSIVE_AREA_17
                0x0040ff0c                SchM_Enter_Port_PORT_EXCLUSIVE_AREA_18
                0x0040ff64                SchM_Exit_Port_PORT_EXCLUSIVE_AREA_18
                0x0040ffb0                SchM_Enter_Port_PORT_EXCLUSIVE_AREA_19
                0x00410008                SchM_Exit_Port_PORT_EXCLUSIVE_AREA_19
                0x00410054                SchM_Enter_Port_PORT_EXCLUSIVE_AREA_20
                0x004100ac                SchM_Exit_Port_PORT_EXCLUSIVE_AREA_20
                0x004100f8                SchM_Enter_Port_PORT_EXCLUSIVE_AREA_21
                0x00410150                SchM_Exit_Port_PORT_EXCLUSIVE_AREA_21
                0x0041019c                SchM_Enter_Port_PORT_EXCLUSIVE_AREA_22
                0x004101f4                SchM_Exit_Port_PORT_EXCLUSIVE_AREA_22
                0x00410240                SchM_Enter_Port_PORT_EXCLUSIVE_AREA_23
                0x00410298                SchM_Exit_Port_PORT_EXCLUSIVE_AREA_23
                0x004102e4                SchM_Enter_Port_PORT_EXCLUSIVE_AREA_24
                0x0041033c                SchM_Exit_Port_PORT_EXCLUSIVE_AREA_24
                0x00410388                SchM_Enter_Port_PORT_EXCLUSIVE_AREA_25
                0x004103e0                SchM_Exit_Port_PORT_EXCLUSIVE_AREA_25
                0x0041042c                SchM_Enter_Port_PORT_EXCLUSIVE_AREA_26
                0x00410484                SchM_Exit_Port_PORT_EXCLUSIVE_AREA_26
                0x004104d0                SchM_Enter_Port_PORT_EXCLUSIVE_AREA_27
                0x00410528                SchM_Exit_Port_PORT_EXCLUSIVE_AREA_27
 .mcal_text     0x00410574      0x91c ./RTD/src/Siul2_Port_Ip.o
                0x004108d4                Siul2_Port_Ip_Init
                0x00410920                Siul2_Port_Ip_SetPullSel
                0x00410a04                Siul2_Port_Ip_SetOutputBuffer
                0x00410ac0                Siul2_Port_Ip_SetInputBuffer
                0x00410b9c                Siul2_Port_Ip_SetPinDirection
                0x00410c96                Siul2_Port_Ip_RevertPinConfiguration
                0x00410d50                Siul2_Port_Ip_GetPinConfiguration
 .mcal_text     0x00410e90      0x2d0 ./RTD/src/Tspc_Port_Ip.o
                0x00410e90                Tspc_Port_Ip_EnableObeGroup
                0x00410ef8                Tspc_Port_Ip_DisableObeGroup
                0x00410f60                Tspc_Port_Ip_MaskObeGroup
                0x00410fec                Tspc_Port_Ip_ConfigureObeGroup
 .mcal_text     0x00411160       0x90 ./src/main.o
                0x00411160                BctuWatermarkNotif
                0x004111f0                . = ALIGN (0x4)
 *(.acmcu_code_rom)
                0x004111f0                . = ALIGN (0x4)
                0x004111f0                __acfls_code_rom_start = .
 *(.acfls_code_rom)
 .acfls_code_rom
                0x004111f0       0x98 ./RTD/src/Clock_Ip_Specific.o
                0x004111f0                Clock_Ip_PRAMCSetRamIWS
                0x00411288                . = ALIGN (0x4)
                0x00411288                __acfls_code_rom_end = .
                0x00411288                __acmem_43_infls_code_rom_start = .
 *(.acmem_43_infls_code_rom)
                0x00411288                . = ALIGN (0x4)
                0x00411288                __acmem_43_infls_code_rom_end = .
 *(.init)
                0x00411288                . = ALIGN (0x4)
 *(.fini)
                0x00411288                . = ALIGN (0x4)
 *(.rodata)
 .rodata        0x00411288       0x24 ./RTD/src/Adc_Sar_Ip.o
                0x00411288                Adc_Sar_Ip_apxAdcBase
 .rodata        0x004112ac       0x10 ./RTD/src/Bctu_Ip.o
 .rodata        0x004112bc        0x4 ./RTD/src/Siul2_Port_Ip.o
                0x004112bc                Port_au32Siul2BaseAddr
 *(.rodata*)
                0x004112c0                . = ALIGN (0x4)
 *(.mcal_const_cfg)
 .mcal_const_cfg
                0x004112c0      0x234 ./board/Siul2_Port_Ip_Cfg.o
                0x004112c0                g_pin_mux_InitConfigArr_PortContainer_0_VS_0
 .mcal_const_cfg
                0x004114f4       0x80 ./generate/src/Adc_Sar_Ip_VS_0_PBcfg.o
                0x004114f4                AdcHwUnit_0_VS_0
 .mcal_const_cfg
                0x00411574       0x88 ./generate/src/Bctu_Ip_VS_0_PBcfg.o
                0x004115b8                BctuHwUnit_0_VS_0
 .mcal_const_cfg
                0x004115fc      0x5cc ./generate/src/Clock_Ip_Cfg.o
                0x00411b84                Clock_Ip_aClockConfig
 .mcal_const_cfg
                0x00411bc8        0x8 ./generate/src/IntCtrl_Ip_Cfg.o
                0x00411bc8                IntCtrlConfig_0
                0x00411bd0                . = ALIGN (0x4)
 *(.mcal_const)
 .mcal_const    0x00411bd0       0x38 ./RTD/src/Adc_Sar_Ip.o
 .mcal_const    0x00411c08        0x5 ./RTD/src/Bctu_Ip.o
 *fill*         0x00411c0d        0x3 
 .mcal_const    0x00411c10     0x1104 ./RTD/src/Clock_Ip_Data.o
                0x00411c10                Clock_Ip_au8DividerCallbackIndex
                0x00411c1c                Clock_Ip_au8DividerTriggerCallbackIndex
                0x00411c28                Clock_Ip_au8XoscCallbackIndex
                0x00411c34                Clock_Ip_au8IrcoscCallbackIndex
                0x00411c40                Clock_Ip_au8GateCallbackIndex
                0x00411c4c                Clock_Ip_au8FractionalDividerCallbackIndex
                0x00411c58                Clock_Ip_au8PllCallbackIndex
                0x00411c64                Clock_Ip_au8SelectorCallbackIndex
                0x00411c70                Clock_Ip_au8PcfsCallbackIndex
                0x00411c7c                Clock_Ip_au8CmuCallbackIndex
                0x00411c88                Clock_Ip_au8ClockFeatures
                0x00412174                Clock_Ip_au8SoftwareMuxResetValue
                0x00412200                Clock_Ip_au16SelectorEntryHardwareValue
                0x0041222c                Clock_Ip_au16SelectorEntryRtcHardwareValue
                0x00412258                Clock_Ip_apxCgm
                0x004122a8                Clock_Ip_apxCgmPcfs
                0x004122ac                Clock_Ip_apxXosc
                0x004122b4                Clock_Ip_apxPll
                0x004122c4                Clock_Ip_apxCmu
                0x004122e0                Clock_Ip_aeCmuNames
                0x004122fc                Clock_Ip_axCmuInfo
                0x0041236c                Clock_Ip_apxMcMeSetPartitions
                0x0041237c                Clock_Ip_apxMcMeGetPartitions
                0x0041238c                Clock_Ip_apxMcMeTriggerPartitions
                0x0041239c                Clock_Ip_aeSourceTypeClockName
                0x004123f4                Clock_Ip_aeHwPllName
                0x004123f8                Clock_Ip_aeHwDfsName
                0x004123fc                Clock_Ip_axFeatureExtensions
                0x0041263c                Clock_Ip_axGateInfo
 .mcal_const    0x00412d14       0x10 ./RTD/src/Clock_Ip_Divider.o
                0x00412d14                Clock_Ip_axDividerCallbacks
 .mcal_const    0x00412d24       0x10 ./RTD/src/Clock_Ip_DividerTrigger.o
                0x00412d24                Clock_Ip_axDividerTriggerCallbacks
 .mcal_const    0x00412d34       0x3c ./RTD/src/Clock_Ip_ExtOsc.o
                0x00412d34                Clock_Ip_axExtOscCallbacks
 .mcal_const    0x00412d70        0xc ./RTD/src/Clock_Ip_FracDiv.o
                0x00412d70                Clock_Ip_axFracDivCallbacks
 .mcal_const    0x00412d7c       0x10 ./RTD/src/Clock_Ip_Gate.o
                0x00412d7c                Clock_Ip_axGateCallbacks
 .mcal_const    0x00412d8c       0x30 ./RTD/src/Clock_Ip_IntOsc.o
                0x00412d8c                Clock_Ip_axIntOscCallbacks
 .mcal_const    0x00412dbc       0x20 ./RTD/src/Clock_Ip_Monitor.o
                0x00412dbc                Clock_Ip_axCmuCallbacks
 .mcal_const    0x00412ddc       0x28 ./RTD/src/Clock_Ip_Pll.o
                0x00412ddc                Clock_Ip_axPllCallbacks
 .mcal_const    0x00412e04       0x28 ./RTD/src/Clock_Ip_ProgFreqSwitch.o
                0x00412e24                Clock_Ip_axPcfsCallbacks
 .mcal_const    0x00412e2c       0x28 ./RTD/src/Clock_Ip_Selector.o
                0x00412e2c                Clock_Ip_axSelectorCallbacks
                0x00412e54                . = ALIGN (0x4)
                0x00412e54                __init_table = .
 *(.init_table)
 .init_table    0x00412e54       0x4c ./Project_Settings/Startup_Code/startup_cm7.o
                0x00412ea0                . = ALIGN (0x4)
                0x00412ea0                __zero_table = .
 *(.zero_table)
 .zero_table    0x00412ea0       0x1c ./Project_Settings/Startup_Code/startup_cm7.o

.ARM.extab      0x00412ebc        0x0
 .ARM.extab     0x00412ebc        0x0 c:/nxp/s32ds.3.5/s32ds/build_tools/gcc_v10.2/gcc-10.2-arm32-eabi/bin/../lib/gcc/arm-none-eabi/10.2.0/thumb/v7e-m+fp/hard\libgcc.a(_udivmoddi4.o)

.ARM.exidx      0x00412ebc        0x8
 .ARM.exidx     0x00412ebc        0x8 c:/nxp/s32ds.3.5/s32ds/build_tools/gcc_v10.2/gcc-10.2-arm32-eabi/bin/../lib/gcc/arm-none-eabi/10.2.0/thumb/v7e-m+fp/hard\libgcc.a(_udivmoddi4.o)

.glue_7         0x00412ec4        0x0
 .glue_7        0x00412ec4        0x0 linker stubs

.glue_7t        0x00412ec4        0x0
 .glue_7t       0x00412ec4        0x0 linker stubs

.vfp11_veneer   0x00412ec4        0x0
 .vfp11_veneer  0x00412ec4        0x0 linker stubs

.v4_bx          0x00412ec4        0x0
 .v4_bx         0x00412ec4        0x0 linker stubs

.iplt           0x00412ec4        0x0
 .iplt          0x00412ec4        0x0 ./Project_Settings/Startup_Code/Vector_Table.o

.rel.dyn        0x00412ec4        0x0
 .rel.iplt      0x00412ec4        0x0 ./Project_Settings/Startup_Code/Vector_Table.o
                0x00412ec4                . = ALIGN (0x4)
                0x00412ec4                __text_end = .
                0x00412ec4                __sram_data_rom = __text_end

.sram_bss       0x20400000      0x1e8
                0x20400000                . = ALIGN (0x8)
                0x20400000                __standby_ram_begin__ = .
 *(.standby_data)
                0x20400000                . = ALIGN (0x8)
                0x20400000                __standby_ram_end__ = .
                0x20400000                . = ALIGN (0x10)
                0x20400000                __sram_bss_start = .
 *(.bss)
 .bss           0x20400000        0x0 ./Project_Settings/Startup_Code/Vector_Table.o
 .bss           0x20400000        0x0 ./Project_Settings/Startup_Code/exceptions.o
 .bss           0x20400000        0x0 ./Project_Settings/Startup_Code/nvic.o
 .bss           0x20400000        0x0 ./Project_Settings/Startup_Code/startup.o
 .bss           0x20400000        0x0 ./Project_Settings/Startup_Code/startup_cm7.o
 .bss           0x20400000       0x80 ./Project_Settings/Startup_Code/system.o
                0x20400000                rbar
                0x20400040                rasr
 .bss           0x20400080        0x0 ./RTD/src/Adc_Sar_Ip.o
 .bss           0x20400080        0x0 ./RTD/src/Adc_Sar_Ip_Irq.o
 .bss           0x20400080        0x0 ./RTD/src/Bctu_Ip.o
 .bss           0x20400080        0x0 ./RTD/src/Bctu_Ip_Irq.o
 .bss           0x20400080        0x0 ./RTD/src/Clock_Ip.o
 .bss           0x20400080        0x0 ./RTD/src/Clock_Ip_Data.o
 .bss           0x20400080        0x0 ./RTD/src/Clock_Ip_Divider.o
 .bss           0x20400080        0x0 ./RTD/src/Clock_Ip_DividerTrigger.o
 .bss           0x20400080        0x0 ./RTD/src/Clock_Ip_ExtOsc.o
 .bss           0x20400080        0x0 ./RTD/src/Clock_Ip_FracDiv.o
 .bss           0x20400080        0x0 ./RTD/src/Clock_Ip_Frequency.o
 .bss           0x20400080        0x0 ./RTD/src/Clock_Ip_Gate.o
 .bss           0x20400080        0x0 ./RTD/src/Clock_Ip_IntOsc.o
 .bss           0x20400080        0x0 ./RTD/src/Clock_Ip_Irq.o
 .bss           0x20400080        0x0 ./RTD/src/Clock_Ip_Monitor.o
 .bss           0x20400080        0x0 ./RTD/src/Clock_Ip_Pll.o
 .bss           0x20400080        0x0 ./RTD/src/Clock_Ip_ProgFreqSwitch.o
 .bss           0x20400080        0x0 ./RTD/src/Clock_Ip_Selector.o
 .bss           0x20400080        0x0 ./RTD/src/Clock_Ip_Specific.o
 .bss           0x20400080        0x0 ./RTD/src/Det.o
 .bss           0x20400080        0x0 ./RTD/src/Det_stub.o
 .bss           0x20400080        0x0 ./RTD/src/IntCtrl_Ip.o
 .bss           0x20400080        0x0 ./RTD/src/OsIf_Interrupts.o
 .bss           0x20400080        0x0 ./RTD/src/OsIf_Timer.o
 .bss           0x20400080        0x0 ./RTD/src/OsIf_Timer_System.o
 .bss           0x20400080        0x0 ./RTD/src/OsIf_Timer_System_Internal_Systick.o
 .bss           0x20400080        0x0 ./RTD/src/SchM_Adc.o
 .bss           0x20400080        0x0 ./RTD/src/SchM_Mcu.o
 .bss           0x20400080        0x0 ./RTD/src/SchM_Port.o
 .bss           0x20400080        0x0 ./RTD/src/Siul2_Port_Ip.o
 .bss           0x20400080        0x0 ./RTD/src/Tspc_Port_Ip.o
 .bss           0x20400080        0x0 ./board/Siul2_Port_Ip_Cfg.o
 .bss           0x20400080        0x0 ./board/Tspc_Port_Ip_Cfg.o
 .bss           0x20400080        0x0 ./generate/src/Adc_Sar_Ip_VS_0_PBcfg.o
 .bss           0x20400080        0x0 ./generate/src/Bctu_Ip_VS_0_PBcfg.o
 .bss           0x20400080        0x0 ./generate/src/Clock_Ip_Cfg.o
 .bss           0x20400080        0x0 ./generate/src/IntCtrl_Ip_Cfg.o
 .bss           0x20400080        0x0 ./generate/src/OsIf_Cfg.o
 .bss           0x20400080        0x8 ./src/main.o
                0x20400080                exit_code
                0x20400084                notif_triggered
                0x20400086                data
 .bss           0x20400088        0x0 c:/nxp/s32ds.3.5/s32ds/build_tools/gcc_v10.2/gcc-10.2-arm32-eabi/bin/../lib/gcc/arm-none-eabi/10.2.0/thumb/v7e-m+fp/hard\libgcc.a(_aeabi_uldivmod.o)
 .bss           0x20400088        0x0 c:/nxp/s32ds.3.5/s32ds/build_tools/gcc_v10.2/gcc-10.2-arm32-eabi/bin/../lib/gcc/arm-none-eabi/10.2.0/thumb/v7e-m+fp/hard\libgcc.a(_udivmoddi4.o)
 .bss           0x20400088        0x0 c:/nxp/s32ds.3.5/s32ds/build_tools/gcc_v10.2/gcc-10.2-arm32-eabi/bin/../lib/gcc/arm-none-eabi/10.2.0/thumb/v7e-m+fp/hard\libgcc.a(_dvmd_tls.o)
 *(.bss*)
                0x20400090                . = ALIGN (0x10)
 *fill*         0x20400088        0x8 
 *(.mcal_bss)
 .mcal_bss      0x20400090        0x4 ./Project_Settings/Startup_Code/system.o
                0x20400090                RESET_CATCH_CORE
 .mcal_bss      0x20400094       0x54 ./RTD/src/Adc_Sar_Ip.o
 .mcal_bss      0x204000e8       0x44 ./RTD/src/Bctu_Ip.o
 .mcal_bss      0x2040012c       0x98 ./RTD/src/Clock_Ip.o
                0x20400134                Clock_Ip_pxConfig
                0x20400138                Clock_Ip_FreqIds
 .mcal_bss      0x204001c4        0xc ./RTD/src/Clock_Ip_Monitor.o
 .mcal_bss      0x204001d0        0x4 ./RTD/src/Clock_Ip_ProgFreqSwitch.o
 .mcal_bss      0x204001d4        0x9 ./RTD/src/Clock_Ip_Specific.o
 *fill*         0x204001dd        0x3 
 .mcal_bss      0x204001e0        0x8 ./RTD/src/Siul2_Port_Ip.o
                0x204001e8                . = ALIGN (0x4)
                0x204001e8                __sram_bss_end = .

.sram_data      0x204001e8       0xf8 load address 0x00412ec4
                0x204001e8                . = ALIGN (0x4)
                0x204001e8                __sram_data_begin__ = .
                0x204001e8                . = ALIGN (0x4)
 *(.ramcode)
 .ramcode       0x204001e8       0xf0 ./RTD/src/Clock_Ip_Specific.o
                0x204002d8                . = ALIGN (0x4)
 *(.data)
 .data          0x204002d8        0x0 ./Project_Settings/Startup_Code/Vector_Table.o
 .data          0x204002d8        0x0 ./Project_Settings/Startup_Code/exceptions.o
 .data          0x204002d8        0x0 ./Project_Settings/Startup_Code/nvic.o
 .data          0x204002d8        0x0 ./Project_Settings/Startup_Code/startup.o
 .data          0x204002d8        0x0 ./Project_Settings/Startup_Code/startup_cm7.o
 .data          0x204002d8        0x0 ./Project_Settings/Startup_Code/system.o
 .data          0x204002d8        0x0 ./RTD/src/Adc_Sar_Ip.o
 .data          0x204002d8        0x0 ./RTD/src/Adc_Sar_Ip_Irq.o
 .data          0x204002d8        0x0 ./RTD/src/Bctu_Ip.o
 .data          0x204002d8        0x0 ./RTD/src/Bctu_Ip_Irq.o
 .data          0x204002d8        0x4 ./RTD/src/Clock_Ip.o
 .data          0x204002dc        0x0 ./RTD/src/Clock_Ip_Data.o
 .data          0x204002dc        0x0 ./RTD/src/Clock_Ip_Divider.o
 .data          0x204002dc        0x0 ./RTD/src/Clock_Ip_DividerTrigger.o
 .data          0x204002dc        0x0 ./RTD/src/Clock_Ip_ExtOsc.o
 .data          0x204002dc        0x0 ./RTD/src/Clock_Ip_FracDiv.o
 .data          0x204002dc        0x0 ./RTD/src/Clock_Ip_Frequency.o
 .data          0x204002dc        0x0 ./RTD/src/Clock_Ip_Gate.o
 .data          0x204002dc        0x0 ./RTD/src/Clock_Ip_IntOsc.o
 .data          0x204002dc        0x0 ./RTD/src/Clock_Ip_Irq.o
 .data          0x204002dc        0x0 ./RTD/src/Clock_Ip_Monitor.o
 .data          0x204002dc        0x0 ./RTD/src/Clock_Ip_Pll.o
 .data          0x204002dc        0x0 ./RTD/src/Clock_Ip_ProgFreqSwitch.o
 .data          0x204002dc        0x0 ./RTD/src/Clock_Ip_Selector.o
 .data          0x204002dc        0x0 ./RTD/src/Clock_Ip_Specific.o
 .data          0x204002dc        0x0 ./RTD/src/Det.o
 .data          0x204002dc        0x0 ./RTD/src/Det_stub.o
 .data          0x204002dc        0x0 ./RTD/src/IntCtrl_Ip.o
 .data          0x204002dc        0x0 ./RTD/src/OsIf_Interrupts.o
 .data          0x204002dc        0x0 ./RTD/src/OsIf_Timer.o
 .data          0x204002dc        0x0 ./RTD/src/OsIf_Timer_System.o
 .data          0x204002dc        0x0 ./RTD/src/OsIf_Timer_System_Internal_Systick.o
 .data          0x204002dc        0x0 ./RTD/src/SchM_Adc.o
 .data          0x204002dc        0x0 ./RTD/src/SchM_Mcu.o
 .data          0x204002dc        0x0 ./RTD/src/SchM_Port.o
 .data          0x204002dc        0x0 ./RTD/src/Siul2_Port_Ip.o
 .data          0x204002dc        0x0 ./RTD/src/Tspc_Port_Ip.o
 .data          0x204002dc        0x0 ./board/Siul2_Port_Ip_Cfg.o
 .data          0x204002dc        0x0 ./board/Tspc_Port_Ip_Cfg.o
 .data          0x204002dc        0x0 ./generate/src/Adc_Sar_Ip_VS_0_PBcfg.o
 .data          0x204002dc        0x0 ./generate/src/Bctu_Ip_VS_0_PBcfg.o
 .data          0x204002dc        0x0 ./generate/src/Clock_Ip_Cfg.o
 .data          0x204002dc        0x0 ./generate/src/IntCtrl_Ip_Cfg.o
 .data          0x204002dc        0x0 ./generate/src/OsIf_Cfg.o
 .data          0x204002dc        0x0 ./src/main.o
 .data          0x204002dc        0x0 c:/nxp/s32ds.3.5/s32ds/build_tools/gcc_v10.2/gcc-10.2-arm32-eabi/bin/../lib/gcc/arm-none-eabi/10.2.0/thumb/v7e-m+fp/hard\libgcc.a(_aeabi_uldivmod.o)
 .data          0x204002dc        0x0 c:/nxp/s32ds.3.5/s32ds/build_tools/gcc_v10.2/gcc-10.2-arm32-eabi/bin/../lib/gcc/arm-none-eabi/10.2.0/thumb/v7e-m+fp/hard\libgcc.a(_udivmoddi4.o)
 .data          0x204002dc        0x0 c:/nxp/s32ds.3.5/s32ds/build_tools/gcc_v10.2/gcc-10.2-arm32-eabi/bin/../lib/gcc/arm-none-eabi/10.2.0/thumb/v7e-m+fp/hard\libgcc.a(_dvmd_tls.o)
 *(.data*)
                0x204002dc                . = ALIGN (0x4)
 *(.mcal_data)
 .mcal_data     0x204002dc        0x4 ./RTD/src/Clock_Ip_Specific.o
                0x204002e0                . = ALIGN (0x4)
                0x204002e0                __sram_data_end__ = .
                0x00412fbc                __sram_data_rom_end = (__sram_data_rom + (__sram_data_end__ - __sram_data_begin__))

.heap           0x204002e0     0x2000 load address 0x00412fbc
                0x00000000                . = (. + ALIGN (0x4))
                0x204002e0                _end = .
                0x204002e0                end = .
                0x204002e0                _heap_start = .
                0x00002000                . = (. + HEAP_SIZE)
 *fill*         0x204002e0     0x2000 
                0x204022e0                _heap_end = .

.acfls_code_ram
                0x2042ff00        0x0
                0x2042ff00                __acfls_code_ram_start = .
 *(.acfls_code_ram)
                0x2042ff00                __acfls_code_ram_end = .
                0x2042ff00                __acmem_43_infls_code_ram_start = .
 *(.acmem_43_infls_code_ram)
                0x2042ff00                __acmem_43_infls_code_ram_end = .
                0x00412fbc                __non_cacheable_data_rom = __sram_data_rom_end

.non_cacheable_data
                0x20430000        0x4 load address 0x00412fbc
                0x20430000                . = ALIGN (0x4)
                0x20430000                __non_cacheable_data_start__ = .
 *(.mcal_data_no_cacheable)
                0x20430000                . = ALIGN (0x4)
 *(.mcal_const_no_cacheable)
                0x20430000                . = ALIGN (0x4)
                0x20430000                HSE_LOOP_ADDR = .
                0x20430000        0x4 LONG 0x0
                0x20430004                __non_cacheable_data_end__ = .
                0x00412fc0                __non_cacheable_data_rom_end = (__non_cacheable_data_rom + (__non_cacheable_data_end__ - __non_cacheable_data_start__))

.igot.plt       0x20430004        0x0 load address 0x00412fc0
 .igot.plt      0x20430004        0x0 ./Project_Settings/Startup_Code/Vector_Table.o

.non_cacheable_bss
                0x20430004     0x1068 load address 0x00412fc0
                0x20430010                . = ALIGN (0x10)
 *fill*         0x20430004        0xc 
                0x20430010                __non_cacheable_bss_start = .
 *(.mcal_bss_no_cacheable)
 .mcal_bss_no_cacheable
                0x20430010       0x3c ./RTD/src/Det.o
                0x20430010                Det_InstanceId
                0x20430014                Det_ApiId
                0x20430018                Det_ErrorId
                0x2043001c                Det_RuntimeInstanceId
                0x20430020                Det_RuntimeApiId
                0x20430024                Det_RuntimeErrorId
                0x20430028                Det_TransientInstanceId
                0x2043002c                Det_TransientApiId
                0x20430030                Det_TransientFaultId
                0x20430034                Det_TransientModuleId
                0x2043003c                Det_ModuleId
                0x20430044                Det_RuntimeModuleId
 .mcal_bss_no_cacheable
                0x2043004c      0xc40 ./RTD/src/SchM_Adc.o
 .mcal_bss_no_cacheable
                0x20430c8c       0x60 ./RTD/src/SchM_Mcu.o
 .mcal_bss_no_cacheable
                0x20430cec      0x380 ./RTD/src/SchM_Port.o
                0x2043106c                . = ALIGN (0x4)
                0x2043106c                __non_cacheable_bss_end = .

.int_results    0x2043ff00      0x100
                0x2043ff00                . = ALIGN (0x4)
 *(.int_results)
                0x20440000                . = (. + 0x100)
 *fill*         0x2043ff00      0x100 
                0x00412fc0                __shareable_data_rom = __non_cacheable_data_rom_end

.shareable_data
                0x20440000        0x0 load address 0x00412fc0
                0x20440000                . = ALIGN (0x4)
                0x20440000                __shareable_data_start__ = .
 *(.mcal_shared_data)
                0x20440000                . = ALIGN (0x4)
                0x20440000                __shareable_data_end__ = .
                0x00412fc0                __shareable_data_rom_end = (__shareable_data_rom + (__shareable_data_end__ - __shareable_data_start__))

.int_vector     0x20000000      0x408
                0x20000000                . = ALIGN (0x800)
                0x20000000                __interrupts_ram_start = .
                0x20000408                . = (. + (__interrupts_init_end - __interrupts_init_start))
 *fill*         0x20000000      0x408 
                0x20000408                . = ALIGN (0x4)
                0x20000408                __interrupts_ram_end = .
                0x00412fc0                __tcm_data_rom = __shareable_data_rom_end

.data_tcm_data  0x20000408        0x0 load address 0x00412fc0
                0x20000408                . = ALIGN (0x4)
                0x20000408                __dtcm_data_start__ = .
 *(.dtcm_data*)
                0x20000408                . = ALIGN (0x4)
                0x20000408                __dtcm_data_end__ = .
                0x00412fc0                __tcm_data_rom_end = (__tcm_data_rom + (__dtcm_data_end__ - __dtcm_data_start__))

.bss_tcm_data   0x20000408        0x0
                0x20000408                . = ALIGN (0x4)
                0x20000408                __dtcm_bss_start__ = .
 *(.dtcm_bss*)
                0x20000408                . = ALIGN (0x4)
                0x20000408                __dtcm_bss_end__ = .
                0x00412fc0                __tcm_code_rom_start = __tcm_data_rom_end

.itcm_text      0x00000000        0x0 load address 0x00412fc0
                0x00000000                . = ALIGN (0x4)
                0x00000000                __itcm_start__ = .
 *(.itcm_text*)
                0x00000000                . = ALIGN (0x4)
                0x00000000                __itcm_end__ = .
                0x00412fc0                __tcm_code_rom_end = (__tcm_code_rom_start + (__itcm_end__ - __itcm_start__))

.shareable_bss  0x20440000        0x0
                0x20440000                . = ALIGN (0x10)
                0x20440000                __shareable_bss_start = .
 *(.mcal_shared_bss)
                0x20440000                . = ALIGN (0x4)
                0x20440000                __shareable_bss_end = .
                0x2001f000                __Stack_dtcm_end = ORIGIN (int_stack_dtcm)
                0x20020000                __Stack_dtcm_start = (ORIGIN (int_stack_dtcm) + LENGTH (int_stack_dtcm))
                0x20400000                __INT_SRAM_START = ORIGIN (int_sram)
                0x20444000                __INT_SRAM_END = ORIGIN (ram_rsvd2)
                0x00000000                __INT_ITCM_START = ORIGIN (int_itcm)
                0x00010000                __INT_ITCM_END = (ORIGIN (int_itcm) + LENGTH (int_itcm))
                0x20000000                __INT_DTCM_START = ORIGIN (int_dtcm)
                0x20020000                __INT_DTCM_END = ((ORIGIN (int_dtcm) + LENGTH (int_dtcm)) + LENGTH (int_stack_dtcm))
                0x20440000                __RAM_SHAREABLE_START = __shareable_data_start__
                0x0000000e                __RAM_SHAREABLE_SIZE = 0xe
                0x00412fc0                __ROM_SHAREABLE_START = __shareable_data_rom
                0x00412fc0                __ROM_SHAREABLE_END = __shareable_data_rom_end
                0x20430000                __RAM_NO_CACHEABLE_START = __non_cacheable_data_start__
                0x00000010                __RAM_NO_CACHEABLE_SIZE = 0x10
                0x00412fbc                __ROM_NO_CACHEABLE_START = __non_cacheable_data_rom
                0x00412fc0                __ROM_NO_CACHEABLE_END = __non_cacheable_data_rom_end
                0x204001e8                __RAM_CACHEABLE_START = __sram_data_begin__
                0x00000012                __RAM_CACHEABLE_SIZE = 0x12
                0x00412ec4                __ROM_CACHEABLE_START = __sram_data_rom
                0x00412fbc                __ROM_CACHEABLE_END = __sram_data_rom_end
                0x00400000                __ROM_CODE_START = ORIGIN (int_pflash)
                0x10000000                __ROM_DATA_START = ORIGIN (int_dflash)
                0x20400000                __BSS_SRAM_START = __sram_bss_start
                0x204001e8                __BSS_SRAM_END = __sram_bss_end
                0x000001e8                __BSS_SRAM_SIZE = (__sram_bss_end - __sram_bss_start)
                0x20430010                __BSS_SRAM_NC_START = __non_cacheable_bss_start
                0x0000105c                __BSS_SRAM_NC_SIZE = (__non_cacheable_bss_end - __non_cacheable_bss_start)
                0x2043106c                __BSS_SRAM_NC_END = __non_cacheable_bss_end
                0x20440000                __BSS_SRAM_SH_START = __shareable_bss_start
                0x00000000                __BSS_SRAM_SH_SIZE = (__shareable_bss_end - __shareable_bss_start)
                0x20440000                __BSS_SRAM_SH_END = __shareable_bss_end
                0x20000000                __RAM_INTERRUPT_START = __interrupts_ram_start
                0x00402000                __INIT_INTERRUPT_START = __interrupts_init_start
                0x00402408                __INIT_INTERRUPT_END = __interrupts_init_end
                0x00000000                __RAM_ITCM_START = __itcm_start__
                0x00412fc0                __ROM_ITCM_START = __tcm_code_rom_start
                0x00412fc0                __ROM_ITCM_END = __tcm_code_rom_end
                0x20000408                __RAM_DTCM_DATA_START = __dtcm_data_start__
                0x00412fc0                __ROM_DTCM_DATA_START = __tcm_data_rom
                0x00412fc0                __ROM_DTCM_END = __tcm_data_rom_end
                0x00412e54                __INIT_TABLE = __init_table
                0x00412ea0                __ZERO_TABLE = __zero_table
                0x00000001                __RAM_INIT = 0x1
                0x00000001                __ITCM_INIT = 0x1
                0x00000001                __DTCM_INIT = 0x1
                0x004111f0                Fls_ACEraseRomStart = __acfls_code_rom_start
                0x00411288                Fls_ACEraseRomEnd = __acfls_code_rom_end
                0x00000026                Fls_ACEraseSize = ((__acfls_code_rom_end - __acfls_code_rom_start) / 0x4)
                0x004111f0                Fls_ACWriteRomStart = __acfls_code_rom_start
                0x00411288                Fls_ACWriteRomEnd = __acfls_code_rom_end
                0x00000026                Fls_ACWriteSize = ((__acfls_code_rom_end - __acfls_code_rom_start) / 0x4)
                0x2042ff00                _ERASE_FUNC_ADDRESS_ = __acfls_code_ram_start
                0x2042ff00                _WRITE_FUNC_ADDRESS_ = __acfls_code_ram_start
                0x00411288                Mem_43_INFLS_ACEraseRomStart = __acmem_43_infls_code_rom_start
                0x00411288                Mem_43_INFLS_ACEraseRomEnd = __acmem_43_infls_code_rom_end
                0x00000000                Mem_43_INFLS_ACEraseSize = (((__acmem_43_infls_code_rom_end - __acmem_43_infls_code_rom_start) + 0x3) / 0x4)
                0x00411288                Mem_43_INFLS_ACWriteRomStart = __acmem_43_infls_code_rom_start
                0x00411288                Mem_43_INFLS_ACWriteRomEnd = __acmem_43_infls_code_rom_end
                0x00000000                Mem_43_INFLS_ACWriteSize = (((__acmem_43_infls_code_rom_end - __acmem_43_infls_code_rom_start) + 0x3) / 0x4)
                0x2042ff00                _MEM_43_INFLS_ERASE_FUNC_ADDRESS_ = __acmem_43_infls_code_ram_start
                0x2042ff00                _MEM_43_INFLS_WRITE_FUNC_ADDRESS_ = __acmem_43_infls_code_ram_start
                0x00402000                __ENTRY_VTABLE = __INIT_INTERRUPT_START
                0x00402000                __CORE0_VTOR = __INIT_INTERRUPT_START
                0x00402000                __CORE1_VTOR = __INIT_INTERRUPT_START
                0x00402000                __CORE2_VTOR = __INIT_INTERRUPT_START
                0x00000003                __INDEX_COPY_CORE2 = 0x3
                0x00000001                ASSERT ((__standby_ram_end__ <= __STANDBY_RAM_LIMIT_END), Memory for standby ram overflow)
OUTPUT(Adc_Sar_Bctu_Ip_example_S32K344.elf elf32-littlearm)
LOAD linker stubs

.ARM.attributes
                0x00000000       0x30
 .ARM.attributes
                0x00000000       0x20 ./Project_Settings/Startup_Code/Vector_Table.o
 .ARM.attributes
                0x00000020       0x34 ./Project_Settings/Startup_Code/exceptions.o
 .ARM.attributes
                0x00000054       0x34 ./Project_Settings/Startup_Code/nvic.o
 .ARM.attributes
                0x00000088       0x34 ./Project_Settings/Startup_Code/startup.o
 .ARM.attributes
                0x000000bc       0x1f ./Project_Settings/Startup_Code/startup_cm7.o
 .ARM.attributes
                0x000000db       0x34 ./Project_Settings/Startup_Code/system.o
 .ARM.attributes
                0x0000010f       0x34 ./RTD/src/Adc_Sar_Ip.o
 .ARM.attributes
                0x00000143       0x34 ./RTD/src/Adc_Sar_Ip_Irq.o
 .ARM.attributes
                0x00000177       0x34 ./RTD/src/Bctu_Ip.o
 .ARM.attributes
                0x000001ab       0x34 ./RTD/src/Bctu_Ip_Irq.o
 .ARM.attributes
                0x000001df       0x34 ./RTD/src/Clock_Ip.o
 .ARM.attributes
                0x00000213       0x39 ./RTD/src/Clock_Ip_Data.o
 .ARM.attributes
                0x0000024c       0x34 ./RTD/src/Clock_Ip_Divider.o
 .ARM.attributes
                0x00000280       0x34 ./RTD/src/Clock_Ip_DividerTrigger.o
 .ARM.attributes
                0x000002b4       0x34 ./RTD/src/Clock_Ip_ExtOsc.o
 .ARM.attributes
                0x000002e8       0x34 ./RTD/src/Clock_Ip_FracDiv.o
 .ARM.attributes
                0x0000031c       0x34 ./RTD/src/Clock_Ip_Frequency.o
 .ARM.attributes
                0x00000350       0x34 ./RTD/src/Clock_Ip_Gate.o
 .ARM.attributes
                0x00000384       0x34 ./RTD/src/Clock_Ip_IntOsc.o
 .ARM.attributes
                0x000003b8       0x34 ./RTD/src/Clock_Ip_Irq.o
 .ARM.attributes
                0x000003ec       0x34 ./RTD/src/Clock_Ip_Monitor.o
 .ARM.attributes
                0x00000420       0x34 ./RTD/src/Clock_Ip_Pll.o
 .ARM.attributes
                0x00000454       0x34 ./RTD/src/Clock_Ip_ProgFreqSwitch.o
 .ARM.attributes
                0x00000488       0x34 ./RTD/src/Clock_Ip_Selector.o
 .ARM.attributes
                0x000004bc       0x34 ./RTD/src/Clock_Ip_Specific.o
 .ARM.attributes
                0x000004f0       0x34 ./RTD/src/Det.o
 .ARM.attributes
                0x00000524       0x34 ./RTD/src/Det_stub.o
 .ARM.attributes
                0x00000558       0x34 ./RTD/src/IntCtrl_Ip.o
 .ARM.attributes
                0x0000058c       0x39 ./RTD/src/OsIf_Interrupts.o
 .ARM.attributes
                0x000005c5       0x34 ./RTD/src/OsIf_Timer.o
 .ARM.attributes
                0x000005f9       0x39 ./RTD/src/OsIf_Timer_System.o
 .ARM.attributes
                0x00000632       0x34 ./RTD/src/OsIf_Timer_System_Internal_Systick.o
 .ARM.attributes
                0x00000666       0x34 ./RTD/src/SchM_Adc.o
 .ARM.attributes
                0x0000069a       0x34 ./RTD/src/SchM_Mcu.o
 .ARM.attributes
                0x000006ce       0x34 ./RTD/src/SchM_Port.o
 .ARM.attributes
                0x00000702       0x34 ./RTD/src/Siul2_Port_Ip.o
 .ARM.attributes
                0x00000736       0x34 ./RTD/src/Tspc_Port_Ip.o
 .ARM.attributes
                0x0000076a       0x39 ./board/Siul2_Port_Ip_Cfg.o
 .ARM.attributes
                0x000007a3       0x39 ./board/Tspc_Port_Ip_Cfg.o
 .ARM.attributes
                0x000007dc       0x39 ./generate/src/Adc_Sar_Ip_VS_0_PBcfg.o
 .ARM.attributes
                0x00000815       0x39 ./generate/src/Bctu_Ip_VS_0_PBcfg.o
 .ARM.attributes
                0x0000084e       0x39 ./generate/src/Clock_Ip_Cfg.o
 .ARM.attributes
                0x00000887       0x39 ./generate/src/IntCtrl_Ip_Cfg.o
 .ARM.attributes
                0x000008c0       0x39 ./generate/src/OsIf_Cfg.o
 .ARM.attributes
                0x000008f9       0x34 ./src/main.o
 .ARM.attributes
                0x0000092d       0x1e c:/nxp/s32ds.3.5/s32ds/build_tools/gcc_v10.2/gcc-10.2-arm32-eabi/bin/../lib/gcc/arm-none-eabi/10.2.0/thumb/v7e-m+fp/hard\libgcc.a(_aeabi_uldivmod.o)
 .ARM.attributes
                0x0000094b       0x34 c:/nxp/s32ds.3.5/s32ds/build_tools/gcc_v10.2/gcc-10.2-arm32-eabi/bin/../lib/gcc/arm-none-eabi/10.2.0/thumb/v7e-m+fp/hard\libgcc.a(_udivmoddi4.o)
 .ARM.attributes
                0x0000097f       0x1e c:/nxp/s32ds.3.5/s32ds/build_tools/gcc_v10.2/gcc-10.2-arm32-eabi/bin/../lib/gcc/arm-none-eabi/10.2.0/thumb/v7e-m+fp/hard\libgcc.a(_dvmd_tls.o)

.comment        0x00000000       0x88
 .comment       0x00000000       0x88 ./Project_Settings/Startup_Code/exceptions.o
                                 0x89 (size before relaxing)
 .comment       0x00000088       0x89 ./Project_Settings/Startup_Code/nvic.o
 .comment       0x00000088       0x89 ./Project_Settings/Startup_Code/startup.o
 .comment       0x00000088       0x89 ./Project_Settings/Startup_Code/system.o
 .comment       0x00000088       0x89 ./RTD/src/Adc_Sar_Ip.o
 .comment       0x00000088       0x89 ./RTD/src/Adc_Sar_Ip_Irq.o
 .comment       0x00000088       0x89 ./RTD/src/Bctu_Ip.o
 .comment       0x00000088       0x89 ./RTD/src/Bctu_Ip_Irq.o
 .comment       0x00000088       0x89 ./RTD/src/Clock_Ip.o
 .comment       0x00000088       0x89 ./RTD/src/Clock_Ip_Data.o
 .comment       0x00000088       0x89 ./RTD/src/Clock_Ip_Divider.o
 .comment       0x00000088       0x89 ./RTD/src/Clock_Ip_DividerTrigger.o
 .comment       0x00000088       0x89 ./RTD/src/Clock_Ip_ExtOsc.o
 .comment       0x00000088       0x89 ./RTD/src/Clock_Ip_FracDiv.o
 .comment       0x00000088       0x89 ./RTD/src/Clock_Ip_Frequency.o
 .comment       0x00000088       0x89 ./RTD/src/Clock_Ip_Gate.o
 .comment       0x00000088       0x89 ./RTD/src/Clock_Ip_IntOsc.o
 .comment       0x00000088       0x89 ./RTD/src/Clock_Ip_Irq.o
 .comment       0x00000088       0x89 ./RTD/src/Clock_Ip_Monitor.o
 .comment       0x00000088       0x89 ./RTD/src/Clock_Ip_Pll.o
 .comment       0x00000088       0x89 ./RTD/src/Clock_Ip_ProgFreqSwitch.o
 .comment       0x00000088       0x89 ./RTD/src/Clock_Ip_Selector.o
 .comment       0x00000088       0x89 ./RTD/src/Clock_Ip_Specific.o
 .comment       0x00000088       0x89 ./RTD/src/Det.o
 .comment       0x00000088       0x89 ./RTD/src/Det_stub.o
 .comment       0x00000088       0x89 ./RTD/src/IntCtrl_Ip.o
 .comment       0x00000088       0x89 ./RTD/src/OsIf_Interrupts.o
 .comment       0x00000088       0x89 ./RTD/src/OsIf_Timer.o
 .comment       0x00000088       0x89 ./RTD/src/OsIf_Timer_System.o
 .comment       0x00000088       0x89 ./RTD/src/OsIf_Timer_System_Internal_Systick.o
 .comment       0x00000088       0x89 ./RTD/src/SchM_Adc.o
 .comment       0x00000088       0x89 ./RTD/src/SchM_Mcu.o
 .comment       0x00000088       0x89 ./RTD/src/SchM_Port.o
 .comment       0x00000088       0x89 ./RTD/src/Siul2_Port_Ip.o
 .comment       0x00000088       0x89 ./RTD/src/Tspc_Port_Ip.o
 .comment       0x00000088       0x89 ./board/Siul2_Port_Ip_Cfg.o
 .comment       0x00000088       0x89 ./board/Tspc_Port_Ip_Cfg.o
 .comment       0x00000088       0x89 ./generate/src/Adc_Sar_Ip_VS_0_PBcfg.o
 .comment       0x00000088       0x89 ./generate/src/Bctu_Ip_VS_0_PBcfg.o
 .comment       0x00000088       0x89 ./generate/src/Clock_Ip_Cfg.o
 .comment       0x00000088       0x89 ./generate/src/IntCtrl_Ip_Cfg.o
 .comment       0x00000088       0x89 ./generate/src/OsIf_Cfg.o
 .comment       0x00000088       0x89 ./src/main.o

.debug_info     0x00000000    0x20d7d
 .debug_info    0x00000000      0x139 ./Project_Settings/Startup_Code/exceptions.o
 .debug_info    0x00000139      0x753 ./Project_Settings/Startup_Code/nvic.o
 .debug_info    0x0000088c      0x32f ./Project_Settings/Startup_Code/startup.o
 .debug_info    0x00000bbb       0x22 ./Project_Settings/Startup_Code/startup_cm7.o
 .debug_info    0x00000bdd      0xb4d ./Project_Settings/Startup_Code/system.o
 .debug_info    0x0000172a     0x2b4c ./RTD/src/Adc_Sar_Ip.o
 .debug_info    0x00004276       0xbb ./RTD/src/Adc_Sar_Ip_Irq.o
 .debug_info    0x00004331     0x1b44 ./RTD/src/Bctu_Ip.o
 .debug_info    0x00005e75       0x97 ./RTD/src/Bctu_Ip_Irq.o
 .debug_info    0x00005f0c     0x1ab8 ./RTD/src/Clock_Ip.o
 .debug_info    0x000079c4     0x166a ./RTD/src/Clock_Ip_Data.o
 .debug_info    0x0000902e      0x9a5 ./RTD/src/Clock_Ip_Divider.o
 .debug_info    0x000099d3      0x798 ./RTD/src/Clock_Ip_DividerTrigger.o
 .debug_info    0x0000a16b      0x9e4 ./RTD/src/Clock_Ip_ExtOsc.o
 .debug_info    0x0000ab4f      0x5d3 ./RTD/src/Clock_Ip_FracDiv.o
 .debug_info    0x0000b122      0x447 ./RTD/src/Clock_Ip_Frequency.o
 .debug_info    0x0000b569      0x8e8 ./RTD/src/Clock_Ip_Gate.o
 .debug_info    0x0000be51      0xc3e ./RTD/src/Clock_Ip_IntOsc.o
 .debug_info    0x0000ca8f       0x97 ./RTD/src/Clock_Ip_Irq.o
 .debug_info    0x0000cb26     0x125d ./RTD/src/Clock_Ip_Monitor.o
 .debug_info    0x0000dd83      0xa44 ./RTD/src/Clock_Ip_Pll.o
 .debug_info    0x0000e7c7      0xf82 ./RTD/src/Clock_Ip_ProgFreqSwitch.o
 .debug_info    0x0000f749      0xc1d ./RTD/src/Clock_Ip_Selector.o
 .debug_info    0x00010366     0x15d1 ./RTD/src/Clock_Ip_Specific.o
 .debug_info    0x00011937      0x3b2 ./RTD/src/Det.o
 .debug_info    0x00011ce9      0x3b3 ./RTD/src/Det_stub.o
 .debug_info    0x0001209c     0x145e ./RTD/src/IntCtrl_Ip.o
 .debug_info    0x000134fa       0x7d ./RTD/src/OsIf_Interrupts.o
 .debug_info    0x00013577      0x2e1 ./RTD/src/OsIf_Timer.o
 .debug_info    0x00013858       0x7d ./RTD/src/OsIf_Timer_System.o
 .debug_info    0x000138d5      0x188 ./RTD/src/OsIf_Timer_System_Internal_Systick.o
 .debug_info    0x00013a5d     0x33d1 ./RTD/src/SchM_Adc.o
 .debug_info    0x00016e2e      0x29a ./RTD/src/SchM_Mcu.o
 .debug_info    0x000170c8      0xf7e ./RTD/src/SchM_Port.o
 .debug_info    0x00018046     0x2c38 ./RTD/src/Siul2_Port_Ip.o
 .debug_info    0x0001ac7e      0x332 ./RTD/src/Tspc_Port_Ip.o
 .debug_info    0x0001afb0     0x22f4 ./board/Siul2_Port_Ip_Cfg.o
 .debug_info    0x0001d2a4       0x7d ./board/Tspc_Port_Ip_Cfg.o
 .debug_info    0x0001d321      0x4fd ./generate/src/Adc_Sar_Ip_VS_0_PBcfg.o
 .debug_info    0x0001d81e      0x422 ./generate/src/Bctu_Ip_VS_0_PBcfg.o
 .debug_info    0x0001dc40      0xe08 ./generate/src/Clock_Ip_Cfg.o
 .debug_info    0x0001ea48      0x54d ./generate/src/IntCtrl_Ip_Cfg.o
 .debug_info    0x0001ef95       0x7d ./generate/src/OsIf_Cfg.o
 .debug_info    0x0001f012     0x17fe ./src/main.o
 .debug_info    0x00020810       0x26 c:/nxp/s32ds.3.5/s32ds/build_tools/gcc_v10.2/gcc-10.2-arm32-eabi/bin/../lib/gcc/arm-none-eabi/10.2.0/thumb/v7e-m+fp/hard\libgcc.a(_aeabi_uldivmod.o)
 .debug_info    0x00020836      0x521 c:/nxp/s32ds.3.5/s32ds/build_tools/gcc_v10.2/gcc-10.2-arm32-eabi/bin/../lib/gcc/arm-none-eabi/10.2.0/thumb/v7e-m+fp/hard\libgcc.a(_udivmoddi4.o)
 .debug_info    0x00020d57       0x26 c:/nxp/s32ds.3.5/s32ds/build_tools/gcc_v10.2/gcc-10.2-arm32-eabi/bin/../lib/gcc/arm-none-eabi/10.2.0/thumb/v7e-m+fp/hard\libgcc.a(_dvmd_tls.o)

.debug_abbrev   0x00000000     0x3530
 .debug_abbrev  0x00000000       0x47 ./Project_Settings/Startup_Code/exceptions.o
 .debug_abbrev  0x00000047       0xff ./Project_Settings/Startup_Code/nvic.o
 .debug_abbrev  0x00000146       0xcb ./Project_Settings/Startup_Code/startup.o
 .debug_abbrev  0x00000211       0x12 ./Project_Settings/Startup_Code/startup_cm7.o
 .debug_abbrev  0x00000223      0x1b5 ./Project_Settings/Startup_Code/system.o
 .debug_abbrev  0x000003d8      0x2b5 ./RTD/src/Adc_Sar_Ip.o
 .debug_abbrev  0x0000068d       0x47 ./RTD/src/Adc_Sar_Ip_Irq.o
 .debug_abbrev  0x000006d4      0x23b ./RTD/src/Bctu_Ip.o
 .debug_abbrev  0x0000090f       0x47 ./RTD/src/Bctu_Ip_Irq.o
 .debug_abbrev  0x00000956      0x22d ./RTD/src/Clock_Ip.o
 .debug_abbrev  0x00000b83      0x14c ./RTD/src/Clock_Ip_Data.o
 .debug_abbrev  0x00000ccf      0x1d0 ./RTD/src/Clock_Ip_Divider.o
 .debug_abbrev  0x00000e9f      0x174 ./RTD/src/Clock_Ip_DividerTrigger.o
 .debug_abbrev  0x00001013      0x1ca ./RTD/src/Clock_Ip_ExtOsc.o
 .debug_abbrev  0x000011dd      0x14f ./RTD/src/Clock_Ip_FracDiv.o
 .debug_abbrev  0x0000132c       0x92 ./RTD/src/Clock_Ip_Frequency.o
 .debug_abbrev  0x000013be      0x174 ./RTD/src/Clock_Ip_Gate.o
 .debug_abbrev  0x00001532      0x1ce ./RTD/src/Clock_Ip_IntOsc.o
 .debug_abbrev  0x00001700       0x47 ./RTD/src/Clock_Ip_Irq.o
 .debug_abbrev  0x00001747      0x209 ./RTD/src/Clock_Ip_Monitor.o
 .debug_abbrev  0x00001950      0x1f9 ./RTD/src/Clock_Ip_Pll.o
 .debug_abbrev  0x00001b49      0x170 ./RTD/src/Clock_Ip_ProgFreqSwitch.o
 .debug_abbrev  0x00001cb9      0x206 ./RTD/src/Clock_Ip_Selector.o
 .debug_abbrev  0x00001ebf      0x260 ./RTD/src/Clock_Ip_Specific.o
 .debug_abbrev  0x0000211f      0x124 ./RTD/src/Det.o
 .debug_abbrev  0x00002243       0xbd ./RTD/src/Det_stub.o
 .debug_abbrev  0x00002300      0x1e1 ./RTD/src/IntCtrl_Ip.o
 .debug_abbrev  0x000024e1       0x29 ./RTD/src/OsIf_Interrupts.o
 .debug_abbrev  0x0000250a      0x15a ./RTD/src/OsIf_Timer.o
 .debug_abbrev  0x00002664       0x29 ./RTD/src/OsIf_Timer_System.o
 .debug_abbrev  0x0000268d      0x10b ./RTD/src/OsIf_Timer_System_Internal_Systick.o
 .debug_abbrev  0x00002798       0xc0 ./RTD/src/SchM_Adc.o
 .debug_abbrev  0x00002858       0xc0 ./RTD/src/SchM_Mcu.o
 .debug_abbrev  0x00002918       0xc0 ./RTD/src/SchM_Port.o
 .debug_abbrev  0x000029d8      0x23d ./RTD/src/Siul2_Port_Ip.o
 .debug_abbrev  0x00002c15       0xfd ./RTD/src/Tspc_Port_Ip.o
 .debug_abbrev  0x00002d12      0x146 ./board/Siul2_Port_Ip_Cfg.o
 .debug_abbrev  0x00002e58       0x29 ./board/Tspc_Port_Ip_Cfg.o
 .debug_abbrev  0x00002e81       0xe1 ./generate/src/Adc_Sar_Ip_VS_0_PBcfg.o
 .debug_abbrev  0x00002f62       0xff ./generate/src/Bctu_Ip_VS_0_PBcfg.o
 .debug_abbrev  0x00003061      0x103 ./generate/src/Clock_Ip_Cfg.o
 .debug_abbrev  0x00003164       0xc5 ./generate/src/IntCtrl_Ip_Cfg.o
 .debug_abbrev  0x00003229       0x29 ./generate/src/OsIf_Cfg.o
 .debug_abbrev  0x00003252      0x194 ./src/main.o
 .debug_abbrev  0x000033e6       0x14 c:/nxp/s32ds.3.5/s32ds/build_tools/gcc_v10.2/gcc-10.2-arm32-eabi/bin/../lib/gcc/arm-none-eabi/10.2.0/thumb/v7e-m+fp/hard\libgcc.a(_aeabi_uldivmod.o)
 .debug_abbrev  0x000033fa      0x122 c:/nxp/s32ds.3.5/s32ds/build_tools/gcc_v10.2/gcc-10.2-arm32-eabi/bin/../lib/gcc/arm-none-eabi/10.2.0/thumb/v7e-m+fp/hard\libgcc.a(_udivmoddi4.o)
 .debug_abbrev  0x0000351c       0x14 c:/nxp/s32ds.3.5/s32ds/build_tools/gcc_v10.2/gcc-10.2-arm32-eabi/bin/../lib/gcc/arm-none-eabi/10.2.0/thumb/v7e-m+fp/hard\libgcc.a(_dvmd_tls.o)

.debug_aranges  0x00000000     0x1570
 .debug_aranges
                0x00000000       0x68 ./Project_Settings/Startup_Code/exceptions.o
 .debug_aranges
                0x00000068       0x38 ./Project_Settings/Startup_Code/nvic.o
 .debug_aranges
                0x000000a0       0x28 ./Project_Settings/Startup_Code/startup.o
 .debug_aranges
                0x000000c8       0x28 ./Project_Settings/Startup_Code/startup_cm7.o
 .debug_aranges
                0x000000f0       0x40 ./Project_Settings/Startup_Code/system.o
 .debug_aranges
                0x00000130      0x220 ./RTD/src/Adc_Sar_Ip.o
 .debug_aranges
                0x00000350       0x30 ./RTD/src/Adc_Sar_Ip_Irq.o
 .debug_aranges
                0x00000380      0x128 ./RTD/src/Bctu_Ip.o
 .debug_aranges
                0x000004a8       0x20 ./RTD/src/Bctu_Ip_Irq.o
 .debug_aranges
                0x000004c8       0xb8 ./RTD/src/Clock_Ip.o
 .debug_aranges
                0x00000580       0x18 ./RTD/src/Clock_Ip_Data.o
 .debug_aranges
                0x00000598       0x38 ./RTD/src/Clock_Ip_Divider.o
 .debug_aranges
                0x000005d0       0x30 ./RTD/src/Clock_Ip_DividerTrigger.o
 .debug_aranges
                0x00000600       0x78 ./RTD/src/Clock_Ip_ExtOsc.o
 .debug_aranges
                0x00000678       0x28 ./RTD/src/Clock_Ip_FracDiv.o
 .debug_aranges
                0x000006a0       0x20 ./RTD/src/Clock_Ip_Frequency.o
 .debug_aranges
                0x000006c0       0x38 ./RTD/src/Clock_Ip_Gate.o
 .debug_aranges
                0x000006f8       0x60 ./RTD/src/Clock_Ip_IntOsc.o
 .debug_aranges
                0x00000758       0x20 ./RTD/src/Clock_Ip_Irq.o
 .debug_aranges
                0x00000778       0x60 ./RTD/src/Clock_Ip_Monitor.o
 .debug_aranges
                0x000007d8       0x50 ./RTD/src/Clock_Ip_Pll.o
 .debug_aranges
                0x00000828       0x28 ./RTD/src/Clock_Ip_ProgFreqSwitch.o
 .debug_aranges
                0x00000850       0x60 ./RTD/src/Clock_Ip_Selector.o
 .debug_aranges
                0x000008b0       0x90 ./RTD/src/Clock_Ip_Specific.o
 .debug_aranges
                0x00000940       0x40 ./RTD/src/Det.o
 .debug_aranges
                0x00000980       0x48 ./RTD/src/Det_stub.o
 .debug_aranges
                0x000009c8       0xe8 ./RTD/src/IntCtrl_Ip.o
 .debug_aranges
                0x00000ab0       0x18 ./RTD/src/OsIf_Interrupts.o
 .debug_aranges
                0x00000ac8       0x68 ./RTD/src/OsIf_Timer.o
 .debug_aranges
                0x00000b30       0x18 ./RTD/src/OsIf_Timer_System.o
 .debug_aranges
                0x00000b48       0x30 ./RTD/src/OsIf_Timer_System_Internal_Systick.o
 .debug_aranges
                0x00000b78      0x640 ./RTD/src/SchM_Adc.o
 .debug_aranges
                0x000011b8       0x50 ./RTD/src/SchM_Mcu.o
 .debug_aranges
                0x00001208      0x1e0 ./RTD/src/SchM_Port.o
 .debug_aranges
                0x000013e8       0x78 ./RTD/src/Siul2_Port_Ip.o
 .debug_aranges
                0x00001460       0x40 ./RTD/src/Tspc_Port_Ip.o
 .debug_aranges
                0x000014a0       0x18 ./board/Siul2_Port_Ip_Cfg.o
 .debug_aranges
                0x000014b8       0x18 ./board/Tspc_Port_Ip_Cfg.o
 .debug_aranges
                0x000014d0       0x18 ./generate/src/Adc_Sar_Ip_VS_0_PBcfg.o
 .debug_aranges
                0x000014e8       0x18 ./generate/src/Bctu_Ip_VS_0_PBcfg.o
 .debug_aranges
                0x00001500       0x18 ./generate/src/Clock_Ip_Cfg.o
 .debug_aranges
                0x00001518       0x18 ./generate/src/IntCtrl_Ip_Cfg.o
 .debug_aranges
                0x00001530       0x18 ./generate/src/OsIf_Cfg.o
 .debug_aranges
                0x00001548       0x28 ./src/main.o

.debug_ranges   0x00000000     0x1358
 .debug_ranges  0x00000000       0x58 ./Project_Settings/Startup_Code/exceptions.o
 .debug_ranges  0x00000058       0x28 ./Project_Settings/Startup_Code/nvic.o
 .debug_ranges  0x00000080       0x18 ./Project_Settings/Startup_Code/startup.o
 .debug_ranges  0x00000098       0x20 ./Project_Settings/Startup_Code/startup_cm7.o
 .debug_ranges  0x000000b8       0x30 ./Project_Settings/Startup_Code/system.o
 .debug_ranges  0x000000e8      0x210 ./RTD/src/Adc_Sar_Ip.o
 .debug_ranges  0x000002f8       0x20 ./RTD/src/Adc_Sar_Ip_Irq.o
 .debug_ranges  0x00000318      0x118 ./RTD/src/Bctu_Ip.o
 .debug_ranges  0x00000430       0x10 ./RTD/src/Bctu_Ip_Irq.o
 .debug_ranges  0x00000440       0xa8 ./RTD/src/Clock_Ip.o
 .debug_ranges  0x000004e8       0x28 ./RTD/src/Clock_Ip_Divider.o
 .debug_ranges  0x00000510       0x20 ./RTD/src/Clock_Ip_DividerTrigger.o
 .debug_ranges  0x00000530       0x68 ./RTD/src/Clock_Ip_ExtOsc.o
 .debug_ranges  0x00000598       0x18 ./RTD/src/Clock_Ip_FracDiv.o
 .debug_ranges  0x000005b0       0x10 ./RTD/src/Clock_Ip_Frequency.o
 .debug_ranges  0x000005c0       0x28 ./RTD/src/Clock_Ip_Gate.o
 .debug_ranges  0x000005e8       0x50 ./RTD/src/Clock_Ip_IntOsc.o
 .debug_ranges  0x00000638       0x10 ./RTD/src/Clock_Ip_Irq.o
 .debug_ranges  0x00000648       0x50 ./RTD/src/Clock_Ip_Monitor.o
 .debug_ranges  0x00000698       0x40 ./RTD/src/Clock_Ip_Pll.o
 .debug_ranges  0x000006d8       0x18 ./RTD/src/Clock_Ip_ProgFreqSwitch.o
 .debug_ranges  0x000006f0       0x50 ./RTD/src/Clock_Ip_Selector.o
 .debug_ranges  0x00000740       0x80 ./RTD/src/Clock_Ip_Specific.o
 .debug_ranges  0x000007c0       0x30 ./RTD/src/Det.o
 .debug_ranges  0x000007f0       0x38 ./RTD/src/Det_stub.o
 .debug_ranges  0x00000828       0xd8 ./RTD/src/IntCtrl_Ip.o
 .debug_ranges  0x00000900       0x58 ./RTD/src/OsIf_Timer.o
 .debug_ranges  0x00000958       0x20 ./RTD/src/OsIf_Timer_System_Internal_Systick.o
 .debug_ranges  0x00000978      0x630 ./RTD/src/SchM_Adc.o
 .debug_ranges  0x00000fa8       0x40 ./RTD/src/SchM_Mcu.o
 .debug_ranges  0x00000fe8      0x1d0 ./RTD/src/SchM_Port.o
 .debug_ranges  0x000011b8       0x68 ./RTD/src/Siul2_Port_Ip.o
 .debug_ranges  0x00001220       0x30 ./RTD/src/Tspc_Port_Ip.o
 .debug_ranges  0x00001250       0x18 ./src/main.o
 .debug_ranges  0x00001268       0xf0 c:/nxp/s32ds.3.5/s32ds/build_tools/gcc_v10.2/gcc-10.2-arm32-eabi/bin/../lib/gcc/arm-none-eabi/10.2.0/thumb/v7e-m+fp/hard\libgcc.a(_udivmoddi4.o)

.debug_macro    0x00000000    0x5ba69
 .debug_macro   0x00000000      0x164 ./Project_Settings/Startup_Code/exceptions.o
 .debug_macro   0x00000164      0xa9c ./Project_Settings/Startup_Code/exceptions.o
 .debug_macro   0x00000c00       0x22 ./Project_Settings/Startup_Code/exceptions.o
 .debug_macro   0x00000c22       0x56 ./Project_Settings/Startup_Code/exceptions.o