../stacks/tcpip/code/ports/netif/gmacif/rtd/gmacif.c:458:14:gmacif_low_level_output	264	static
../stacks/tcpip/code/ports/netif/gmacif/rtd/gmacif.c:608:14:gmacif_input	32	static
../stacks/tcpip/code/ports/netif/gmacif/rtd/gmacif.c:638:13:gmacif_low_level_init	48	static
../stacks/tcpip/code/ports/netif/gmacif/rtd/gmacif.c:743:7:gmac_ethernetif_init	24	static
../stacks/tcpip/code/ports/netif/gmacif/rtd/gmacif.c:811:6:gmac_ethernetif_shutdown	16	static
../stacks/tcpip/code/ports/netif/gmacif/rtd/gmacif.c:858:7:mld_gmac_filter	32	static
../stacks/tcpip/code/ports/netif/gmacif/rtd/gmacif.c:900:7:igmp_gmac_filter	32	static
../stacks/tcpip/code/ports/netif/gmacif/rtd/gmacif.c:937:6:gmacif_register_rx_buff_process_condition_handler	8	static
../stacks/tcpip/code/ports/netif/gmacif/rtd/gmacif.c:942:6:memcpy_64	16	static
../stacks/tcpip/code/ports/netif/gmacif/rtd/gmacif.c:950:6:memcpy_custom	48	static
../stacks/tcpip/code/ports/netif/gmacif/rtd/gmacif.c:990:6:GmacIf_RxNotification	72	static
../stacks/tcpip/code/ports/netif/gmacif/rtd/gmacif.c:1041:6:GmacIf_TxNotification	24	static
