../RTD/src/Bctu_Ip.c:219:6:Bctu_Ip_Init	32	static
../RTD/src/Bctu_Ip.c:278:20:Bctu_Ip_Deinit	96	static
../RTD/src/Bctu_Ip.c:368:6:Bctu_Ip_SetGlobalTriggerEn	24	static
../RTD/src/Bctu_Ip.c:400:6:Bctu_Ip_SetLowPowerMode	24	static
../RTD/src/Bctu_Ip.c:432:8:Bctu_Ip_GetStatusFlags	24	static
../RTD/src/Bctu_Ip.c:484:6:Bctu_Ip_ClearStatusFlags	32	static
../RTD/src/Bctu_Ip.c:546:20:Bctu_Ip_ConfigTrigger	32	static
../RTD/src/Bctu_Ip.c:630:20:Bctu_Ip_SetTriggerChnListAddr	32	static
../RTD/src/Bctu_Ip.c:669:6:Bctu_Ip_EnableHwTrigger	24	static
../RTD/src/Bctu_Ip.c:698:6:Bctu_Ip_DisableHwTrigger	24	static
../RTD/src/Bctu_Ip.c:729:6:Bctu_Ip_StopLoopConversions	24	static
../RTD/src/Bctu_Ip.c:761:6:Bctu_Ip_ConfigChanList	32	static
../RTD/src/Bctu_Ip.c:792:6:Bctu_Ip_ConfigChanListSimple	32	static
../RTD/src/Bctu_Ip.c:819:20:Bctu_ConfigMultiAdcSubLists	32	static
../RTD/src/Bctu_Ip.c:850:6:Bctu_Ip_SwTriggerConversion	24	static
../RTD/src/Bctu_Ip.c:902:8:Bctu_Ip_GetConvData	24	static
../RTD/src/Bctu_Ip.c:928:6:Bctu_Ip_GetConvResult	32	static
../RTD/src/Bctu_Ip.c:960:8:Bctu_Ip_GetFifoData	32	static
../RTD/src/Bctu_Ip.c:1005:6:Bctu_Ip_GetFifoResult	40	static
../RTD/src/Bctu_Ip.c:1053:6:Bctu_Ip_EnableNotifications	24	static
../RTD/src/Bctu_Ip.c:1095:6:Bctu_Ip_DisableNotifications	24	static
../RTD/src/Bctu_Ip.c:1136:6:Bctu_Ip_SetFifoWatermark	24	static
../RTD/src/Bctu_Ip.c:1174:7:Bctu_Ip_GetFifoCount	16	static
../RTD/src/Bctu_Ip.c:1211:22:Bctu_CollectMcrMasks	24	static
../RTD/src/Bctu_Ip.c:1244:22:Bctu_GetBitmask	8	static
../RTD/src/Bctu_Ip.c:1257:34:Bctu_PrepareReconfigNonBlocking	24	static
../RTD/src/Bctu_Ip.c:1296:34:Bctu_PrepareReconfigBlocking	32	static
../RTD/src/Bctu_Ip.c:1343:20:Bctu_SetConvListElemWithTag	32	static
../RTD/src/Bctu_Ip.c:1379:20:Bctu_SetConvListLastElement	24	static
../RTD/src/Bctu_Ip.c:1405:20:Bctu_CheckAndCallNotification	24	static
../RTD/src/Bctu_Ip.c:1430:20:Bctu_CheckAndCallFifoNotification	40	static
../RTD/src/Bctu_Ip.c:1564:6:Bctu_Ip_IRQHandler	48	static
../RTD/src/Bctu_Ip.c:1616:20:Bctu_ConfigAndUpdateFifoNotification	48	static
../RTD/src/Bctu_Ip.c:1662:22:Bctu_GetResolutionScaledResult	16	static
