../RTD/include/Emios_Pwm_Ip_HwAccess.h:222:20:Emios_Pwm_Ip_SetUCRegA	8	static
../RTD/include/Emios_Pwm_Ip_HwAccess.h:235:22:Emios_Pwm_Ip_GetUCRegA	8	static
../RTD/include/Emios_Pwm_Ip_HwAccess.h:248:20:Emios_Pwm_Ip_SetUCRegB	8	static
../RTD/include/Emios_Pwm_Ip_HwAccess.h:261:22:Emios_Pwm_Ip_GetUCRegB	8	static
../RTD/include/Emios_Pwm_Ip_HwAccess.h:523:41:Emios_Pwm_Ip_GetEdgePolarity	8	static
../RTD/include/Emios_Pwm_Ip_HwAccess.h:655:23:Emios_Pwm_Ip_GetOutputPinState	8	static
../RTD/include/Emios_Pwm_Ip_HwAccess.h:666:20:Emios_Pwm_Ip_ClearFlagEvent	8	static
../RTD/src/Emios_Pwm_Ip_Irq.c:201:13:Emios_Pwm_Ip_IrqDaocHandler	32	static
../RTD/src/Emios_Pwm_Ip_Irq.c:256:6:Emios_Pwm_Ip_IrqHandler	16	static
