../RTD/include/Emios_Pwm_Ip_HwAccess.h:150:23:Emios_Pwm_Ip_GetDebugMode	8	static
../RTD/include/Emios_Pwm_Ip_HwAccess.h:162:20:Emios_Pwm_Ip_SetOutputUpdate	8	static
../RTD/include/Emios_Pwm_Ip_HwAccess.h:184:22:Emios_Pwm_Ip_GetOutputUpdateInstance	8	static
../RTD/include/Emios_Pwm_Ip_HwAccess.h:222:20:Emios_Pwm_Ip_SetUCRegA	8	static
../RTD/include/Emios_Pwm_Ip_HwAccess.h:235:22:Emios_Pwm_Ip_GetUCRegA	8	static
../RTD/include/Emios_Pwm_Ip_HwAccess.h:248:20:Emios_Pwm_Ip_SetUCRegB	8	static
../RTD/include/Emios_Pwm_Ip_HwAccess.h:261:22:Emios_Pwm_Ip_GetUCRegB	8	static
../RTD/include/Emios_Pwm_Ip_HwAccess.h:289:20:Emios_Pwm_Ip_SetFreezeEnable	16	static
../RTD/include/Emios_Pwm_Ip_HwAccess.h:303:20:Emios_Pwm_Ip_SetOutDisable	16	static
../RTD/include/Emios_Pwm_Ip_HwAccess.h:317:20:Emios_Pwm_Ip_SetOutDisableSource	16	static
../RTD/include/Emios_Pwm_Ip_HwAccess.h:332:20:Emios_Pwm_Ip_SetPrescalerEnable	16	static
../RTD/include/Emios_Pwm_Ip_HwAccess.h:350:20:Emios_Pwm_Ip_SetDMARequest	16	static
../RTD/include/Emios_Pwm_Ip_HwAccess.h:366:23:Emios_Pwm_Ip_GetDMARequest	8	static
../RTD/include/Emios_Pwm_Ip_HwAccess.h:380:20:Emios_Pwm_Ip_SetInterruptRequest	16	static
../RTD/include/Emios_Pwm_Ip_HwAccess.h:396:23:Emios_Pwm_Ip_GetInterruptRequest	8	static
../RTD/include/Emios_Pwm_Ip_HwAccess.h:410:20:Emios_Pwm_Ip_SetForceMatchA	16	static
../RTD/include/Emios_Pwm_Ip_HwAccess.h:426:20:Emios_Pwm_Ip_SetForceMatchB	16	static
../RTD/include/Emios_Pwm_Ip_HwAccess.h:440:20:Emios_Pwm_Ip_SetCounterBus	16	static
../RTD/include/Emios_Pwm_Ip_HwAccess.h:453:49:Emios_Pwm_Ip_GetCounterBus	16	static
../RTD/include/Emios_Pwm_Ip_HwAccess.h:481:21:Emios_Pwm_Ip_GetTimebaseChannel	16	static
../RTD/include/Emios_Pwm_Ip_HwAccess.h:510:20:Emios_Pwm_Ip_SetEdgePolarity	16	static
../RTD/include/Emios_Pwm_Ip_HwAccess.h:535:20:Emios_Pwm_Ip_SetPwmMode	16	static
../RTD/include/Emios_Pwm_Ip_HwAccess.h:550:20:Emios_Pwm_Ip_SetPwmModePol	16	static
../RTD/include/Emios_Pwm_Ip_HwAccess.h:564:46:Emios_Pwm_Ip_GetChannelPwmMode	16	static
../RTD/include/Emios_Pwm_Ip_HwAccess.h:655:23:Emios_Pwm_Ip_GetOutputPinState	8	static
../RTD/include/Emios_Pwm_Ip_HwAccess.h:666:20:Emios_Pwm_Ip_ClearFlagEvent	8	static
../RTD/include/Emios_Pwm_Ip_HwAccess.h:696:20:Emios_Pwm_Ip_SetTrigger	8	static
../RTD/include/Emios_Pwm_Ip_HwAccess.h:709:22:Emios_Pwm_Ip_GetTrigger	8	static
../RTD/include/Emios_Pwm_Ip_HwAccess.h:722:20:Emios_Pwm_Ip_SetExtendedPrescaler	16	static
../RTD/include/Emios_Pwm_Ip_HwAccess.h:737:20:Emios_Pwm_Ip_SetPrescalerSource	16	static
../RTD/src/Emios_Pwm_Ip.c:245:22:Emios_Pwm_Ip_GetCounterBusPeriod	24	static
../RTD/src/Emios_Pwm_Ip.c:274:46:Emios_Pwm_Ip_GetCounterBusMode	24	static
../RTD/src/Emios_Pwm_Ip.c:308:13:Emios_Pwm_Ip_InitPeriodDutyCycleMode	24	static
../RTD/src/Emios_Pwm_Ip.c:366:39:Emios_Pwm_Ip_SetDutyCycleOpwfmb	24	static
../RTD/src/Emios_Pwm_Ip.c:437:13:Emios_Pwm_Ip_InitDeadTimeMode	24	static
../RTD/src/Emios_Pwm_Ip.c:512:39:Emios_Pwm_Ip_SetDutyCycleOpwmcb	32	static
../RTD/src/Emios_Pwm_Ip.c:583:13:Emios_Pwm_Ip_InitEdgePlacementMode	24	static
../RTD/src/Emios_Pwm_Ip.c:643:39:Emios_Pwm_Ip_SetDutyCycleOpwmb	32	static
../RTD/src/Emios_Pwm_Ip.c:708:13:Emios_Pwm_Ip_InitTriggerMode	32	static
../RTD/src/Emios_Pwm_Ip.c:804:39:Emios_Pwm_Ip_SetDutyCycleOpwmt	32	static
../RTD/src/Emios_Pwm_Ip.c:856:20:Emios_Pwm_Ip_InitDCModeWithDuty	24	static
../RTD/src/Emios_Pwm_Ip.c:923:13:Emios_Pwm_Ip_InitDoubleCompareMode	24	static
../RTD/src/Emios_Pwm_Ip.c:972:39:Emios_Pwm_Ip_SetDutyCycleDaoc	32	static
../RTD/src/Emios_Pwm_Ip.c:1058:20:Emios_Pwm_Ip_InitOutputIrqAndMode	24	static
../RTD/src/Emios_Pwm_Ip.c:1154:6:Emios_Pwm_Ip_InitChannel	24	static
../RTD/src/Emios_Pwm_Ip.c:1239:6:Emios_Pwm_Ip_DeInitChannel	32	static
../RTD/src/Emios_Pwm_Ip.c:1295:6:Emios_Pwm_Ip_ForceMatchLeadingEdge	24	static
../RTD/src/Emios_Pwm_Ip.c:1322:6:Emios_Pwm_Ip_ForceMatchTrailingEdge	24	static
../RTD/src/Emios_Pwm_Ip.c:1344:8:Emios_Pwm_Ip_GetPeriod	32	static
../RTD/src/Emios_Pwm_Ip.c:1408:6:Emios_Pwm_Ip_SetPeriod	24	static
../RTD/src/Emios_Pwm_Ip.c:1450:8:Emios_Pwm_Ip_GetDutyCycle	16	static
../RTD/src/Emios_Pwm_Ip.c:1471:25:Emios_Pwm_Ip_SetDutyCycle	24	static
../RTD/src/Emios_Pwm_Ip.c:1532:8:Emios_Pwm_Ip_GetPhaseShift	24	static
../RTD/src/Emios_Pwm_Ip.c:1558:25:Emios_Pwm_Ip_SetPhaseShift	40	static
../RTD/src/Emios_Pwm_Ip.c:1634:8:Emios_Pwm_Ip_GetDeadTime	24	static
../RTD/src/Emios_Pwm_Ip.c:1660:6:Emios_Pwm_Ip_SetDeadTime	24	static
../RTD/src/Emios_Pwm_Ip.c:1687:8:Emios_Pwm_Ip_GetTriggerPlacement	24	static
../RTD/src/Emios_Pwm_Ip.c:1710:6:Emios_Pwm_Ip_SetTriggerPlacement	24	static
../RTD/src/Emios_Pwm_Ip.c:1753:25:Emios_Pwm_Ip_ChannelEnterDebugMode	24	static
../RTD/src/Emios_Pwm_Ip.c:1782:6:Emios_Pwm_Ip_ChannelStopDebugMode	24	static
../RTD/src/Emios_Pwm_Ip.c:1803:28:Emios_Pwm_Ip_GetFlagRequest	24	static
../RTD/src/Emios_Pwm_Ip.c:1835:6:Emios_Pwm_Ip_SetFlagRequest	24	static
../RTD/src/Emios_Pwm_Ip.c:1883:30:Emios_Pwm_Ip_GetOutputState	24	static
../RTD/src/Emios_Pwm_Ip.c:1902:6:Emios_Pwm_Ip_SetOutputState	24	static
../RTD/src/Emios_Pwm_Ip.c:1941:6:Emios_Pwm_Ip_SetOutputToNormal	24	static
../RTD/src/Emios_Pwm_Ip.c:2008:26:Emios_Pwm_Ip_GetChannelMode	16	static
../RTD/src/Emios_Pwm_Ip.c:2028:7:Emios_Pwm_Ip_GetMasterBusChannel	32	static
../RTD/src/Emios_Pwm_Ip.c:2066:6:Emios_Pwm_Ip_SetPreEnableClock	24	static
../RTD/src/Emios_Pwm_Ip.c:2088:6:Emios_Pwm_Ip_SetBusSelected	24	static
../RTD/src/Emios_Pwm_Ip.c:2109:6:Emios_Pwm_Ip_SetClockPs	24	static
../RTD/src/Emios_Pwm_Ip.c:2134:6:Emios_Pwm_Ip_ComparatorTransferEnable	16	static
../RTD/src/Emios_Pwm_Ip.c:2152:6:Emios_Pwm_Ip_ComparatorTransferDisable	16	static
../RTD/src/Emios_Pwm_Ip.c:2171:6:Emios_Pwm_Ip_SyncUpdate	40	static
