../RTD/src/Pit_Ip.c:311:8:Pit_Ip_GetLoadValue	16	static
../RTD/src/Pit_Ip.c:341:8:Pit_Ip_GetInterruptFlags	16	static
../RTD/src/Pit_Ip.c:371:20:Pit_Ip_EnableModule	8	static
../RTD/src/Pit_Ip.c:399:20:Pit_Ip_EnableTimer	16	static
../RTD/src/Pit_Ip.c:449:20:Pit_Ip_SetDebugMode	8	static
../RTD/src/Pit_Ip.c:472:20:Pit_Ip_SetChainMode	16	static
../RTD/src/Pit_Ip.c:499:20:Pit_Ip_Reset	32	static
../RTD/src/Pit_Ip.c:560:23:Pit_Ip_IsChannelRunning	16	static
../RTD/src/Pit_Ip.c:591:20:Pit_Ip_SetCounterValue	8	static
../RTD/src/Pit_Ip.c:619:22:Pit_Ip_GetCounterValue	16	static
../RTD/src/Pit_Ip.c:649:20:Pit_Ip_EnableInterrupt	16	static
../RTD/src/Pit_Ip.c:696:20:Pit_Ip_ClearInterruptFlag	16	static
../RTD/src/Pit_Ip.c:729:22:Pit_Ip_GetInterruptBit	16	static
../RTD/src/Pit_Ip.c:756:22:Pit_Ip_GetUpperLifetimerValue	16	static
../RTD/src/Pit_Ip.c:772:22:Pit_Ip_GetLowerLifetimerValue	16	static
../RTD/src/Pit_Ip.c:852:13:Pit_Ip_ProcessCommonInterrupt	24	static
../RTD/src/Pit_Ip.c:916:6:Pit_Ip_Init	16	static
../RTD/src/Pit_Ip.c:971:6:Pit_Ip_InitChannel	16	static
../RTD/src/Pit_Ip.c:1023:6:Pit_Ip_Deinit	24	static
../RTD/src/Pit_Ip.c:1152:19:Pit_Ip_StartChannel	24	static
../RTD/src/Pit_Ip.c:1220:6:Pit_Ip_StopChannel	16	static
../RTD/src/Pit_Ip.c:1248:8:Pit_Ip_GetCurrentTimer	32	static
../RTD/src/Pit_Ip.c:1278:6:Pit_Ip_EnableChannelInterrupt	16	static
../RTD/src/Pit_Ip.c:1304:6:Pit_Ip_DisableChannelInterrupt	16	static
../RTD/src/Pit_Ip.c:1406:6:Pit_Ip_SetLifetimeTimer	16	static
../RTD/src/Pit_Ip.c:1445:8:Pit_Ip_GetLifetimeTimer	56	static
../RTD/src/Pit_Ip.c:1492:1:PIT_0_ISR	16	static
