../RTD/src/SchM_Gpt.c:391:8:Gpt_schm_read_msr	4	static
../RTD/src/SchM_Gpt.c:475:6:SchM_Enter_Gpt_GPT_EXCLUSIVE_AREA_00	16	static
../RTD/src/SchM_Gpt.c:497:6:SchM_Exit_Gpt_GPT_EXCLUSIVE_AREA_00	16	static
../RTD/src/SchM_Gpt.c:511:6:SchM_Enter_Gpt_GPT_EXCLUSIVE_AREA_01	16	static
../RTD/src/SchM_Gpt.c:533:6:SchM_Exit_Gpt_GPT_EXCLUSIVE_AREA_01	16	static
../RTD/src/SchM_Gpt.c:547:6:SchM_Enter_Gpt_GPT_EXCLUSIVE_AREA_02	16	static
../RTD/src/SchM_Gpt.c:569:6:SchM_Exit_Gpt_GPT_EXCLUSIVE_AREA_02	16	static
../RTD/src/SchM_Gpt.c:583:6:SchM_Enter_Gpt_GPT_EXCLUSIVE_AREA_03	16	static
../RTD/src/SchM_Gpt.c:605:6:SchM_Exit_Gpt_GPT_EXCLUSIVE_AREA_03	16	static
../RTD/src/SchM_Gpt.c:619:6:SchM_Enter_Gpt_GPT_EXCLUSIVE_AREA_04	16	static
../RTD/src/SchM_Gpt.c:641:6:SchM_Exit_Gpt_GPT_EXCLUSIVE_AREA_04	16	static
../RTD/src/SchM_Gpt.c:655:6:SchM_Enter_Gpt_GPT_EXCLUSIVE_AREA_05	16	static
../RTD/src/SchM_Gpt.c:677:6:SchM_Exit_Gpt_GPT_EXCLUSIVE_AREA_05	16	static
../RTD/src/SchM_Gpt.c:691:6:SchM_Enter_Gpt_GPT_EXCLUSIVE_AREA_06	16	static
../RTD/src/SchM_Gpt.c:713:6:SchM_Exit_Gpt_GPT_EXCLUSIVE_AREA_06	16	static
../RTD/src/SchM_Gpt.c:727:6:SchM_Enter_Gpt_GPT_EXCLUSIVE_AREA_07	16	static
../RTD/src/SchM_Gpt.c:749:6:SchM_Exit_Gpt_GPT_EXCLUSIVE_AREA_07	16	static
../RTD/src/SchM_Gpt.c:763:6:SchM_Enter_Gpt_GPT_EXCLUSIVE_AREA_10	16	static
../RTD/src/SchM_Gpt.c:785:6:SchM_Exit_Gpt_GPT_EXCLUSIVE_AREA_10	16	static
../RTD/src/SchM_Gpt.c:799:6:SchM_Enter_Gpt_GPT_EXCLUSIVE_AREA_11	16	static
../RTD/src/SchM_Gpt.c:821:6:SchM_Exit_Gpt_GPT_EXCLUSIVE_AREA_11	16	static
../RTD/src/SchM_Gpt.c:835:6:SchM_Enter_Gpt_GPT_EXCLUSIVE_AREA_12	16	static
../RTD/src/SchM_Gpt.c:857:6:SchM_Exit_Gpt_GPT_EXCLUSIVE_AREA_12	16	static
../RTD/src/SchM_Gpt.c:871:6:SchM_Enter_Gpt_GPT_EXCLUSIVE_AREA_17	16	static
../RTD/src/SchM_Gpt.c:893:6:SchM_Exit_Gpt_GPT_EXCLUSIVE_AREA_17	16	static
../RTD/src/SchM_Gpt.c:907:6:SchM_Enter_Gpt_GPT_EXCLUSIVE_AREA_21	16	static
../RTD/src/SchM_Gpt.c:929:6:SchM_Exit_Gpt_GPT_EXCLUSIVE_AREA_21	16	static
../RTD/src/SchM_Gpt.c:943:6:SchM_Enter_Gpt_GPT_EXCLUSIVE_AREA_22	16	static
../RTD/src/SchM_Gpt.c:965:6:SchM_Exit_Gpt_GPT_EXCLUSIVE_AREA_22	16	static
../RTD/src/SchM_Gpt.c:979:6:SchM_Enter_Gpt_GPT_EXCLUSIVE_AREA_23	16	static
../RTD/src/SchM_Gpt.c:1001:6:SchM_Exit_Gpt_GPT_EXCLUSIVE_AREA_23	16	static
../RTD/src/SchM_Gpt.c:1015:6:SchM_Enter_Gpt_GPT_EXCLUSIVE_AREA_24	16	static
../RTD/src/SchM_Gpt.c:1037:6:SchM_Exit_Gpt_GPT_EXCLUSIVE_AREA_24	16	static
../RTD/src/SchM_Gpt.c:1051:6:SchM_Enter_Gpt_GPT_EXCLUSIVE_AREA_25	16	static
../RTD/src/SchM_Gpt.c:1073:6:SchM_Exit_Gpt_GPT_EXCLUSIVE_AREA_25	16	static
../RTD/src/SchM_Gpt.c:1087:6:SchM_Enter_Gpt_GPT_EXCLUSIVE_AREA_26	16	static
../RTD/src/SchM_Gpt.c:1109:6:SchM_Exit_Gpt_GPT_EXCLUSIVE_AREA_26	16	static
../RTD/src/SchM_Gpt.c:1123:6:SchM_Enter_Gpt_GPT_EXCLUSIVE_AREA_27	16	static
../RTD/src/SchM_Gpt.c:1145:6:SchM_Exit_Gpt_GPT_EXCLUSIVE_AREA_27	16	static
../RTD/src/SchM_Gpt.c:1159:6:SchM_Enter_Gpt_GPT_EXCLUSIVE_AREA_28	16	static
../RTD/src/SchM_Gpt.c:1181:6:SchM_Exit_Gpt_GPT_EXCLUSIVE_AREA_28	16	static
../RTD/src/SchM_Gpt.c:1195:6:SchM_Enter_Gpt_GPT_EXCLUSIVE_AREA_29	16	static
../RTD/src/SchM_Gpt.c:1217:6:SchM_Exit_Gpt_GPT_EXCLUSIVE_AREA_29	16	static
../RTD/src/SchM_Gpt.c:1231:6:SchM_Enter_Gpt_GPT_EXCLUSIVE_AREA_30	16	static
../RTD/src/SchM_Gpt.c:1253:6:SchM_Exit_Gpt_GPT_EXCLUSIVE_AREA_30	16	static
../RTD/src/SchM_Gpt.c:1267:6:SchM_Enter_Gpt_GPT_EXCLUSIVE_AREA_31	16	static
../RTD/src/SchM_Gpt.c:1289:6:SchM_Exit_Gpt_GPT_EXCLUSIVE_AREA_31	16	static
../RTD/src/SchM_Gpt.c:1303:6:SchM_Enter_Gpt_GPT_EXCLUSIVE_AREA_35	16	static
../RTD/src/SchM_Gpt.c:1325:6:SchM_Exit_Gpt_GPT_EXCLUSIVE_AREA_35	16	static
../RTD/src/SchM_Gpt.c:1339:6:SchM_Enter_Gpt_GPT_EXCLUSIVE_AREA_36	16	static
../RTD/src/SchM_Gpt.c:1361:6:SchM_Exit_Gpt_GPT_EXCLUSIVE_AREA_36	16	static
../RTD/src/SchM_Gpt.c:1375:6:SchM_Enter_Gpt_GPT_EXCLUSIVE_AREA_38	16	static
../RTD/src/SchM_Gpt.c:1397:6:SchM_Exit_Gpt_GPT_EXCLUSIVE_AREA_38	16	static
../RTD/src/SchM_Gpt.c:1411:6:SchM_Enter_Gpt_GPT_EXCLUSIVE_AREA_39	16	static
../RTD/src/SchM_Gpt.c:1433:6:SchM_Exit_Gpt_GPT_EXCLUSIVE_AREA_39	16	static
../RTD/src/SchM_Gpt.c:1447:6:SchM_Enter_Gpt_GPT_EXCLUSIVE_AREA_40	16	static
../RTD/src/SchM_Gpt.c:1469:6:SchM_Exit_Gpt_GPT_EXCLUSIVE_AREA_40	16	static
../RTD/src/SchM_Gpt.c:1483:6:SchM_Enter_Gpt_GPT_EXCLUSIVE_AREA_41	16	static
../RTD/src/SchM_Gpt.c:1505:6:SchM_Exit_Gpt_GPT_EXCLUSIVE_AREA_41	16	static
../RTD/src/SchM_Gpt.c:1519:6:SchM_Enter_Gpt_GPT_EXCLUSIVE_AREA_42	16	static
../RTD/src/SchM_Gpt.c:1541:6:SchM_Exit_Gpt_GPT_EXCLUSIVE_AREA_42	16	static
../RTD/src/SchM_Gpt.c:1555:6:SchM_Enter_Gpt_GPT_EXCLUSIVE_AREA_43	16	static
../RTD/src/SchM_Gpt.c:1577:6:SchM_Exit_Gpt_GPT_EXCLUSIVE_AREA_43	16	static
../RTD/src/SchM_Gpt.c:1591:6:SchM_Enter_Gpt_GPT_EXCLUSIVE_AREA_44	16	static
../RTD/src/SchM_Gpt.c:1613:6:SchM_Exit_Gpt_GPT_EXCLUSIVE_AREA_44	16	static
../RTD/src/SchM_Gpt.c:1627:6:SchM_Enter_Gpt_GPT_EXCLUSIVE_AREA_45	16	static
../RTD/src/SchM_Gpt.c:1649:6:SchM_Exit_Gpt_GPT_EXCLUSIVE_AREA_45	16	static
../RTD/src/SchM_Gpt.c:1663:6:SchM_Enter_Gpt_GPT_EXCLUSIVE_AREA_46	16	static
../RTD/src/SchM_Gpt.c:1685:6:SchM_Exit_Gpt_GPT_EXCLUSIVE_AREA_46	16	static
../RTD/src/SchM_Gpt.c:1699:6:SchM_Enter_Gpt_GPT_EXCLUSIVE_AREA_50	16	static
../RTD/src/SchM_Gpt.c:1721:6:SchM_Exit_Gpt_GPT_EXCLUSIVE_AREA_50	16	static
../RTD/src/SchM_Gpt.c:1735:6:SchM_Enter_Gpt_GPT_EXCLUSIVE_AREA_51	16	static
../RTD/src/SchM_Gpt.c:1757:6:SchM_Exit_Gpt_GPT_EXCLUSIVE_AREA_51	16	static
../RTD/src/SchM_Gpt.c:1771:6:SchM_Enter_Gpt_GPT_EXCLUSIVE_AREA_52	16	static
../RTD/src/SchM_Gpt.c:1793:6:SchM_Exit_Gpt_GPT_EXCLUSIVE_AREA_52	16	static
../RTD/src/SchM_Gpt.c:1807:6:SchM_Enter_Gpt_GPT_EXCLUSIVE_AREA_53	16	static
../RTD/src/SchM_Gpt.c:1829:6:SchM_Exit_Gpt_GPT_EXCLUSIVE_AREA_53	16	static
../RTD/src/SchM_Gpt.c:1843:6:SchM_Enter_Gpt_GPT_EXCLUSIVE_AREA_54	16	static
../RTD/src/SchM_Gpt.c:1865:6:SchM_Exit_Gpt_GPT_EXCLUSIVE_AREA_54	16	static
../RTD/src/SchM_Gpt.c:1879:6:SchM_Enter_Gpt_GPT_EXCLUSIVE_AREA_55	16	static
../RTD/src/SchM_Gpt.c:1901:6:SchM_Exit_Gpt_GPT_EXCLUSIVE_AREA_55	16	static
../RTD/src/SchM_Gpt.c:1915:6:SchM_Enter_Gpt_GPT_EXCLUSIVE_AREA_56	16	static
../RTD/src/SchM_Gpt.c:1937:6:SchM_Exit_Gpt_GPT_EXCLUSIVE_AREA_56	16	static
../RTD/src/SchM_Gpt.c:1951:6:SchM_Enter_Gpt_GPT_EXCLUSIVE_AREA_60	16	static
../RTD/src/SchM_Gpt.c:1973:6:SchM_Exit_Gpt_GPT_EXCLUSIVE_AREA_60	16	static
../RTD/src/SchM_Gpt.c:1987:6:SchM_Enter_Gpt_GPT_EXCLUSIVE_AREA_61	16	static
../RTD/src/SchM_Gpt.c:2009:6:SchM_Exit_Gpt_GPT_EXCLUSIVE_AREA_61	16	static
../RTD/src/SchM_Gpt.c:2023:6:SchM_Enter_Gpt_GPT_EXCLUSIVE_AREA_62	16	static
../RTD/src/SchM_Gpt.c:2045:6:SchM_Exit_Gpt_GPT_EXCLUSIVE_AREA_62	16	static
../RTD/src/SchM_Gpt.c:2059:6:SchM_Enter_Gpt_GPT_EXCLUSIVE_AREA_63	16	static
../RTD/src/SchM_Gpt.c:2081:6:SchM_Exit_Gpt_GPT_EXCLUSIVE_AREA_63	16	static
../RTD/src/SchM_Gpt.c:2095:6:SchM_Enter_Gpt_GPT_EXCLUSIVE_AREA_64	16	static
../RTD/src/SchM_Gpt.c:2117:6:SchM_Exit_Gpt_GPT_EXCLUSIVE_AREA_64	16	static
../RTD/src/SchM_Gpt.c:2131:6:SchM_Enter_Gpt_GPT_EXCLUSIVE_AREA_65	16	static
../RTD/src/SchM_Gpt.c:2153:6:SchM_Exit_Gpt_GPT_EXCLUSIVE_AREA_65	16	static
../RTD/src/SchM_Gpt.c:2167:6:SchM_Enter_Gpt_GPT_EXCLUSIVE_AREA_66	16	static
../RTD/src/SchM_Gpt.c:2189:6:SchM_Exit_Gpt_GPT_EXCLUSIVE_AREA_66	16	static
../RTD/src/SchM_Gpt.c:2203:6:SchM_Enter_Gpt_GPT_EXCLUSIVE_AREA_67	16	static
../RTD/src/SchM_Gpt.c:2225:6:SchM_Exit_Gpt_GPT_EXCLUSIVE_AREA_67	16	static
