../stacks/tcpip/lwip/src/apps/sntp/sntp.c:286:1:sntp_process	24	static
../stacks/tcpip/lwip/src/apps/sntp/sntp.c:336:1:sntp_initialize_request	16	static
../stacks/tcpip/lwip/src/apps/sntp/sntp.c:366:1:sntp_retry	24	static
../stacks/tcpip/lwip/src/apps/sntp/sntp.c:439:1:sntp_recv	40	static
../stacks/tcpip/lwip/src/apps/sntp/sntp.c:543:1:sntp_send_request	24	static
../stacks/tcpip/lwip/src/apps/sntp/sntp.c:608:1:sntp_request	56	static
../stacks/tcpip/lwip/src/apps/sntp/sntp.c:654:1:sntp_init	8	static
../stacks/tcpip/lwip/src/apps/sntp/sntp.c:693:1:sntp_stop	16	static
../stacks/tcpip/lwip/src/apps/sntp/sntp.c:714:6:sntp_enabled	0	static
../stacks/tcpip/lwip/src/apps/sntp/sntp.c:725:1:sntp_setoperatingmode	8	static
../stacks/tcpip/lwip/src/apps/sntp/sntp.c:738:1:sntp_getoperatingmode	0	static
../stacks/tcpip/lwip/src/apps/sntp/sntp.c:751:1:sntp_getreachability	8	static
../stacks/tcpip/lwip/src/apps/sntp/sntp.c:784:1:sntp_setserver	16	static
../stacks/tcpip/lwip/src/apps/sntp/sntp.c:862:1:sntp_getserver	8	static
