../stacks/tcpip/lwip/src/apps/snmp/snmp_mib2_system.c:96:1:snmp_mib2_set_sysdescr	8	static
../stacks/tcpip/lwip/src/apps/snmp/snmp_mib2_system.c:118:1:snmp_mib2_set_syscontact	16	static
../stacks/tcpip/lwip/src/apps/snmp/snmp_mib2_system.c:134:1:snmp_mib2_set_syscontact_readonly	8	static
../stacks/tcpip/lwip/src/apps/snmp/snmp_mib2_system.c:160:1:snmp_mib2_set_sysname	16	static
../stacks/tcpip/lwip/src/apps/snmp/snmp_mib2_system.c:176:1:snmp_mib2_set_sysname_readonly	8	static
../stacks/tcpip/lwip/src/apps/snmp/snmp_mib2_system.c:201:1:snmp_mib2_set_syslocation	16	static
../stacks/tcpip/lwip/src/apps/snmp/snmp_mib2_system.c:217:1:snmp_mib2_set_syslocation_readonly	8	static
../stacks/tcpip/lwip/src/apps/snmp/snmp_mib2_system.c:230:1:system_get_value	32	static
../stacks/tcpip/lwip/src/apps/snmp/snmp_mib2_system.c:281:1:system_set_test	32	static
../stacks/tcpip/lwip/src/apps/snmp/snmp_mib2_system.c:327:1:system_set_value	32	static
