../stacks/tcpip/lwip/src/apps/snmp/snmp_mib2_tcp.c:62:1:tcp_get_value	48	static
../stacks/tcpip/lwip/src/apps/snmp/snmp_mib2_tcp.c:165:1:tcp_ConnTable_get_cell_value_core	16	static
../stacks/tcpip/lwip/src/apps/snmp/snmp_mib2_tcp.c:203:1:tcp_ConnTable_get_cell_value	48	static
../stacks/tcpip/lwip/src/apps/snmp/snmp_mib2_tcp.c:256:1:tcp_ConnTable_get_next_cell_instance_and_value	144	static
../stacks/tcpip/lwip/src/apps/snmp/snmp_mib2_tcp.c:312:1:tcp_ConnectionTable_get_cell_value_core	16	static
../stacks/tcpip/lwip/src/apps/snmp/snmp_mib2_tcp.c:330:1:tcp_ConnectionTable_get_cell_value	96	static
../stacks/tcpip/lwip/src/apps/snmp/snmp_mib2_tcp.c:374:1:tcp_ConnectionTable_get_next_cell_instance_and_value	384	static
../stacks/tcpip/lwip/src/apps/snmp/snmp_mib2_tcp.c:424:1:tcp_ListenerTable_get_cell_value_core	8	static
../stacks/tcpip/lwip/src/apps/snmp/snmp_mib2_tcp.c:439:1:tcp_ListenerTable_get_cell_value	64	static
../stacks/tcpip/lwip/src/apps/snmp/snmp_mib2_tcp.c:470:1:tcp_ListenerTable_get_next_cell_instance_and_value	216	static
